BL51 BANKED LINKER/LOCATER V6.22                                                        12/20/2019  18:51:14  PAGE 1


BL51 BANKED LINKER/LOCATER V6.22, INVOKED BY:
D:\KEIL\C51\BIN\BL51.EXE .\Output\main.obj, .\Output\FontData.obj, .\Output\OLED.obj, .\Output\count.obj, .\Output\dataf
>> lash.obj, .\Output\i2c.obj, .\Output\I2C_Software_Master.obj, .\Output\STARTUP.obj TO .\Output\I2C_EEPROM PRINT (.\LS
>> T\I2C_EEPROM.m51) RAMSIZE (256) DISABLEWARNING (16)


MEMORY MODEL: COMPACT WITH FLOATING POINT ARITHMETIC


INPUT MODULES INCLUDED:
  .\Output\main.obj (MAIN)
  .\Output\FontData.obj (FONTDATA)
  .\Output\OLED.obj (OLED)
  .\Output\count.obj (COUNT)
  .\Output\dataflash.obj (DATAFLASH)
  .\Output\i2c.obj (I2C)
  .\Output\I2C_Software_Master.obj (I2C_SOFTWARE_MASTER)
  .\Output\STARTUP.obj (?C_STARTUP)
  D:\KEIL\C51\LIB\C51FPC.LIB (?C?FPADD)
  D:\KEIL\C51\LIB\C51FPC.LIB (?C?FPMUL)
  D:\KEIL\C51\LIB\C51FPC.LIB (?C?FPDIV)
  D:\KEIL\C51\LIB\C51FPC.LIB (?C?FPCMP)
  D:\KEIL\C51\LIB\C51FPC.LIB (?C?FCAST)
  D:\KEIL\C51\LIB\C51FPC.LIB (PRINTF)
  D:\KEIL\C51\LIB\C51FPC.LIB (?C?FPGETOPN)
  D:\KEIL\C51\LIB\C51FPC.LIB (?C?FPROUND)
  D:\KEIL\C51\LIB\C51FPC.LIB (?C?FPCONVERT)
  D:\KEIL\C51\LIB\C51FPC.LIB (?C?FTNPWR)
  D:\KEIL\C51\LIB\C51C.LIB (?C_INIT)
  D:\KEIL\C51\LIB\C51C.LIB (?C?CLDPTR)
  D:\KEIL\C51\LIB\C51C.LIB (?C?CLDOPTR)
  D:\KEIL\C51\LIB\C51C.LIB (?C?CSTPTR)
  D:\KEIL\C51\LIB\C51C.LIB (?C?CSTOPTR)
  D:\KEIL\C51\LIB\C51C.LIB (?C?SIDIV)
  D:\KEIL\C51\LIB\C51C.LIB (?C?LSUB)
  D:\KEIL\C51\LIB\C51C.LIB (?C?ULDIV)
  D:\KEIL\C51\LIB\C51C.LIB (?C?LNEG)
  D:\KEIL\C51\LIB\C51C.LIB (?C?ULCMP)
  D:\KEIL\C51\LIB\C51C.LIB (?C?ULSHR)
  D:\KEIL\C51\LIB\C51C.LIB (?C?LLDPDATA)
  D:\KEIL\C51\LIB\C51C.LIB (?C?LLDPDATA0)
  D:\KEIL\C51\LIB\C51C.LIB (?C?LSTPDATA)
  D:\KEIL\C51\LIB\C51C.LIB (?C?LSTKPDATA)
  D:\KEIL\C51\LIB\C51C.LIB (?C?PLDPDATA)
  D:\KEIL\C51\LIB\C51C.LIB (?C?PLDIPDATA)
  D:\KEIL\C51\LIB\C51C.LIB (?C?PSTPDATA)
  D:\KEIL\C51\LIB\C51C.LIB (?C?CCASE)
  D:\KEIL\C51\LIB\C51C.LIB (?C?UIDIV)


LINK MAP OF MODULE:  .\Output\I2C_EEPROM (MAIN)


            TYPE    BASE      LENGTH    RELOCATION   SEGMENT NAME
            -----------------------------------------------------

            * * * * * * *   D A T A   M E M O R Y   * * * * * * *
            REG     0000H     0008H     ABSOLUTE     "REG BANK 0"
BL51 BANKED LINKER/LOCATER V6.22                                                      12/20/2019  18:51:14  PAGE 2


            DATA    0008H     0005H     UNIT         _DATA_GROUP_
                    000DH     0013H                  *** GAP ***
            BIT     0020H.0   0001H.1   UNIT         _BIT_GROUP_
            BIT     0021H.1   0000H.3   UNIT         ?BI?COUNT
                    0021H.4   0000H.4                *** GAP ***
            IDATA   0022H     0001H     UNIT         ?STACK

            * * * * * * *  X D A T A   M E M O R Y  * * * * * * *
            XDATA   0000H     0004H     INPAGE       ?PD?_TIMER1_DELAY100US?COUNT
            XDATA   0004H     0002H     INPAGE       ?PD?_DISPLAY_RST_CNT_STAGE_1?COUNT
            XDATA   0006H     0004H     INPAGE       ?PD?MAIN1?COUNT
            XDATA   000AH     002DH     INPAGE       ?PD?COUNT
            XDATA   0037H     0006H     INPAGE       ?PD?_I2C_SOFTWARE_MASTER_READ?I2C_SOFTWARE_MASTER
            XDATA   003DH     002AH     INPAGE       _PDATA_GROUP_
            XDATA   0067H     000AH     UNIT         ?XD?COUNT

            * * * * * * *   C O D E   M E M O R Y   * * * * * * *
            CODE    0000H     0003H     ABSOLUTE     
            CODE    0003H     0003H     ABSOLUTE     
            CODE    0006H     0004H     INBLOCK      ?PR?PININTERRUPT_ISR?COUNT
            CODE    000AH     0001H     INBLOCK      ?PR?EXT_INT0?COUNT
            CODE    000BH     0003H     ABSOLUTE     
            CODE    000EH     0003H     INBLOCK      ?PR?INIT_I2C?I2C_SOFTWARE_MASTER
            CODE    0011H     0001H     INBLOCK      ?PR?EXT_INT1?COUNT
                    0012H     0001H                  *** GAP ***
            CODE    0013H     0003H     ABSOLUTE     
            CODE    0016H     0025H     INBLOCK      ?PR?I2C_START?I2C_SOFTWARE_MASTER
            CODE    003BH     0003H     ABSOLUTE     
            CODE    003EH     0840H     UNIT         ?CO?FONTDATA
            CODE    087EH     07DAH     UNIT         ?C?LIB_CODE
            CODE    1058H     046EH     UNIT         ?PR?PRINTF?PRINTF
            CODE    14C6H     026FH     INBLOCK      ?PR?GET_POWER_VALUE?COUNT
            CODE    1735H     00C5H     INBLOCK      ?PR?KEYSCAN?COUNT
                    17FAH     0006H                  *** GAP ***
            CODE    1800H     022BH     INBLOCK      ?PR?MAIN1?COUNT
            CODE    1A2BH     0205H     INBLOCK      ?PR?_DISPLAY_CNT_STAGE_CNT?COUNT
            CODE    1C30H     01B4H     INBLOCK      ?PR?READ_BANDGAP?COUNT
            CODE    1DE4H     0183H     INBLOCK      ?PR?_DISPLAY_CNT_STAGE_TIBNUM?COUNT
            CODE    1F67H     0094H     INBLOCK      ?PR?SELECT_LANGUAGE?COUNT
                    1FFBH     0005H                  *** GAP ***
            CODE    2000H     017DH     INBLOCK      ?PR?MAIN?COUNT
            CODE    217DH     0163H     INBLOCK      ?PR?_WRITE_DATAFLASH_BYTE?DATAFLASH
            CODE    22E0H     014AH     INBLOCK      ?PR?_DISPLAY_ARA?COUNT
            CODE    242AH     0146H     INBLOCK      ?PR?_DISPLAY_TIB?COUNT
            CODE    2570H     012BH     INBLOCK      ?PR?OLED_INIT?OLED
            CODE    269BH     012BH     INBLOCK      ?PR?_DISPLAY_CNT_STAGE_ARABNUM?COUNT
            CODE    27C6H     0039H     INBLOCK      ?PR?_SAVEDATA?DATAFLASH
                    27FFH     0001H                  *** GAP ***
            CODE    2800H     012BH     INBLOCK      ?PR?_DISPLAY_RST_CNT_STAGE_1?COUNT
            CODE    292BH     00FDH     INBLOCK      ?PR?_GETBATLEVER?COUNT
            CODE    2A28H     00ECH     INBLOCK      ?PR?_DISPLAY_LANGUAGE_ENGLISH?COUNT
            CODE    2B14H     00BEH     INBLOCK      ?PR?CNT_STAGE?COUNT
            CODE    2BD2H     00AEH     INBLOCK      ?PR?_DISPLAY_RST_CNT_STAGE_YES?COUNT
            CODE    2C80H     00ACH     UNIT         ?C_C51STARTUP
            CODE    2D2CH     00A5H     INBLOCK      ?PR?_DRAW_BMP?OLED
            CODE    2DD1H     00A5H     INBLOCK      ?PR?RST_CNT_STAGE?COUNT
            CODE    2E76H     0087H     INBLOCK      ?PR?SELECT_NUMTYPE?COUNT
BL51 BANKED LINKER/LOCATER V6.22                                                      12/20/2019  18:51:14  PAGE 3


            CODE    2EFDH     0085H     INBLOCK      ?PR?SYS_CHARGE_STAGE?COUNT
            CODE    2F82H     007DH     UNIT         ?CO?COUNT
                    2FFFH     0001H                  *** GAP ***
            CODE    3000H     0083H     INBLOCK      ?PR?_DISPLAY_RST_CNT_STAGE_NO?COUNT
            CODE    3083H     006FH     INBLOCK      ?PR?_I2C_SOFTWARE_MASTER_WRITE?I2C_SOFTWARE_MASTER
            CODE    30F2H     006BH     INBLOCK      ?PR?_OLED_CLS_WINDOWS?OLED
            CODE    315DH     0060H     INBLOCK      ?PR?_DISPLAY_BATICONLEVEL_CHARGING?COUNT
            CODE    31BDH     005FH     INBLOCK      ?PR?_DISPLAY_BATICONLEVEL?COUNT
            CODE    321CH     005BH     INBLOCK      ?PR?_INITIALUART1_TIMER3?COUNT
            CODE    3277H     0055H     INBLOCK      ?PR?_I2C_SOFTWARE_MASTER_READ?I2C_SOFTWARE_MASTER
            CODE    32CCH     0054H     INBLOCK      ?PR?_DISPLAY_LANGUAGE_CHINESE?COUNT
            CODE    3320H     004EH     INBLOCK      ?PR?OLED_CLEAR?OLED
            CODE    336EH     0047H     INBLOCK      ?PR?_TIMER1_DELAY100US?COUNT
            CODE    33B5H     0047H     INBLOCK      ?PR?_GETDIV?COUNT
            CODE    33FCH     0038H     INBLOCK      ?PR?TIMER0_ISR?COUNT
            CODE    3434H     0037H     INBLOCK      ?PR?I2C_START_MASTER_READ?I2C_SOFTWARE_MASTER
            CODE    346BH     0035H     INBLOCK      ?PR?P30_INIT?COUNT
            CODE    34A0H     0033H     INBLOCK      ?PR?_OLED_SET_POS?OLED
            CODE    34D3H     0031H     INBLOCK      ?PR?_GETREMAINDER?COUNT
            CODE    3504H     0030H     INBLOCK      ?PR?I2C_RECEIVEBYTE?I2C_SOFTWARE_MASTER
            CODE    3534H     002BH     INBLOCK      ?PR?_GETDATA?DATAFLASH
            CODE    355FH     002BH     INBLOCK      ?PR?I2C_WAITACK?I2C_SOFTWARE_MASTER
            CODE    358AH     0029H     INBLOCK      ?PR?KEYINIT?COUNT
            CODE    35B3H     0028H     INBLOCK      ?PR?EXTI1_INIT?COUNT
            CODE    35DBH     0026H     INBLOCK      ?PR?_I2C_SENDBYTE?I2C_SOFTWARE_MASTER
            CODE    3601H     0024H     INBLOCK      ?PR?SYSLOOP?COUNT
            CODE    3625H     0021H     INBLOCK      ?PR?DISPLAY_BATICON?COUNT
            CODE    3646H     0021H     INBLOCK      ?PR?_I2C_SOFTWARE_MASTER_WRITE_ONE_BYTE?I2C_SOFTWARE_MASTER
            CODE    3667H     001EH     INBLOCK      ?PR?OLED_DISPLAY_ON?OLED
            CODE    3685H     001EH     INBLOCK      ?PR?OLED_DISPLAY_OFF?OLED
            CODE    36A3H     001DH     INBLOCK      ?PR?I2C_SOFTWARE_MASTER_INIT?I2C_SOFTWARE_MASTER
            CODE    36C0H     001AH     UNIT         ?C_INITSEG
            CODE    36DAH     0019H     INBLOCK      ?PR?TIMER0_INIT?COUNT
            CODE    36F3H     0014H     INBLOCK      ?PR?ENTER_DPD?COUNT
            CODE    3707H     000FH     INBLOCK      ?PR?I2C_NOACK?I2C_SOFTWARE_MASTER
            CODE    3716H     000DH     INBLOCK      ?PR?I2C_DELAY?I2C_SOFTWARE_MASTER
            CODE    3723H     000AH     INBLOCK      ?PR?SDA_READ?I2C_SOFTWARE_MASTER
            CODE    372DH     0008H     INBLOCK      ?PR?RECEIVE_DATA_FROM_UART1?COUNT
            CODE    3735H     0008H     INBLOCK      ?PR?_SEND_DATA_TO_UART1?COUNT
            CODE    373DH     0008H     INBLOCK      ?PR?_PUTCHAR?COUNT
            CODE    3745H     0008H     INBLOCK      ?PR?_READ_APROM_BYTE?DATAFLASH
            CODE    374DH     0008H     INBLOCK      ?PR?I2C_SOFTWARE_MASTER_REINIT?I2C_SOFTWARE_MASTER
            CODE    3755H     0008H     INBLOCK      ?PR?I2C_STOP?I2C_SOFTWARE_MASTER
            CODE    375DH     0008H     INBLOCK      ?PR?I2C_ACK?I2C_SOFTWARE_MASTER
            CODE    3765H     0007H     INBLOCK      ?PR?ACK_READ_INIT?I2C_SOFTWARE_MASTER
            CODE    376CH     0007H     INBLOCK      ?PR?ACK_READ_DEINIT?I2C_SOFTWARE_MASTER
            CODE    3773H     0007H     INBLOCK      ?PR?SCL_READ?I2C_SOFTWARE_MASTER



OVERLAY MAP OF MODULE:   .\Output\I2C_EEPROM (MAIN)


SEGMENT                                             BIT_GROUP          DATA_GROUP          PDATA_GROUP
  +--> CALLED SEGMENT                            START    LENGTH     START    LENGTH     START    LENGTH
--------------------------------------------------------------------------------------------------------
?C_C51STARTUP                                    -----    -----      -----    -----      -----    -----
BL51 BANKED LINKER/LOCATER V6.22                                                      12/20/2019  18:51:14  PAGE 4


  +--> ?PR?MAIN?COUNT
  +--> ?C_INITSEG

?PR?MAIN?COUNT                                   -----    -----      -----    -----      -----    -----
  +--> ?PR?TIMER0_INIT?COUNT
  +--> ?PR?OLED_INIT?OLED
  +--> ?PR?OLED_CLEAR?OLED
  +--> ?PR?KEYINIT?COUNT
  +--> ?PR?_GETDATA?DATAFLASH
  +--> ?PR?_INITIALUART1_TIMER3?COUNT
  +--> ?PR?READ_BANDGAP?COUNT
  +--> ?PR?GET_POWER_VALUE?COUNT
  +--> ?CO?COUNT
  +--> ?PR?PRINTF?PRINTF
  +--> ?PR?KEYSCAN?COUNT
  +--> ?PR?_OLED_SET_POS?OLED
  +--> ?CO?FONTDATA
  +--> ?PR?_DRAW_BMP?OLED
  +--> ?PR?_OLED_CLS_WINDOWS?OLED
  +--> ?PR?SYSLOOP?COUNT
  +--> ?PR?OLED_DISPLAY_OFF?OLED
  +--> ?PR?_SAVEDATA?DATAFLASH
  +--> ?PR?ENTER_DPD?COUNT

?PR?OLED_INIT?OLED                               -----    -----      -----    -----      -----    -----
  +--> ?PR?INIT_I2C?I2C_SOFTWARE_MASTER
  +--> ?PR?_I2C_SOFTWARE_MASTER_WRITE_ONE_BY...

?PR?INIT_I2C?I2C_SOFTWARE_MASTER                 -----    -----      -----    -----      -----    -----
  +--> ?PR?I2C_SOFTWARE_MASTER_INIT?I2C_SOFT...

?PR?_I2C_SOFTWARE_MASTER_WRITE_ONE_BY...         -----    -----      -----    -----      005CH    0002H
  +--> ?PR?_I2C_SOFTWARE_MASTER_WRITE?I2C_SO...
  +--> ?PR?I2C_STOP?I2C_SOFTWARE_MASTER

?PR?_I2C_SOFTWARE_MASTER_WRITE?I2C_SO...         -----    -----      -----    -----      005EH    0009H
  +--> ?PR?I2C_START?I2C_SOFTWARE_MASTER
  +--> ?PR?I2C_SOFTWARE_MASTER_REINIT?I2C_SO...
  +--> ?PR?I2C_DELAY?I2C_SOFTWARE_MASTER
  +--> ?PR?I2C_WAITACK?I2C_SOFTWARE_MASTER

?PR?I2C_START?I2C_SOFTWARE_MASTER                -----    -----      -----    -----      -----    -----
  +--> ?PR?SDA_READ?I2C_SOFTWARE_MASTER
  +--> ?PR?I2C_DELAY?I2C_SOFTWARE_MASTER

?PR?SDA_READ?I2C_SOFTWARE_MASTER                 -----    -----      -----    -----      -----    -----
  +--> ?PR?I2C_DELAY?I2C_SOFTWARE_MASTER

?PR?I2C_SOFTWARE_MASTER_REINIT?I2C_SO...         -----    -----      -----    -----      -----    -----
  +--> ?PR?I2C_SOFTWARE_MASTER_INIT?I2C_SOFT...

?PR?I2C_WAITACK?I2C_SOFTWARE_MASTER              -----    -----      -----    -----      -----    -----
  +--> ?PR?_I2C_SENDBYTE?I2C_SOFTWARE_MASTER
  +--> ?PR?ACK_READ_INIT?I2C_SOFTWARE_MASTER
  +--> ?PR?I2C_DELAY?I2C_SOFTWARE_MASTER
  +--> ?PR?SDA_READ?I2C_SOFTWARE_MASTER
  +--> ?PR?ACK_READ_DEINIT?I2C_SOFTWARE_MASTER
BL51 BANKED LINKER/LOCATER V6.22                                                      12/20/2019  18:51:14  PAGE 5



?PR?_I2C_SENDBYTE?I2C_SOFTWARE_MASTER            -----    -----      -----    -----      -----    -----
  +--> ?PR?I2C_DELAY?I2C_SOFTWARE_MASTER

?PR?I2C_STOP?I2C_SOFTWARE_MASTER                 -----    -----      -----    -----      -----    -----
  +--> ?PR?I2C_DELAY?I2C_SOFTWARE_MASTER

?PR?OLED_CLEAR?OLED                              -----    -----      -----    -----      003DH    0002H
  +--> ?PR?_I2C_SOFTWARE_MASTER_WRITE_ONE_BY...

?PR?_GETDATA?DATAFLASH                           -----    -----      -----    -----      003DH    0003H
  +--> ?PR?_READ_APROM_BYTE?DATAFLASH

?PR?_INITIALUART1_TIMER3?COUNT                   -----    -----      -----    -----      003DH    0004H

?PR?READ_BANDGAP?COUNT                           -----    -----      -----    -----      003DH    000BH

?PR?GET_POWER_VALUE?COUNT                        -----    -----      -----    -----      003DH    0004H
  +--> ?CO?COUNT
  +--> ?PR?PRINTF?PRINTF

?PR?PRINTF?PRINTF                                0020H.0  0001H.1    0008H    0005H      0041H    0017H
  +--> ?PR?_PUTCHAR?COUNT

?PR?KEYSCAN?COUNT                                -----    -----      -----    -----      -----    -----
  +--> ?PR?_OLED_CLS_WINDOWS?OLED

?PR?_OLED_CLS_WINDOWS?OLED                       -----    -----      -----    -----      0049H    0008H
  +--> ?PR?_OLED_SET_POS?OLED
  +--> ?PR?_I2C_SOFTWARE_MASTER_WRITE_ONE_BY...

?PR?_OLED_SET_POS?OLED                           -----    -----      -----    -----      005BH    0001H
  +--> ?PR?_I2C_SOFTWARE_MASTER_WRITE_ONE_BY...

?PR?_DRAW_BMP?OLED                               -----    -----      -----    -----      004FH    000CH
  +--> ?PR?_OLED_SET_POS?OLED
  +--> ?PR?_I2C_SOFTWARE_MASTER_WRITE_ONE_BY...

?PR?SYSLOOP?COUNT                                -----    -----      -----    -----      -----    -----
  +--> ?PR?SELECT_LANGUAGE?COUNT
  +--> ?PR?SELECT_NUMTYPE?COUNT
  +--> ?PR?CNT_STAGE?COUNT
  +--> ?PR?RST_CNT_STAGE?COUNT
  +--> ?PR?SYS_CHARGE_STAGE?COUNT

?PR?SELECT_LANGUAGE?COUNT                        -----    -----      -----    -----      -----    -----
  +--> ?PR?_OLED_CLS_WINDOWS?OLED
  +--> ?PR?_DISPLAY_LANGUAGE_CHINESE?COUNT
  +--> ?PR?_DISPLAY_LANGUAGE_ENGLISH?COUNT

?PR?_DISPLAY_LANGUAGE_CHINESE?COUNT              -----    -----      -----    -----      003DH    0001H
  +--> ?CO?FONTDATA
  +--> ?PR?_DRAW_BMP?OLED
  +--> ?PR?_OLED_CLS_WINDOWS?OLED

?PR?_DISPLAY_LANGUAGE_ENGLISH?COUNT              -----    -----      -----    -----      003DH    0001H
  +--> ?CO?FONTDATA
BL51 BANKED LINKER/LOCATER V6.22                                                      12/20/2019  18:51:14  PAGE 6


  +--> ?PR?_DRAW_BMP?OLED
  +--> ?PR?_OLED_CLS_WINDOWS?OLED

?PR?SELECT_NUMTYPE?COUNT                         -----    -----      -----    -----      -----    -----
  +--> ?PR?_DISPLAY_CNT_STAGE_ARABNUM?COUNT
  +--> ?PR?_DISPLAY_CNT_STAGE_TIBNUM?COUNT

?PR?_DISPLAY_CNT_STAGE_ARABNUM?COUNT             -----    -----      -----    -----      003DH    0002H
  +--> ?CO?FONTDATA
  +--> ?PR?_DRAW_BMP?OLED
  +--> ?PR?_OLED_CLS_WINDOWS?OLED

?PR?_DISPLAY_CNT_STAGE_TIBNUM?COUNT              -----    -----      -----    -----      003DH    0002H
  +--> ?CO?FONTDATA
  +--> ?PR?_DRAW_BMP?OLED
  +--> ?PR?_OLED_CLS_WINDOWS?OLED

?PR?CNT_STAGE?COUNT                              -----    -----      -----    -----      -----    -----
  +--> ?PR?_DISPLAY_CNT_STAGE_CNT?COUNT
  +--> ?PR?_GETBATLEVER?COUNT
  +--> ?PR?_DISPLAY_BATICONLEVEL?COUNT
  +--> ?PR?DISPLAY_BATICON?COUNT
  +--> ?PR?_OLED_CLS_WINDOWS?OLED

?PR?_DISPLAY_CNT_STAGE_CNT?COUNT                 -----    -----      -----    -----      003DH    000CH
  +--> ?PR?_OLED_CLS_WINDOWS?OLED
  +--> ?PR?_GETDIV?COUNT
  +--> ?PR?_GETREMAINDER?COUNT
  +--> ?PR?_DISPLAY_ARA?COUNT
  +--> ?PR?_DISPLAY_TIB?COUNT

?PR?_GETDIV?COUNT                                -----    -----      -----    -----      0049H    000AH

?PR?_GETREMAINDER?COUNT                          -----    -----      -----    -----      0049H    0008H

?PR?_DISPLAY_ARA?COUNT                           -----    -----      -----    -----      0049H    0006H
  +--> ?CO?FONTDATA
  +--> ?PR?_DRAW_BMP?OLED

?PR?_DISPLAY_TIB?COUNT                           -----    -----      -----    -----      0049H    0006H
  +--> ?CO?FONTDATA
  +--> ?PR?_DRAW_BMP?OLED

?PR?_GETBATLEVER?COUNT                           -----    -----      -----    -----      003EH    0002H

?PR?_DISPLAY_BATICONLEVEL?COUNT                  -----    -----      -----    -----      003EH    0003H
  +--> ?CO?FONTDATA
  +--> ?CO?COUNT
  +--> ?PR?PRINTF?PRINTF
  +--> ?PR?_DRAW_BMP?OLED

?PR?DISPLAY_BATICON?COUNT                        -----    -----      -----    -----      003DH    0001H
  +--> ?PR?_GETBATLEVER?COUNT
  +--> ?PR?_DISPLAY_BATICONLEVEL?COUNT

?PR?RST_CNT_STAGE?COUNT                          -----    -----      -----    -----      -----    -----
  +--> ?PR?_DISPLAY_RST_CNT_STAGE_YES?COUNT
BL51 BANKED LINKER/LOCATER V6.22                                                      12/20/2019  18:51:14  PAGE 7


  +--> ?PR?_DISPLAY_RST_CNT_STAGE_NO?COUNT

?PR?_DISPLAY_RST_CNT_STAGE_YES?COUNT             -----    -----      -----    -----      003DH    0002H
  +--> ?CO?FONTDATA
  +--> ?PR?_DRAW_BMP?OLED
  +--> ?PR?_OLED_CLS_WINDOWS?OLED

?PR?_DISPLAY_RST_CNT_STAGE_NO?COUNT              -----    -----      -----    -----      003DH    0002H
  +--> ?CO?FONTDATA
  +--> ?PR?_DRAW_BMP?OLED
  +--> ?PR?_OLED_CLS_WINDOWS?OLED

?PR?SYS_CHARGE_STAGE?COUNT                       -----    -----      -----    -----      003DH    0001H
  +--> ?PR?_OLED_CLS_WINDOWS?OLED
  +--> ?PR?_GETBATLEVER?COUNT
  +--> ?PR?_DISPLAY_BATICONLEVEL_CHARGING?COUNT

?PR?_DISPLAY_BATICONLEVEL_CHARGING?COUNT         -----    -----      -----    -----      003EH    0003H
  +--> ?CO?FONTDATA
  +--> ?CO?COUNT
  +--> ?PR?PRINTF?PRINTF
  +--> ?PR?_DRAW_BMP?OLED

?PR?OLED_DISPLAY_OFF?OLED                        -----    -----      -----    -----      -----    -----
  +--> ?PR?_I2C_SOFTWARE_MASTER_WRITE_ONE_BY...

?PR?_SAVEDATA?DATAFLASH                          -----    -----      -----    -----      003DH    0005H
  +--> ?PR?_WRITE_DATAFLASH_BYTE?DATAFLASH

?PR?_WRITE_DATAFLASH_BYTE?DATAFLASH              -----    -----      -----    -----      0042H    0006H

?PR?ENTER_DPD?COUNT                              -----    -----      -----    -----      -----    -----
  +--> ?PR?P30_INIT?COUNT
  +--> ?PR?EXTI1_INIT?COUNT



SYMBOL TABLE OF MODULE:  .\Output\I2C_EEPROM (MAIN)

  VALUE           TYPE          NAME
  ----------------------------------

  -------         MODULE        MAIN
  C:0000H         SYMBOL        _ICE_DUMMY_
  D:0080H         PUBLIC        P0
  D:0090H         PUBLIC        P1
  D:00A0H         PUBLIC        P2
  D:00B0H         PUBLIC        P3
  D:00D8H         PUBLIC        PWMCON0
  D:00A8H         PUBLIC        IE
  D:00B8H         PUBLIC        IP
  D:0098H         PUBLIC        SCON
  D:0088H         PUBLIC        TCON
  D:00F8H         PUBLIC        SCON_1
  D:00E8H         PUBLIC        ADCCON0
  D:00C0H         PUBLIC        I2CON
  D:00C8H         PUBLIC        T2CON
BL51 BANKED LINKER/LOCATER V6.22                                                      12/20/2019  18:51:14  PAGE 8


  D:00D0H         PUBLIC        PSW
  -------         ENDMOD        MAIN

  -------         MODULE        FONTDATA
  C:0000H         SYMBOL        _ICE_DUMMY_
  C:011EH         PUBLIC        font_CHN_LING
  C:00DEH         PUBLIC        font_CHN_ZANG
  C:071EH         PUBLIC        chargeicon_0
  C:075EH         PUBLIC        chargeicon_1
  C:079EH         PUBLIC        chargeicon_2
  C:07DEH         PUBLIC        chargeicon_3
  C:003EH         PUBLIC        font_CHN_SAN
  C:017EH         PUBLIC        font_CHN_SHI
  C:00FEH         PUBLIC        font_CHN_GUI
  C:019EH         PUBLIC        font_CHN_FOU
  C:007EH         PUBLIC        font_CHN_WEN
  C:015EH         PUBLIC        font_CHN_ZHI
  C:013EH         PUBLIC        font_CHN_CHONG
  C:009EH         PUBLIC        font_CHN_SHU
  C:039EH         PUBLIC        font_A
  C:03AEH         PUBLIC        font_B
  C:03BEH         PUBLIC        font_C
  C:005EH         PUBLIC        font_CHN_ZHONG
  C:03CEH         PUBLIC        font_D
  C:03DEH         PUBLIC        font_E
  C:03EEH         PUBLIC        font_F
  C:03FEH         PUBLIC        font_G
  C:040EH         PUBLIC        font_H
  C:041EH         PUBLIC        font_I
  C:042EH         PUBLIC        font_J
  C:043EH         PUBLIC        font_K
  C:044EH         PUBLIC        font_L
  C:045EH         PUBLIC        font_M
  C:046EH         PUBLIC        font_N
  C:047EH         PUBLIC        font_O
  C:048EH         PUBLIC        font_P
  C:01BEH         PUBLIC        font0
  C:049EH         PUBLIC        font_Q
  C:01EEH         PUBLIC        font1
  C:04AEH         PUBLIC        font_R
  C:021EH         PUBLIC        font2
  C:04BEH         PUBLIC        font_S
  C:024EH         PUBLIC        font3
  C:04CEH         PUBLIC        font_T
  C:027EH         PUBLIC        font4
  C:04DEH         PUBLIC        font_U
  C:02AEH         PUBLIC        font5
  C:053EH         PUBLIC        TIB_0
  C:04EEH         PUBLIC        font_V
  C:02DEH         PUBLIC        font6
  C:056EH         PUBLIC        TIB_1
  C:04FEH         PUBLIC        font_W
  C:030EH         PUBLIC        font7
  C:059EH         PUBLIC        TIB_2
  C:050EH         PUBLIC        font_X
  C:033EH         PUBLIC        font8
  C:05CEH         PUBLIC        TIB_3
BL51 BANKED LINKER/LOCATER V6.22                                                      12/20/2019  18:51:14  PAGE 9


  C:051EH         PUBLIC        font_Y
  C:036EH         PUBLIC        font9
  C:05FEH         PUBLIC        TIB_4
  C:052EH         PUBLIC        font_Z
  C:081EH         PUBLIC        baticon_0
  C:062EH         PUBLIC        TIB_5
  C:0836H         PUBLIC        baticon_1
  C:065EH         PUBLIC        TIB_6
  C:084EH         PUBLIC        baticon_2
  C:068EH         PUBLIC        TIB_7
  C:0866H         PUBLIC        baticon_3
  C:06BEH         PUBLIC        TIB_8
  C:00BEH         PUBLIC        font_CHN_ZI
  C:06EEH         PUBLIC        TIB_9
  -------         ENDMOD        FONTDATA

  -------         MODULE        OLED
  C:0000H         SYMBOL        _ICE_DUMMY_
  C:3667H         PUBLIC        OLED_Display_On
  D:00B3H         PUBLIC        P1M1
  D:0080H         PUBLIC        P0
  D:00B4H         PUBLIC        P1M2
  D:0090H         PUBLIC        P1
  D:00A0H         PUBLIC        P2
  D:00B0H         PUBLIC        P3
  D:00D8H         PUBLIC        PWMCON0
  D:00A8H         PUBLIC        IE
  D:00B8H         PUBLIC        IP
  C:2570H         PUBLIC        OLED_Init
  D:0098H         PUBLIC        SCON
  B:0090H.4       PUBLIC        P14
  D:0088H         PUBLIC        TCON
  C:30F2H         PUBLIC        _OLED_CLS_Windows
  D:00F8H         PUBLIC        SCON_1
  C:34A0H         PUBLIC        _OLED_Set_Pos
  C:2D2CH         PUBLIC        _Draw_BMP
  D:00E8H         PUBLIC        ADCCON0
  D:00C0H         PUBLIC        I2CON
  C:3685H         PUBLIC        OLED_Display_Off
  D:00C8H         PUBLIC        T2CON
  C:3320H         PUBLIC        OLED_Clear
  D:00D0H         PUBLIC        PSW
  -------         PROC          OLED_INIT
  C:2570H         LINE#         141
  C:2570H         LINE#         142
  C:2570H         LINE#         143
  C:2576H         LINE#         144
  C:2578H         LINE#         145
  C:257EH         LINE#         146
  C:258AH         LINE#         147
  C:258CH         LINE#         150
  C:258FH         LINE#         151
  C:2595H         LINE#         152
  C:25A1H         LINE#         154
  C:25ABH         LINE#         155
  C:25B4H         LINE#         156
  C:25BEH         LINE#         157
BL51 BANKED LINKER/LOCATER V6.22                                                      12/20/2019  18:51:14  PAGE 10


  C:25C7H         LINE#         158
  C:25D1H         LINE#         159
  C:25DBH         LINE#         160
  C:25E5H         LINE#         161
  C:25EFH         LINE#         162
  C:25F9H         LINE#         163
  C:2603H         LINE#         164
  C:260DH         LINE#         165
  C:2617H         LINE#         166
  C:2621H         LINE#         167
  C:262AH         LINE#         168
  C:2634H         LINE#         169
  C:263EH         LINE#         170
  C:2648H         LINE#         171
  C:2652H         LINE#         172
  C:265CH         LINE#         173
  C:2666H         LINE#         174
  C:2670H         LINE#         175
  C:267AH         LINE#         176
  C:2684H         LINE#         177
  C:268EH         LINE#         178
  C:2698H         LINE#         179
  C:269AH         LINE#         180
  -------         ENDPROC       OLED_INIT
  -------         PROC          _OLED_SET_POS
  D:0007H         SYMBOL        x
  D:0005H         SYMBOL        y
  -------         DO            
  X:005BH         SYMBOL        x0
  -------         ENDDO         
  C:34A0H         LINE#         183
  C:34A0H         LINE#         184
  C:34A0H         LINE#         186
  C:34A6H         LINE#         187
  C:34B2H         LINE#         188
  C:34C5H         LINE#         189
  -------         ENDPROC       _OLED_SET_POS
  -------         PROC          OLED_DISPLAY_ON
  C:3667H         LINE#         192
  C:3667H         LINE#         193
  C:3667H         LINE#         194
  C:3671H         LINE#         195
  C:367BH         LINE#         196
  -------         ENDPROC       OLED_DISPLAY_ON
  -------         PROC          OLED_DISPLAY_OFF
  C:3685H         LINE#         199
  C:3685H         LINE#         200
  C:3685H         LINE#         201
  C:368FH         LINE#         202
  C:3699H         LINE#         203
  -------         ENDPROC       OLED_DISPLAY_OFF
  -------         PROC          OLED_CLEAR
  -------         DO            
  X:003DH         SYMBOL        i
  X:003EH         SYMBOL        n
  -------         ENDDO         
  C:3320H         LINE#         205
BL51 BANKED LINKER/LOCATER V6.22                                                      12/20/2019  18:51:14  PAGE 11


  C:3320H         LINE#         206
  C:3320H         LINE#         208
  C:332DH         LINE#         209
  C:332DH         LINE#         210
  C:3339H         LINE#         211
  C:3342H         LINE#         212
  C:334CH         LINE#         213
  C:3351H         LINE#         214
  C:3366H         LINE#         215
  C:336DH         LINE#         216
  -------         ENDPROC       OLED_CLEAR
  -------         PROC          _OLED_CLS_WINDOWS
  X:0049H         SYMBOL        x0
  D:0005H         SYMBOL        y0
  X:004BH         SYMBOL        x1
  X:004CH         SYMBOL        y1
  -------         DO            
  X:004DH         SYMBOL        j
  X:004FH         SYMBOL        x
  X:0050H         SYMBOL        y
  -------         ENDDO         
  C:30F2H         LINE#         219
  C:30FAH         LINE#         220
  C:30FAH         LINE#         221
  C:3100H         LINE#         224
  C:3108H         LINE#         225
  C:3110H         LINE#         227
  C:311CH         LINE#         228
  C:312CH         LINE#         229
  C:312CH         LINE#         230
  C:3133H         LINE#         231
  C:3144H         LINE#         232
  C:3144H         LINE#         233
  C:314EH         LINE#         234
  C:3155H         LINE#         235
  C:315CH         LINE#         236
  -------         ENDPROC       _OLED_CLS_WINDOWS
  -------         PROC          _DRAW_BMP
  X:004FH         SYMBOL        x0
  D:0005H         SYMBOL        y0
  X:0051H         SYMBOL        x1
  X:0052H         SYMBOL        y1
  X:0053H         SYMBOL        BMP
  X:0056H         SYMBOL        inverse
  -------         DO            
  X:0057H         SYMBOL        j
  X:0059H         SYMBOL        x
  X:005AH         SYMBOL        y
  -------         ENDDO         
  C:2D2CH         LINE#         239
  C:2D34H         LINE#         240
  C:2D34H         LINE#         241
  C:2D3AH         LINE#         244
  C:2D42H         LINE#         245
  C:2D4AH         LINE#         247
  C:2D56H         LINE#         248
  C:2D66H         LINE#         249
BL51 BANKED LINKER/LOCATER V6.22                                                      12/20/2019  18:51:14  PAGE 12


  C:2D66H         LINE#         250
  C:2D6DH         LINE#         251
  C:2D7EH         LINE#         252
  C:2D7EH         LINE#         253
  C:2D85H         LINE#         254
  C:2DA0H         LINE#         256
  C:2DC2H         LINE#         257
  C:2DC9H         LINE#         258
  C:2DD0H         LINE#         259
  -------         ENDPROC       _DRAW_BMP
  -------         ENDMOD        OLED

  -------         MODULE        COUNT
  C:0000H         SYMBOL        _ICE_DUMMY_
  D:00F6H         PUBLIC        AINDIDS
  D:00B1H         PUBLIC        P0M1
  X:000AH         PUBLIC        BAT_Power_Voltage
  C:34D8H         PUBLIC        _getremainder
  D:00B3H         PUBLIC        P1M1
  D:00B2H         PUBLIC        P0M2
  D:0080H         PUBLIC        P0
  D:00B4H         PUBLIC        P1M2
  D:0090H         PUBLIC        P1
  D:00ACH         PUBLIC        P3M1
  D:00A0H         PUBLIC        P2
  D:00B0H         PUBLIC        P3
  D:00ADH         PUBLIC        P3M2
  C:336EH         PUBLIC        _Timer1_Delay100us
  C:33FCH         PUBLIC        Timer0_ISR
  C:35B3H         PUBLIC        exti1_init
  C:315DH         PUBLIC        _display_baticonlevel_charging
  B:00A8H.7       PUBLIC        EA
  C:33BAH         PUBLIC        _getdiv
  D:00D8H         PUBLIC        PWMCON0
  B:0021H.1       PUBLIC        is_enter_charging
  C:2BD2H         PUBLIC        _display_rst_cnt_stage_yes
  C:1DE4H         PUBLIC        _display_cnt_stage_tibnum
  D:00A8H         PUBLIC        IE
  B:00E8H.7       PUBLIC        ADCF
  X:000EH         PUBLIC        keytype
  X:000FH         PUBLIC        sysinfo
  C:3000H         PUBLIC        _display_rst_cnt_stage_no
  D:00C7H         PUBLIC        TA
  X:0019H         PUBLIC        VDD_Voltage
  C:2DD1H         PUBLIC        Rst_Cnt_Stage
  D:00B8H         PUBLIC        IP
  C:2E76H         PUBLIC        Select_NumType
  B:00E8H.6       PUBLIC        ADCS
  C:292BH         PUBLIC        _getbatlever
  C:2000H         PUBLIC        main
  X:001DH         PUBLIC        bat_change_cnt
  C:36DAH         PUBLIC        Timer0_Init
  B:00F8H.0       PUBLIC        RI_1
  X:0067H         PUBLIC        ADCdataH
  B:00F8H.1       PUBLIC        TI_1
  C:22FBH         PUBLIC        _display_ARA
  X:001EH         PUBLIC        is_5ms_Flag
BL51 BANKED LINKER/LOCATER V6.22                                                      12/20/2019  18:51:14  PAGE 13


  D:0087H         PUBLIC        PCON
  X:006CH         PUBLIC        ADCdataL
  C:1735H         PUBLIC        KeyScan
  B:0021H.2       PUBLIC        BIT_TMP
  B:00B0H.0       PUBLIC        P30
  X:001FH         PUBLIC        get_battery_time
  D:0098H         PUBLIC        SCON
  B:0090H.4       PUBLIC        P14
  D:0089H         PUBLIC        TMOD
  D:0088H         PUBLIC        TCON
  B:0090H.7       PUBLIC        P17
  X:0020H         PUBLIC        las_stage
  C:36F3H         PUBLIC        Enter_DPD
  C:2441H         PUBLIC        _display_TIB
  D:009FH         PUBLIC        CHPCON
  B:0021H.3       PUBLIC        isdisplaybaticon
  D:0091H         PUBLIC        SFRS
  C:3625H         PUBLIC        display_baticon
  C:1A2BH         PUBLIC        _display_cnt_stage_cnt
  C:358AH         PUBLIC        KeyInit
  X:0021H         PUBLIC        islongpress
  D:009AH         PUBLIC        SBUF_1
  X:0022H         PUBLIC        ischangebatlevel_cnt
  X:0023H         PUBLIC        blinktime
  D:00F8H         PUBLIC        SCON_1
  C:2EFDH         PUBLIC        Sys_Charge_Stage
  C:32CCH         PUBLIC        _display_Language_chinese
  B:00A8H.1       PUBLIC        ET0
  D:00A4H         PUBLIC        IAPTRG
  C:346BH         PUBLIC        P30_init
  X:0024H         PUBLIC        debounce
  B:0088H.7       PUBLIC        TF1
  C:0006H         PUBLIC        PinInterrupt_ISR
  D:008CH         PUBLIC        TH0
  B:00A8H.0       PUBLIC        EX0
  D:00C6H         PUBLIC        RH3
  D:008DH         PUBLIC        TH1
  B:00A8H.2       PUBLIC        EX1
  D:008AH         PUBLIC        TL0
  X:0025H         PUBLIC        ADCavgH
  D:00C5H         PUBLIC        RL3
  D:008BH         PUBLIC        TL1
  D:009BH         PUBLIC        EIE
  C:2A28H         PUBLIC        _display_Language_english
  X:0026H         PUBLIC        batlevel
  D:00B3H         PUBLIC        P1S
  X:0027H         PUBLIC        ADCavgL
  C:321CH         PUBLIC        _InitialUART1_Timer3
  B:0088H.4       PUBLIC        TR0
  D:00ACH         PUBLIC        P3S
  B:0088H.6       PUBLIC        TR1
  C:1800H         PUBLIC        main1
  D:00E8H         PUBLIC        ADCCON0
  X:0028H         PUBLIC        power_debounce
  D:00E1H         PUBLIC        ADCCON1
  C:31BDH         PUBLIC        _display_baticonlevel
  C:3735H         PUBLIC        _Send_Data_To_UART1
BL51 BANKED LINKER/LOCATER V6.22                                                      12/20/2019  18:51:14  PAGE 14


  D:00C0H         PUBLIC        I2CON
  C:3601H         PUBLIC        SysLoop
  X:0029H         PUBLIC        bat_charging_level
  D:00ECH         PUBLIC        PIF
  D:00C3H         PUBLIC        ADCRH
  D:00A7H         PUBLIC        IAPAH
  C:269BH         PUBLIC        _display_cnt_stage_arabnum
  D:00AEH         PUBLIC        IAPFD
  C:2800H         PUBLIC        _display_rst_cnt_stage_1
  D:00C8H         PUBLIC        T2CON
  D:00C2H         PUBLIC        ADCRL
  X:002AH         PUBLIC        ADCsumH
  X:002CH         PUBLIC        Bandgap_Voltage
  D:00C4H         PUBLIC        T3CON
  D:00A6H         PUBLIC        IAPAL
  C:372DH         PUBLIC        Receive_Data_From_UART1
  X:0030H         PUBLIC        ADCsumL
  D:00AFH         PUBLIC        IAPCN
  C:1C30H         PUBLIC        READ_BANDGAP
  C:1F67H         PUBLIC        Select_Language
  C:000AH         PUBLIC        EXT_INT0
  C:0011H         PUBLIC        EXT_INT1
  D:008EH         PUBLIC        CKCON
  C:14C6H         PUBLIC        Get_Power_Value
  D:0095H         PUBLIC        CKDIV
  X:0032H         PUBLIC        preKey
  X:0033H         PUBLIC        curKey
  X:0034H         PUBLIC        powercnt
  D:00E9H         PUBLIC        PICON
  D:00D0H         PUBLIC        PSW
  X:0036H         PUBLIC        stage_loopcnt
  C:373DH         PUBLIC        _putchar
  D:00EAH         PUBLIC        PINEN
  C:2B14H         PUBLIC        Cnt_Stage
  D:00EBH         PUBLIC        PIPEN
  -------         PROC          TIMER0_ISR
  C:33FCH         LINE#         50
  C:3405H         LINE#         52
  C:3408H         LINE#         53
  C:340BH         LINE#         54
  C:3410H         LINE#         55
  C:3415H         LINE#         56
  C:341BH         LINE#         57
  C:341DH         LINE#         58
  C:3428H         LINE#         59
  C:342DH         LINE#         60
  -------         ENDPROC       TIMER0_ISR
  -------         PROC          TIMER0_INIT
  C:36DAH         LINE#         62
  C:36DAH         LINE#         63
  C:36DAH         LINE#         64
  C:36DDH         LINE#         65
  C:36E3H         LINE#         67
  C:36E6H         LINE#         69
  C:36E9H         LINE#         70
  C:36ECH         LINE#         72
  C:36EEH         LINE#         73
BL51 BANKED LINKER/LOCATER V6.22                                                      12/20/2019  18:51:14  PAGE 15


  C:36F0H         LINE#         75
  C:36F2H         LINE#         76
  -------         ENDPROC       TIMER0_INIT
  -------         PROC          _INITIALUART1_TIMER3
  X:003DH         SYMBOL        u32Baudrate
  C:321CH         LINE#         91
  C:3221H         LINE#         92
  C:3221H         LINE#         93
  C:3227H         LINE#         94
  C:322DH         LINE#         96
  C:3230H         LINE#         97
  C:3233H         LINE#         98
  C:3236H         LINE#         101
  C:325CH         LINE#         102
  C:3273H         LINE#         108
  C:3276H         LINE#         109
  -------         ENDPROC       _INITIALUART1_TIMER3
  -------         PROC          RECEIVE_DATA_FROM_UART1
  -------         DO            
  D:0007H         SYMBOL        c
  -------         ENDDO         
  C:372DH         LINE#         110
  C:372DH         LINE#         111
  C:372DH         LINE#         114
  C:3730H         LINE#         115
  C:3732H         LINE#         116
  C:3734H         LINE#         117
  C:3734H         LINE#         118
  -------         ENDPROC       RECEIVE_DATA_FROM_UART1
  -------         PROC          _SEND_DATA_TO_UART1
  D:0007H         SYMBOL        c
  C:3735H         LINE#         120
  C:3735H         LINE#         121
  C:3735H         LINE#         122
  C:3737H         LINE#         123
  C:3739H         LINE#         124
  C:373CH         LINE#         125
  -------         ENDPROC       _SEND_DATA_TO_UART1
  -------         PROC          _PUTCHAR
  D:0007H         SYMBOL        c
  C:373DH         LINE#         126
  C:373DH         LINE#         127
  C:373DH         LINE#         128
  C:3740H         LINE#         129
  C:3742H         LINE#         130
  C:3744H         LINE#         131
  C:3744H         LINE#         132
  -------         ENDPROC       _PUTCHAR
  -------         PROC          _TIMER1_DELAY100US
  X:0000H         SYMBOL        cnt
  C:336EH         LINE#         134
  C:3373H         LINE#         135
  C:3373H         LINE#         136
  C:3376H         LINE#         137
  C:3379H         LINE#         138
  C:337BH         LINE#         139
  C:338BH         LINE#         140
BL51 BANKED LINKER/LOCATER V6.22                                                      12/20/2019  18:51:14  PAGE 16


  C:338BH         LINE#         141
  C:338EH         LINE#         142
  C:3391H         LINE#         143
  C:3394H         LINE#         144
  C:3396H         LINE#         145
  C:33B0H         LINE#         146
  C:33B2H         LINE#         147
  C:33B4H         LINE#         148
  -------         ENDPROC       _TIMER1_DELAY100US
  -------         PROC          KEYINIT
  C:358AH         LINE#         169
  C:358AH         LINE#         170
  C:358AH         LINE#         171
  C:358EH         LINE#         172
  C:3591H         LINE#         173
  C:3595H         LINE#         174
  C:3598H         LINE#         175
  C:359BH         LINE#         176
  C:35ADH         LINE#         180
  C:35B0H         LINE#         181
  C:35B2H         LINE#         183
  -------         ENDPROC       KEYINIT
  -------         PROC          KEYSCAN
  C:1735H         LINE#         185
  C:1735H         LINE#         186
  C:1735H         LINE#         187
  C:173CH         LINE#         188
  C:173CH         LINE#         189
  C:173EH         LINE#         190
  C:1744H         LINE#         191
  C:174DH         LINE#         192
  C:174DH         LINE#         193
  C:1750H         LINE#         194
  C:175DH         LINE#         195
  C:175DH         LINE#         196
  C:1762H         LINE#         197
  C:1762H         LINE#         198
  C:1766H         LINE#         199
  C:1769H         LINE#         201
  C:1769H         LINE#         202
  C:176BH         LINE#         203
  C:176EH         LINE#         204
  C:176EH         LINE#         205
  C:1773H         LINE#         206
  C:1779H         LINE#         207
  C:1779H         LINE#         208
  C:177BH         LINE#         209
  C:1780H         LINE#         210
  C:1786H         LINE#         211
  C:1786H         LINE#         212
  C:178BH         LINE#         213
  C:178DH         LINE#         214
  C:1793H         LINE#         215
  C:1793H         LINE#         216
  C:1798H         LINE#         217
  C:179AH         LINE#         218
  C:17A0H         LINE#         219
BL51 BANKED LINKER/LOCATER V6.22                                                      12/20/2019  18:51:14  PAGE 17


  C:17A0H         LINE#         220
  C:17A5H         LINE#         221
  C:17A5H         LINE#         222
  C:17A5H         LINE#         223
  C:17ABH         LINE#         224
  C:17ABH         LINE#         227
  C:17AEH         LINE#         228
  C:17AEH         LINE#         229
  C:17B2H         LINE#         230
  C:17B5H         LINE#         231
  C:17B5H         LINE#         232
  C:17B7H         LINE#         233
  C:17BDH         LINE#         234
  C:17C2H         LINE#         235
  C:17D0H         LINE#         236
  C:17D0H         LINE#         237
  C:17D0H         LINE#         239
  C:17D0H         LINE#         240
  C:17D6H         LINE#         241
  C:17DBH         LINE#         242
  C:17E1H         LINE#         243
  C:17E1H         LINE#         245
  C:17E4H         LINE#         246
  C:17E7H         LINE#         247
  C:17E7H         LINE#         248
  C:17E9H         LINE#         249
  C:17EFH         LINE#         250
  C:17F4H         LINE#         251
  C:17F9H         LINE#         252
  C:17F9H         LINE#         253
  C:17F9H         LINE#         254
  C:17F9H         LINE#         256
  C:17F9H         LINE#         257
  -------         ENDPROC       KEYSCAN
  -------         PROC          _DISPLAY_LANGUAGE_CHINESE
  D:0007H         SYMBOL        isdisplay
  X:003DH         SYMBOL        inverse
  C:32CCH         LINE#         259
  C:32D0H         LINE#         260
  C:32D0H         LINE#         261
  C:32D5H         LINE#         262
  C:32D5H         LINE#         263
  C:32F3H         LINE#         264
  C:3311H         LINE#         265
  C:3311H         LINE#         267
  C:3311H         LINE#         268
  C:331FH         LINE#         269
  C:331FH         LINE#         270
  -------         ENDPROC       _DISPLAY_LANGUAGE_CHINESE
  -------         PROC          _DISPLAY_LANGUAGE_ENGLISH
  D:0007H         SYMBOL        isdisplay
  X:003DH         SYMBOL        inverse
  C:2A28H         LINE#         271
  C:2A2CH         LINE#         272
  C:2A2CH         LINE#         273
  C:2A33H         LINE#         274
  C:2A33H         LINE#         275
BL51 BANKED LINKER/LOCATER V6.22                                                      12/20/2019  18:51:14  PAGE 18


  C:2A51H         LINE#         276
  C:2A6FH         LINE#         277
  C:2A8DH         LINE#         278
  C:2AABH         LINE#         279
  C:2AC9H         LINE#         280
  C:2AE7H         LINE#         281
  C:2B05H         LINE#         282
  C:2B05H         LINE#         284
  C:2B05H         LINE#         285
  C:2B13H         LINE#         286
  C:2B13H         LINE#         287
  -------         ENDPROC       _DISPLAY_LANGUAGE_ENGLISH
  -------         PROC          SELECT_LANGUAGE
  C:1F67H         LINE#         288
  C:1F67H         LINE#         289
  C:1F67H         LINE#         290
  C:1F6EH         LINE#         291
  C:1F6EH         LINE#         292
  C:1F6FH         LINE#         294
  C:1F7DH         LINE#         295
  C:1F84H         LINE#         296
  C:1F8BH         LINE#         297
  C:1F90H         LINE#         298
  C:1F93H         LINE#         299
  C:1F93H         LINE#         300
  C:1F98H         LINE#         301
  C:1F98H         LINE#         302
  C:1F9CH         LINE#         303
  C:1F9CH         LINE#         304
  C:1FA1H         LINE#         305
  C:1FA1H         LINE#         306
  C:1FA7H         LINE#         307
  C:1FAEH         LINE#         308
  C:1FB3H         LINE#         309
  C:1FB5H         LINE#         311
  C:1FB5H         LINE#         312
  C:1FBCH         LINE#         313
  C:1FC3H         LINE#         314
  C:1FC7H         LINE#         315
  C:1FC7H         LINE#         316
  C:1FCDH         LINE#         317
  C:1FCFH         LINE#         318
  C:1FD7H         LINE#         319
  C:1FD7H         LINE#         320
  C:1FDDH         LINE#         321
  C:1FE2H         LINE#         322
  C:1FE6H         LINE#         323
  C:1FEAH         LINE#         324
  C:1FF0H         LINE#         325
  C:1FF6H         LINE#         326
  C:1FF6H         LINE#         327
  C:1FFAH         LINE#         328
  C:1FFAH         LINE#         329
  -------         ENDPROC       SELECT_LANGUAGE
  C:33B5H         SYMBOL        L?0361
  -------         PROC          L?0360
  -------         ENDPROC       L?0360
BL51 BANKED LINKER/LOCATER V6.22                                                      12/20/2019  18:51:14  PAGE 19


  C:33B5H         SYMBOL        L?0361
  -------         PROC          _GETDIV
  X:0049H         SYMBOL        x
  X:004DH         SYMBOL        y
  -------         DO            
  X:0051H         SYMBOL        div
  -------         ENDDO         
  C:33BAH         LINE#         332
  C:33BFH         LINE#         333
  C:33BFH         LINE#         334
  C:33C5H         LINE#         335
  C:33D5H         LINE#         336
  C:33D5H         LINE#         337
  C:33E0H         LINE#         338
  C:33F2H         LINE#         339
  C:33F4H         LINE#         340
  C:33FBH         LINE#         341
  -------         ENDPROC       _GETDIV
  C:34D3H         SYMBOL        L?0363
  -------         PROC          L?0362
  -------         ENDPROC       L?0362
  C:34D3H         SYMBOL        L?0363
  -------         PROC          _GETREMAINDER
  X:0049H         SYMBOL        x
  X:004DH         SYMBOL        y
  C:34D8H         LINE#         342
  C:34D8H         LINE#         343
  C:34DAH         LINE#         344
  C:34EAH         LINE#         345
  C:34EAH         LINE#         346
  C:34FCH         LINE#         347
  C:34FEH         LINE#         348
  C:3503H         LINE#         349
  -------         ENDPROC       _GETREMAINDER
  -------         PROC          _DISPLAY_CNT_STAGE_ARABNUM
  X:003DH         SYMBOL        isdisplay
  X:003EH         SYMBOL        inverse
  C:269BH         LINE#         351
  C:26A2H         LINE#         352
  C:26A2H         LINE#         355
  C:26ABH         LINE#         356
  C:26ABH         LINE#         357
  C:26B4H         LINE#         358
  C:26B4H         LINE#         363
  C:26D2H         LINE#         364
  C:26F0H         LINE#         365
  C:270EH         LINE#         366
  C:272CH         LINE#         367
  C:274AH         LINE#         368
  C:2765H         LINE#         369
  C:2767H         LINE#         371
  C:2767H         LINE#         372
  C:2772H         LINE#         373
  C:2772H         LINE#         374
  C:2774H         LINE#         376
  C:2774H         LINE#         377
  C:277BH         LINE#         378
BL51 BANKED LINKER/LOCATER V6.22                                                      12/20/2019  18:51:14  PAGE 20


  C:277BH         LINE#         379
  C:2799H         LINE#         380
  C:27B7H         LINE#         381
  C:27B7H         LINE#         383
  C:27B7H         LINE#         384
  C:27C5H         LINE#         385
  C:27C5H         LINE#         386
  C:27C5H         LINE#         387
  -------         ENDPROC       _DISPLAY_CNT_STAGE_ARABNUM
  -------         PROC          _DISPLAY_CNT_STAGE_TIBNUM
  X:003DH         SYMBOL        isdisplay
  X:003EH         SYMBOL        inverse
  C:1DE4H         LINE#         388
  C:1DEBH         LINE#         389
  C:1DEBH         LINE#         392
  C:1DF4H         LINE#         393
  C:1DF4H         LINE#         394
  C:1DFDH         LINE#         395
  C:1DFDH         LINE#         400
  C:1E1BH         LINE#         401
  C:1E39H         LINE#         402
  C:1E57H         LINE#         403
  C:1E75H         LINE#         404
  C:1E93H         LINE#         405
  C:1EB1H         LINE#         406
  C:1ECCH         LINE#         407
  C:1ECEH         LINE#         409
  C:1ECEH         LINE#         410
  C:1ED7H         LINE#         411
  C:1ED7H         LINE#         412
  C:1ED9H         LINE#         414
  C:1ED9H         LINE#         415
  C:1EE0H         LINE#         416
  C:1EE0H         LINE#         417
  C:1EFEH         LINE#         418
  C:1F1CH         LINE#         419
  C:1F3AH         LINE#         420
  C:1F58H         LINE#         421
  C:1F58H         LINE#         423
  C:1F58H         LINE#         424
  C:1F66H         LINE#         425
  C:1F66H         LINE#         426
  C:1F66H         LINE#         427
  -------         ENDPROC       _DISPLAY_CNT_STAGE_TIBNUM
  -------         PROC          SELECT_NUMTYPE
  C:2E76H         LINE#         428
  C:2E76H         LINE#         429
  C:2E76H         LINE#         430
  C:2E7CH         LINE#         431
  C:2E7CH         LINE#         432
  C:2E7EH         LINE#         433
  C:2E85H         LINE#         434
  C:2E8CH         LINE#         435
  C:2E90H         LINE#         436
  C:2E93H         LINE#         437
  C:2E93H         LINE#         438
  C:2E98H         LINE#         439
BL51 BANKED LINKER/LOCATER V6.22                                                      12/20/2019  18:51:14  PAGE 21


  C:2E98H         LINE#         440
  C:2E9CH         LINE#         441
  C:2E9CH         LINE#         442
  C:2EA2H         LINE#         443
  C:2EA2H         LINE#         444
  C:2EA9H         LINE#         445
  C:2EB0H         LINE#         446
  C:2EB4H         LINE#         447
  C:2EB6H         LINE#         449
  C:2EB6H         LINE#         450
  C:2EBDH         LINE#         451
  C:2EC4H         LINE#         452
  C:2EC9H         LINE#         453
  C:2EC9H         LINE#         454
  C:2ECFH         LINE#         455
  C:2ED1H         LINE#         456
  C:2ED9H         LINE#         457
  C:2ED9H         LINE#         458
  C:2EDEH         LINE#         459
  C:2EE4H         LINE#         460
  C:2EE8H         LINE#         461
  C:2EECH         LINE#         462
  C:2EF2H         LINE#         463
  C:2EF8H         LINE#         464
  C:2EF8H         LINE#         465
  C:2EFCH         LINE#         466
  C:2EFCH         LINE#         467
  -------         ENDPROC       SELECT_NUMTYPE
  C:22E0H         SYMBOL        L?0356
  -------         PROC          L?0355
  -------         ENDPROC       L?0355
  C:22E0H         SYMBOL        L?0356
  -------         PROC          _DISPLAY_ARA
  X:0049H         SYMBOL        start
  X:004AH         SYMBOL        startline
  X:004BH         SYMBOL        end
  X:004CH         SYMBOL        endline
  X:004DH         SYMBOL        index
  X:004EH         SYMBOL        inverse
  C:22FBH         LINE#         470
  C:2305H         LINE#         471
  C:2305H         LINE#         472
  C:230AH         LINE#         473
  C:230AH         LINE#         474
  C:231DH         LINE#         475
  C:231FH         LINE#         476
  C:2326H         LINE#         477
  C:2326H         LINE#         478
  C:2339H         LINE#         479
  C:233BH         LINE#         480
  C:2342H         LINE#         481
  C:2342H         LINE#         482
  C:2355H         LINE#         483
  C:2357H         LINE#         484
  C:235EH         LINE#         485
  C:235EH         LINE#         486
  C:2371H         LINE#         487
BL51 BANKED LINKER/LOCATER V6.22                                                      12/20/2019  18:51:14  PAGE 22


  C:2373H         LINE#         488
  C:237AH         LINE#         489
  C:237AH         LINE#         490
  C:238DH         LINE#         491
  C:238FH         LINE#         492
  C:2396H         LINE#         493
  C:2396H         LINE#         494
  C:23A9H         LINE#         495
  C:23ABH         LINE#         496
  C:23B2H         LINE#         497
  C:23B2H         LINE#         498
  C:23C5H         LINE#         499
  C:23C7H         LINE#         500
  C:23CEH         LINE#         501
  C:23CEH         LINE#         502
  C:23E1H         LINE#         503
  C:23E3H         LINE#         504
  C:23EAH         LINE#         505
  C:23EAH         LINE#         506
  C:23FDH         LINE#         507
  C:23FFH         LINE#         508
  C:2405H         LINE#         509
  C:2405H         LINE#         510
  C:2429H         LINE#         511
  C:2429H         LINE#         512
  -------         ENDPROC       _DISPLAY_ARA
  C:242AH         SYMBOL        L?0358
  C:243BH         SYMBOL        L?0359
  -------         PROC          L?0357
  -------         ENDPROC       L?0357
  C:242AH         SYMBOL        L?0358
  C:243BH         SYMBOL        L?0359
  -------         PROC          _DISPLAY_TIB
  X:0049H         SYMBOL        start
  X:004AH         SYMBOL        startline
  X:004BH         SYMBOL        end
  X:004CH         SYMBOL        endline
  X:004DH         SYMBOL        index
  X:004EH         SYMBOL        inverse
  C:2441H         LINE#         514
  C:244BH         LINE#         515
  C:244BH         LINE#         516
  C:2450H         LINE#         517
  C:2450H         LINE#         518
  C:2463H         LINE#         519
  C:2465H         LINE#         520
  C:246CH         LINE#         521
  C:246CH         LINE#         522
  C:247FH         LINE#         523
  C:2481H         LINE#         524
  C:2488H         LINE#         525
  C:2488H         LINE#         526
  C:249BH         LINE#         527
  C:249DH         LINE#         528
  C:24A4H         LINE#         529
  C:24A4H         LINE#         530
  C:24B7H         LINE#         531
BL51 BANKED LINKER/LOCATER V6.22                                                      12/20/2019  18:51:14  PAGE 23


  C:24B9H         LINE#         532
  C:24C0H         LINE#         533
  C:24C0H         LINE#         534
  C:24D3H         LINE#         535
  C:24D5H         LINE#         536
  C:24DCH         LINE#         537
  C:24DCH         LINE#         538
  C:24EFH         LINE#         539
  C:24F1H         LINE#         540
  C:24F8H         LINE#         541
  C:24F8H         LINE#         542
  C:250BH         LINE#         543
  C:250DH         LINE#         544
  C:2514H         LINE#         545
  C:2514H         LINE#         546
  C:2527H         LINE#         547
  C:2529H         LINE#         548
  C:2530H         LINE#         549
  C:2530H         LINE#         550
  C:2543H         LINE#         551
  C:2545H         LINE#         552
  C:254BH         LINE#         553
  C:254BH         LINE#         554
  C:256FH         LINE#         555
  C:256FH         LINE#         556
  -------         ENDPROC       _DISPLAY_TIB
  -------         PROC          _DISPLAY_CNT_STAGE_CNT
  X:003DH         SYMBOL        cnt
  X:0041H         SYMBOL        isdisplay
  -------         DO            
  X:0042H         SYMBOL        i
  X:0043H         SYMBOL        temp
  X:0047H         SYMBOL        nextdisplay
  X:0048H         SYMBOL        start_index
  -------         ENDDO         
  C:1A2BH         LINE#         558
  C:1A30H         LINE#         559
  C:1A30H         LINE#         563
  C:1A34H         LINE#         564
  C:1A36H         LINE#         565
  C:1A3BH         LINE#         566
  C:1A3BH         LINE#         567
  C:1A49H         LINE#         569
  C:1A49H         LINE#         570
  C:1A53H         LINE#         571
  C:1A5AH         LINE#         572
  C:1A5AH         LINE#         575
  C:1A5DH         LINE#         577
  C:1A6DH         LINE#         578
  C:1A81H         LINE#         579
  C:1A8DH         LINE#         580
  C:1A8DH         LINE#         581
  C:1A8DH         LINE#         582
  C:1A90H         LINE#         583
  C:1A96H         LINE#         584
  C:1A98H         LINE#         586
  C:1A98H         LINE#         587
BL51 BANKED LINKER/LOCATER V6.22                                                      12/20/2019  18:51:14  PAGE 24


  C:1A9EH         LINE#         588
  C:1A9EH         LINE#         590
  C:1AAEH         LINE#         591
  C:1AC2H         LINE#         592
  C:1ACEH         LINE#         593
  C:1ACEH         LINE#         594
  C:1ACEH         LINE#         595
  C:1AD1H         LINE#         596
  C:1AD7H         LINE#         597
  C:1AD9H         LINE#         599
  C:1AD9H         LINE#         600
  C:1ADFH         LINE#         601
  C:1ADFH         LINE#         603
  C:1AEFH         LINE#         604
  C:1B03H         LINE#         605
  C:1B0FH         LINE#         606
  C:1B0FH         LINE#         607
  C:1B0FH         LINE#         608
  C:1B12H         LINE#         609
  C:1B18H         LINE#         610
  C:1B1AH         LINE#         612
  C:1B1AH         LINE#         613
  C:1B20H         LINE#         614
  C:1B20H         LINE#         616
  C:1B2AH         LINE#         617
  C:1B41H         LINE#         618
  C:1B41H         LINE#         620
  C:1B41H         LINE#         623
  C:1B45H         LINE#         625
  C:1B55H         LINE#         626
  C:1B69H         LINE#         627
  C:1B75H         LINE#         628
  C:1B75H         LINE#         629
  C:1B78H         LINE#         630
  C:1B7DH         LINE#         631
  C:1B82H         LINE#         632
  C:1B84H         LINE#         634
  C:1B8AH         LINE#         636
  C:1B9AH         LINE#         637
  C:1BAEH         LINE#         638
  C:1BBAH         LINE#         639
  C:1BBAH         LINE#         640
  C:1BBDH         LINE#         641
  C:1BC2H         LINE#         642
  C:1BC7H         LINE#         643
  C:1BC9H         LINE#         645
  C:1BCFH         LINE#         647
  C:1BDFH         LINE#         648
  C:1BF3H         LINE#         649
  C:1BFFH         LINE#         650
  C:1BFFH         LINE#         651
  C:1C02H         LINE#         652
  C:1C07H         LINE#         653
  C:1C0CH         LINE#         654
  C:1C0EH         LINE#         656
  C:1C14H         LINE#         658
  C:1C1EH         LINE#         659
BL51 BANKED LINKER/LOCATER V6.22                                                      12/20/2019  18:51:14  PAGE 25


  C:1C2FH         LINE#         660
  C:1C2FH         LINE#         661
  -------         ENDPROC       _DISPLAY_CNT_STAGE_CNT
  -------         PROC          READ_BANDGAP
  -------         DO            
  X:003DH         SYMBOL        BandgapHigh
  X:003EH         SYMBOL        BandgapLow
  X:003FH         SYMBOL        BandgapMark
  X:0040H         SYMBOL        Bandgap_Value
  X:0044H         SYMBOL        Bandgap_Voltage_Temp
  -------         ENDDO         
  C:1C30H         LINE#         668
  C:1C30H         LINE#         669
  C:1C30H         LINE#         673
  C:1C39H         LINE#         674
  C:1C42H         LINE#         675
  C:1C4BH         LINE#         677
  C:1C5EH         LINE#         678
  C:1C61H         LINE#         679
  C:1C64H         LINE#         680
  C:1C67H         LINE#         681
  C:1C7AH         LINE#         682
  C:1C7FH         LINE#         683
  C:1C85H         LINE#         685
  C:1C89H         LINE#         686
  C:1C89H         LINE#         687
  C:1C8EH         LINE#         688
  C:1C91H         LINE#         689
  C:1C94H         LINE#         690
  C:1CA7H         LINE#         691
  C:1CABH         LINE#         692
  C:1CC4H         LINE#         693
  C:1CE2H         LINE#         694
  C:1CF6H         LINE#         695
  C:1CF6H         LINE#         696
  C:1CFBH         LINE#         697
  C:1CFBH         LINE#         698
  C:1D00H         LINE#         699
  C:1D03H         LINE#         700
  C:1D06H         LINE#         701
  C:1D19H         LINE#         702
  C:1D1DH         LINE#         703
  C:1D36H         LINE#         704
  C:1D54H         LINE#         705
  C:1D54H         LINE#         706
  C:1D5BH         LINE#         707
  C:1D5BH         LINE#         708
  C:1D5EH         LINE#         709
  C:1D60H         LINE#         710
  C:1D73H         LINE#         711
  C:1D78H         LINE#         712
  C:1D7BH         LINE#         713
  C:1D7EH         LINE#         714
  C:1D91H         LINE#         715
  C:1D95H         LINE#         716
  C:1D9BH         LINE#         717
  C:1DB2H         LINE#         718
BL51 BANKED LINKER/LOCATER V6.22                                                      12/20/2019  18:51:14  PAGE 26


  C:1DD0H         LINE#         719
  C:1DD0H         LINE#         720
  C:1DE3H         LINE#         721
  -------         ENDPROC       READ_BANDGAP
  -------         PROC          GET_POWER_VALUE
  -------         DO            
  X:003DH         SYMBOL        bgvalue
  D:0006H         SYMBOL        i
  -------         ENDDO         
  C:14C6H         LINE#         723
  C:14C6H         LINE#         724
  C:14C6H         LINE#         727
  C:14C8H         LINE#         728
  C:14D1H         LINE#         729
  C:14D4H         LINE#         730
  C:14D7H         LINE#         731
  C:14D7H         LINE#         732
  C:14D9H         LINE#         733
  C:14DBH         LINE#         734
  C:14DEH         LINE#         735
  C:14EBH         LINE#         736
  C:14F8H         LINE#         737
  C:1503H         LINE#         738
  C:1506H         LINE#         739
  C:1509H         LINE#         740
  C:150CH         LINE#         741
  C:150CH         LINE#         742
  C:1522H         LINE#         743
  C:1538H         LINE#         744
  C:1543H         LINE#         745
  C:1556H         LINE#         746
  C:1569H         LINE#         747
  C:157FH         LINE#         748
  C:1581H         LINE#         749
  C:159DH         LINE#         750
  C:15B0H         LINE#         752
  C:15B6H         LINE#         753
  C:15BBH         LINE#         755
  C:15BDH         LINE#         756
  C:15D1H         LINE#         757
  C:15D4H         LINE#         758
  C:15D6H         LINE#         759
  C:15D6H         LINE#         760
  C:15D8H         LINE#         761
  C:15DAH         LINE#         762
  C:15DDH         LINE#         763
  C:15EAH         LINE#         764
  C:15F7H         LINE#         765
  C:1602H         LINE#         766
  C:1605H         LINE#         767
  C:1608H         LINE#         768
  C:160BH         LINE#         769
  C:160BH         LINE#         770
  C:1621H         LINE#         771
  C:1637H         LINE#         772
  C:1642H         LINE#         773
  C:1655H         LINE#         774
BL51 BANKED LINKER/LOCATER V6.22                                                      12/20/2019  18:51:14  PAGE 27


  C:1668H         LINE#         775
  C:167EH         LINE#         776
  C:1691H         LINE#         777
  C:1693H         LINE#         778
  C:16A2H         LINE#         779
  C:16A2H         LINE#         780
  C:16BCH         LINE#         781
  C:16BEH         LINE#         783
  C:16BEH         LINE#         784
  C:16D3H         LINE#         785
  C:1716H         LINE#         786
  C:1716H         LINE#         787
  C:1729H         LINE#         789
  C:172FH         LINE#         790
  C:1734H         LINE#         791
  -------         ENDPROC       GET_POWER_VALUE
  -------         PROC          _GETBATLEVER
  X:003EH         SYMBOL        ischarging
  -------         DO            
  X:003FH         SYMBOL        temp
  -------         ENDDO         
  C:292BH         LINE#         793
  C:292FH         LINE#         794
  C:292FH         LINE#         796
  C:2932H         LINE#         797
  C:2932H         LINE#         798
  C:2946H         LINE#         799
  C:2946H         LINE#         800
  C:2946H         LINE#         801
  C:2958H         LINE#         802
  C:2958H         LINE#         804
  C:295CH         LINE#         805
  C:295EH         LINE#         806
  C:2984H         LINE#         807
  C:2984H         LINE#         809
  C:2989H         LINE#         810
  C:298BH         LINE#         811
  C:29B1H         LINE#         812
  C:29B1H         LINE#         814
  C:29B6H         LINE#         815
  C:29B8H         LINE#         816
  C:29CCH         LINE#         817
  C:29CCH         LINE#         819
  C:29D1H         LINE#         820
  C:29D1H         LINE#         822
  C:29DCH         LINE#         823
  C:29DCH         LINE#         824
  C:29E1H         LINE#         825
  C:29E7H         LINE#         826
  C:29E7H         LINE#         827
  C:29EDH         LINE#         828
  C:29EDH         LINE#         829
  C:29F4H         LINE#         830
  C:29F4H         LINE#         831
  C:29F6H         LINE#         832
  C:29F8H         LINE#         834
  C:29F8H         LINE#         835
BL51 BANKED LINKER/LOCATER V6.22                                                      12/20/2019  18:51:14  PAGE 28


  C:29FCH         LINE#         836
  C:29FCH         LINE#         837
  C:29FEH         LINE#         839
  C:29FEH         LINE#         840
  C:2A09H         LINE#         841
  C:2A09H         LINE#         842
  C:2A0DH         LINE#         843
  C:2A0FH         LINE#         845
  C:2A0FH         LINE#         846
  C:2A11H         LINE#         847
  C:2A11H         LINE#         848
  C:2A11H         LINE#         849
  C:2A11H         LINE#         850
  C:2A13H         LINE#         852
  C:2A13H         LINE#         853
  C:2A18H         LINE#         854
  C:2A18H         LINE#         855
  C:2A1AH         LINE#         857
  C:2A1AH         LINE#         858
  C:2A1FH         LINE#         859
  C:2A23H         LINE#         860
  C:2A23H         LINE#         861
  C:2A23H         LINE#         862
  C:2A27H         LINE#         863
  -------         ENDPROC       _GETBATLEVER
  -------         PROC          _DISPLAY_BATICONLEVEL
  D:0007H         SYMBOL        level
  -------         DO            
  X:003EH         SYMBOL        buf
  -------         ENDDO         
  C:31BDH         LINE#         865
  C:31BDH         LINE#         866
  C:31BDH         LINE#         868
  C:31C0H         LINE#         869
  C:31C8H         LINE#         870
  C:31CCH         LINE#         871
  C:31D4H         LINE#         872
  C:31D8H         LINE#         873
  C:31E0H         LINE#         874
  C:31E4H         LINE#         875
  C:31F1H         LINE#         877
  C:31F1H         LINE#         878
  C:31FEH         LINE#         880
  C:31FEH         LINE#         881
  C:3200H         LINE#         882
  C:321BH         LINE#         883
  -------         ENDPROC       _DISPLAY_BATICONLEVEL
  -------         PROC          DISPLAY_BATICON
  -------         DO            
  X:003DH         SYMBOL        level
  -------         ENDDO         
  C:3625H         LINE#         885
  C:3625H         LINE#         886
  C:3625H         LINE#         888
  C:362EH         LINE#         889
  C:3631H         LINE#         890
  C:3631H         LINE#         891
BL51 BANKED LINKER/LOCATER V6.22                                                      12/20/2019  18:51:14  PAGE 29


  C:3639H         LINE#         892
  C:3639H         LINE#         893
  C:363CH         LINE#         894
  C:363FH         LINE#         895
  C:363FH         LINE#         896
  C:3645H         LINE#         897
  C:3645H         LINE#         898
  -------         ENDPROC       DISPLAY_BATICON
  -------         PROC          CNT_STAGE
  C:2B14H         LINE#         900
  C:2B14H         LINE#         901
  C:2B14H         LINE#         902
  C:2B1BH         LINE#         903
  C:2B1BH         LINE#         904
  C:2B1CH         LINE#         905
  C:2B1EH         LINE#         906
  C:2B2BH         LINE#         907
  C:2B31H         LINE#         908
  C:2B31H         LINE#         909
  C:2B33H         LINE#         910
  C:2B3CH         LINE#         911
  C:2B3EH         LINE#         912
  C:2B45H         LINE#         913
  C:2B48H         LINE#         915
  C:2B4BH         LINE#         916
  C:2B4BH         LINE#         918
  C:2B4EH         LINE#         920
  C:2B54H         LINE#         921
  C:2B54H         LINE#         922
  C:2B58H         LINE#         923
  C:2B58H         LINE#         924
  C:2B6FH         LINE#         925
  C:2B81H         LINE#         926
  C:2B81H         LINE#         927
  C:2B8AH         LINE#         928
  C:2B95H         LINE#         929
  C:2B95H         LINE#         930
  C:2B9FH         LINE#         931
  C:2BA1H         LINE#         932
  C:2BA7H         LINE#         933
  C:2BA7H         LINE#         934
  C:2BACH         LINE#         935
  C:2BB1H         LINE#         936
  C:2BB5H         LINE#         937
  C:2BC2H         LINE#         938
  C:2BCDH         LINE#         939
  C:2BCDH         LINE#         940
  C:2BD1H         LINE#         941
  C:2BD1H         LINE#         942
  -------         ENDPROC       CNT_STAGE
  -------         PROC          _DISPLAY_RST_CNT_STAGE_1
  X:0004H         SYMBOL        isdisplay
  X:0005H         SYMBOL        inverse
  C:2800H         LINE#         945
  C:2807H         LINE#         946
  C:2807H         LINE#         950
  C:2810H         LINE#         951
BL51 BANKED LINKER/LOCATER V6.22                                                      12/20/2019  18:51:14  PAGE 30


  C:2810H         LINE#         952
  C:2819H         LINE#         953
  C:2819H         LINE#         959
  C:2837H         LINE#         960
  C:2855H         LINE#         961
  C:2873H         LINE#         962
  C:2891H         LINE#         963
  C:28AFH         LINE#         964
  C:28CAH         LINE#         965
  C:28CCH         LINE#         967
  C:28CCH         LINE#         968
  C:28D7H         LINE#         969
  C:28D7H         LINE#         970
  C:28D9H         LINE#         972
  C:28D9H         LINE#         973
  C:28E0H         LINE#         974
  C:28E0H         LINE#         975
  C:28FEH         LINE#         976
  C:291CH         LINE#         977
  C:291CH         LINE#         979
  C:291CH         LINE#         980
  C:292AH         LINE#         981
  C:292AH         LINE#         982
  C:292AH         LINE#         983
  -------         ENDPROC       _DISPLAY_RST_CNT_STAGE_1
  -------         PROC          _DISPLAY_RST_CNT_STAGE_YES
  X:003DH         SYMBOL        isdisplay
  X:003EH         SYMBOL        inverse
  C:2BD2H         LINE#         984
  C:2BD9H         LINE#         985
  C:2BD9H         LINE#         986
  C:2BE0H         LINE#         987
  C:2BE0H         LINE#         988
  C:2BE7H         LINE#         989
  C:2BE7H         LINE#         990
  C:2C05H         LINE#         991
  C:2C23H         LINE#         992
  C:2C3EH         LINE#         993
  C:2C40H         LINE#         995
  C:2C40H         LINE#         996
  C:2C4BH         LINE#         997
  C:2C4BH         LINE#         998
  C:2C4DH         LINE#         1000
  C:2C4DH         LINE#         1001
  C:2C53H         LINE#         1002
  C:2C53H         LINE#         1003
  C:2C71H         LINE#         1004
  C:2C71H         LINE#         1006
  C:2C71H         LINE#         1007
  C:2C7FH         LINE#         1008
  C:2C7FH         LINE#         1009
  C:2C7FH         LINE#         1010
  -------         ENDPROC       _DISPLAY_RST_CNT_STAGE_YES
  -------         PROC          _DISPLAY_RST_CNT_STAGE_NO
  X:003DH         SYMBOL        isdisplay
  X:003EH         SYMBOL        inverse
  C:3000H         LINE#         1011
BL51 BANKED LINKER/LOCATER V6.22                                                      12/20/2019  18:51:14  PAGE 31


  C:3007H         LINE#         1012
  C:3007H         LINE#         1013
  C:300EH         LINE#         1014
  C:300EH         LINE#         1015
  C:3015H         LINE#         1016
  C:3015H         LINE#         1017
  C:3033H         LINE#         1018
  C:304EH         LINE#         1019
  C:3050H         LINE#         1026
  C:3050H         LINE#         1027
  C:3056H         LINE#         1028
  C:3056H         LINE#         1029
  C:3074H         LINE#         1030
  C:3074H         LINE#         1032
  C:3074H         LINE#         1033
  C:3082H         LINE#         1034
  C:3082H         LINE#         1035
  C:3082H         LINE#         1036
  -------         ENDPROC       _DISPLAY_RST_CNT_STAGE_NO
  -------         PROC          RST_CNT_STAGE
  C:2DD1H         LINE#         1037
  C:2DD1H         LINE#         1038
  C:2DD1H         LINE#         1039
  C:2DD7H         LINE#         1040
  C:2DD7H         LINE#         1041
  C:2DD9H         LINE#         1042
  C:2DE0H         LINE#         1043
  C:2DE7H         LINE#         1044
  C:2DEBH         LINE#         1045
  C:2DEBH         LINE#         1046
  C:2DF3H         LINE#         1047
  C:2DF3H         LINE#         1048
  C:2DF7H         LINE#         1049
  C:2DF7H         LINE#         1050
  C:2DFCH         LINE#         1051
  C:2DFCH         LINE#         1052
  C:2E02H         LINE#         1053
  C:2E09H         LINE#         1054
  C:2E0EH         LINE#         1055
  C:2E10H         LINE#         1057
  C:2E10H         LINE#         1058
  C:2E17H         LINE#         1059
  C:2E1EH         LINE#         1060
  C:2E22H         LINE#         1061
  C:2E22H         LINE#         1062
  C:2E24H         LINE#         1063
  C:2E2BH         LINE#         1064
  C:2E2BH         LINE#         1065
  C:2E30H         LINE#         1066
  C:2E39H         LINE#         1067
  C:2E3EH         LINE#         1068
  C:2E42H         LINE#         1069
  C:2E46H         LINE#         1070
  C:2E4CH         LINE#         1071
  C:2E52H         LINE#         1072
  C:2E54H         LINE#         1073
  C:2E5AH         LINE#         1074
BL51 BANKED LINKER/LOCATER V6.22                                                      12/20/2019  18:51:14  PAGE 32


  C:2E5AH         LINE#         1075
  C:2E60H         LINE#         1076
  C:2E66H         LINE#         1077
  C:2E6AH         LINE#         1078
  C:2E6DH         LINE#         1079
  C:2E71H         LINE#         1080
  C:2E71H         LINE#         1081
  C:2E75H         LINE#         1082
  C:2E75H         LINE#         1083
  -------         ENDPROC       RST_CNT_STAGE
  -------         PROC          _DISPLAY_BATICONLEVEL_CHARGING
  D:0007H         SYMBOL        level
  -------         DO            
  X:003EH         SYMBOL        buf
  -------         ENDDO         
  C:315DH         LINE#         1086
  C:315DH         LINE#         1087
  C:315DH         LINE#         1089
  C:3160H         LINE#         1090
  C:3168H         LINE#         1091
  C:316CH         LINE#         1092
  C:3174H         LINE#         1093
  C:3178H         LINE#         1094
  C:3180H         LINE#         1095
  C:3184H         LINE#         1096
  C:3191H         LINE#         1098
  C:3191H         LINE#         1099
  C:319EH         LINE#         1101
  C:319EH         LINE#         1102
  C:31A0H         LINE#         1103
  C:31BCH         LINE#         1104
  -------         ENDPROC       _DISPLAY_BATICONLEVEL_CHARGING
  -------         PROC          SYS_CHARGE_STAGE
  -------         DO            
  X:003DH         SYMBOL        level
  -------         ENDDO         
  C:2EFDH         LINE#         1107
  C:2EFDH         LINE#         1108
  C:2EFDH         LINE#         1110
  C:2F04H         LINE#         1111
  C:2F04H         LINE#         1112
  C:2F05H         LINE#         1113
  C:2F12H         LINE#         1114
  C:2F18H         LINE#         1115
  C:2F18H         LINE#         1116
  C:2F1AH         LINE#         1117
  C:2F23H         LINE#         1118
  C:2F25H         LINE#         1119
  C:2F2CH         LINE#         1120
  C:2F2FH         LINE#         1121
  C:2F33H         LINE#         1122
  C:2F39H         LINE#         1123
  C:2F39H         LINE#         1124
  C:2F3EH         LINE#         1125
  C:2F3EH         LINE#         1126
  C:2F40H         LINE#         1127
  C:2F40H         LINE#         1129
BL51 BANKED LINKER/LOCATER V6.22                                                      12/20/2019  18:51:14  PAGE 33


  C:2F47H         LINE#         1130
  C:2F47H         LINE#         1131
  C:2F48H         LINE#         1132
  C:2F51H         LINE#         1133
  C:2F54H         LINE#         1134
  C:2F54H         LINE#         1135
  C:2F5CH         LINE#         1136
  C:2F5CH         LINE#         1137
  C:2F5FH         LINE#         1139
  C:2F62H         LINE#         1140
  C:2F62H         LINE#         1141
  C:2F68H         LINE#         1142
  C:2F69H         LINE#         1144
  C:2F69H         LINE#         1145
  C:2F6EH         LINE#         1146
  C:2F74H         LINE#         1147
  C:2F7AH         LINE#         1148
  C:2F81H         LINE#         1149
  C:2F81H         LINE#         1150
  C:2F81H         LINE#         1151
  -------         ENDPROC       SYS_CHARGE_STAGE
  -------         PROC          SYSLOOP
  C:3601H         LINE#         1153
  C:3601H         LINE#         1154
  C:3601H         LINE#         1155
  C:3615H         LINE#         1156
  C:3615H         LINE#         1157
  C:3615H         LINE#         1158
  C:3618H         LINE#         1159
  C:3618H         LINE#         1160
  C:3618H         LINE#         1161
  C:361BH         LINE#         1162
  C:361BH         LINE#         1163
  C:361BH         LINE#         1164
  C:361EH         LINE#         1165
  C:361EH         LINE#         1166
  C:361EH         LINE#         1167
  C:3621H         LINE#         1168
  C:3621H         LINE#         1170
  C:3621H         LINE#         1171
  C:3624H         LINE#         1172
  C:3624H         LINE#         1174
  C:3624H         LINE#         1175
  C:3624H         LINE#         1176
  -------         ENDPROC       SYSLOOP
  -------         PROC          PININTERRUPT_ISR
  C:0006H         LINE#         1177
  C:0006H         LINE#         1179
  C:0009H         LINE#         1180
  -------         ENDPROC       PININTERRUPT_ISR
  -------         PROC          EXT_INT0
  C:000AH         LINE#         1181
  C:000AH         LINE#         1184
  -------         ENDPROC       EXT_INT0
  -------         PROC          EXT_INT1
  C:0011H         LINE#         1186
  C:0011H         LINE#         1189
BL51 BANKED LINKER/LOCATER V6.22                                                      12/20/2019  18:51:14  PAGE 34


  -------         ENDPROC       EXT_INT1
  -------         PROC          P30_INIT
  C:346BH         LINE#         1190
  C:346BH         LINE#         1191
  C:3471H         LINE#         1192
  C:348EH         LINE#         1197
  C:3497H         LINE#         1198
  C:349AH         LINE#         1199
  C:349DH         LINE#         1201
  C:349FH         LINE#         1202
[...]
  C:27CEH         LINE#         299
  C:27DDH         LINE#         300
  C:27DDH         LINE#         301
  C:27F7H         LINE#         302
  C:27FEH         LINE#         303
  -------         ENDPROC       _SAVEDATA
  -------         ENDMOD        DATAFLASH

  -------         MODULE        I2C
  C:0000H         SYMBOL        _ICE_DUMMY_
  D:0080H         PUBLIC        P0
  D:0090H         PUBLIC        P1
  D:00A0H         PUBLIC        P2
  D:00B0H         PUBLIC        P3
  D:00D8H         PUBLIC        PWMCON0
  D:00A8H         PUBLIC        IE
  D:00B8H         PUBLIC        IP
  D:0098H         PUBLIC        SCON
  D:0088H         PUBLIC        TCON
  D:00F8H         PUBLIC        SCON_1
  D:00E8H         PUBLIC        ADCCON0
  D:00C0H         PUBLIC        I2CON
  D:00C8H         PUBLIC        T2CON
  D:00D0H         PUBLIC        PSW
  -------         ENDMOD        I2C

  -------         MODULE        I2C_SOFTWARE_MASTER
  C:0000H         SYMBOL        _ICE_DUMMY_
  C:3277H         PUBLIC        _I2C_SoftWare_Master_Read
  C:3434H         PUBLIC        I2C_Start_Master_read
  D:00B3H         PUBLIC        P1M1
  D:0080H         PUBLIC        P0
  D:00B4H         PUBLIC        P1M2
  D:0090H         PUBLIC        P1
  D:00A0H         PUBLIC        P2
  D:00B0H         PUBLIC        P3
  D:00D8H         PUBLIC        PWMCON0
  C:3646H         PUBLIC        _I2C_SoftWare_Master_Write_One_Byte
  D:00A8H         PUBLIC        IE
  C:3083H         PUBLIC        _I2C_SoftWare_Master_Write
  C:36A3H         PUBLIC        I2C_SoftWare_Master_Init
  D:00B8H         PUBLIC        IP
  C:375DH         PUBLIC        I2C_Ack
  C:376CH         PUBLIC        ACK_read_deinit
  C:0016H         PUBLIC        I2C_Start
  C:3722H         PUBLIC        I2C_delay
  B:0090H.1       PUBLIC        P11
BL51 BANKED LINKER/LOCATER V6.22                                                      12/20/2019  18:51:14  PAGE 40


  B:0090H.2       PUBLIC        P12
  D:0098H         PUBLIC        SCON
  C:000EH         PUBLIC        Init_I2C
  D:0088H         PUBLIC        TCON
  C:35DBH         PUBLIC        _I2C_SendByte
  D:00F8H         PUBLIC        SCON_1
  C:3563H         PUBLIC        I2C_WaitAck
  C:3755H         PUBLIC        I2C_Stop
  C:374DH         PUBLIC        I2C_SoftWare_Master_ReInit
  C:3726H         PUBLIC        SDA_read
  D:00E8H         PUBLIC        ADCCON0
  D:00C0H         PUBLIC        I2CON
  C:3773H         PUBLIC        SCL_read
  C:3765H         PUBLIC        ACK_read_init
  D:00C8H         PUBLIC        T2CON
  C:3707H         PUBLIC        I2C_NoAck
  D:00D0H         PUBLIC        PSW
  C:3504H         PUBLIC        I2C_ReceiveByte
  -------         PROC          I2C_SOFTWARE_MASTER_INIT
  C:36A3H         LINE#         20
  C:36A3H         LINE#         21
  C:36A3H         LINE#         22
  C:36A9H         LINE#         23
  C:36AFH         LINE#         24
  C:36B1H         LINE#         26
  C:36B7H         LINE#         27
  C:36BDH         LINE#         28
  C:36BFH         LINE#         29
  -------         ENDPROC       I2C_SOFTWARE_MASTER_INIT
  -------         PROC          INIT_I2C
  C:000EH         LINE#         31
  C:000EH         LINE#         32
  C:000EH         LINE#         33
  -------         ENDPROC       INIT_I2C
  -------         PROC          I2C_SOFTWARE_MASTER_REINIT
  C:374DH         LINE#         36
  C:374DH         LINE#         37
  C:374DH         LINE#         38
  C:3750H         LINE#         40
  C:3754H         LINE#         41
  -------         ENDPROC       I2C_SOFTWARE_MASTER_REINIT
  -------         PROC          ACK_READ_INIT
  C:3765H         LINE#         43
  C:3765H         LINE#         44
  C:3765H         LINE#         45
  C:376BH         LINE#         46
  -------         ENDPROC       ACK_READ_INIT
  -------         PROC          ACK_READ_DEINIT
  C:376CH         LINE#         48
  C:376CH         LINE#         49
  C:376CH         LINE#         50
  C:3772H         LINE#         51
  -------         ENDPROC       ACK_READ_DEINIT
  -------         PROC          SCL_READ
  C:3773H         LINE#         53
  C:3773H         LINE#         54
  C:3773H         LINE#         55
BL51 BANKED LINKER/LOCATER V6.22                                                      12/20/2019  18:51:14  PAGE 41


  C:3779H         LINE#         56
  -------         ENDPROC       SCL_READ
  -------         PROC          L?0051
  -------         ENDPROC       L?0051
  -------         PROC          SDA_READ
  C:3726H         LINE#         58
  C:3726H         LINE#         59
  C:3726H         LINE#         60
  C:372CH         LINE#         61
  -------         ENDPROC       SDA_READ
  C:371DH         SYMBOL        L?0048
  -------         PROC          L?0047
  -------         ENDPROC       L?0047
  C:371DH         SYMBOL        L?0048
  -------         PROC          I2C_DELAY
  C:3722H         LINE#         65
  C:3722H         LINE#         66
  C:3722H         LINE#         67
  -------         ENDPROC       I2C_DELAY
  -------         PROC          I2C_START
  C:0016H         LINE#         69
  C:0016H         LINE#         70
  C:0016H         LINE#         71
  C:0018H         LINE#         72
  C:001AH         LINE#         73
  C:001AH         LINE#         74
  C:0021H         LINE#         75
  C:0024H         LINE#         76
  C:0026H         LINE#         77
  C:0026H         LINE#         78
  C:002DH         LINE#         79
  C:0031H         LINE#         80
  C:0033H         LINE#         81
  C:0036H         LINE#         82
  C:003AH         LINE#         83
  -------         ENDPROC       I2C_START
  -------         PROC          I2C_STOP
  C:3755H         LINE#         85
  C:3755H         LINE#         86
  C:3755H         LINE#         87
  C:3755H         LINE#         88
  C:3755H         LINE#         89
  C:3755H         LINE#         90
  C:3755H         LINE#         91
  C:3755H         LINE#         92
  C:3758H         LINE#         93
  C:375AH         LINE#         94
  -------         ENDPROC       I2C_STOP
  -------         PROC          I2C_ACK
  C:375DH         LINE#         98
  C:375DH         LINE#         99
  C:375DH         LINE#         100
  C:375DH         LINE#         101
  C:375DH         LINE#         102
  C:375DH         LINE#         103
  C:375DH         LINE#         104
  C:375DH         LINE#         105
BL51 BANKED LINKER/LOCATER V6.22                                                      12/20/2019  18:51:14  PAGE 42


  C:3760H         LINE#         106
  C:3762H         LINE#         107
  -------         ENDPROC       I2C_ACK
  -------         PROC          I2C_NOACK
  C:3707H         LINE#         110
  C:3707H         LINE#         111
  C:3707H         LINE#         112
  C:3709H         LINE#         113
  C:370CH         LINE#         114
  C:370EH         LINE#         115
  C:370EH         LINE#         116
  C:370EH         LINE#         117
  C:3711H         LINE#         118
  C:3713H         LINE#         119
  -------         ENDPROC       I2C_NOACK
  C:355FH         SYMBOL        L?0050
  -------         PROC          L?0049
  -------         ENDPROC       L?0049
  C:355FH         SYMBOL        L?0050
  -------         PROC          I2C_WAITACK
  C:3563H         LINE#         122
  C:3563H         LINE#         123
  C:3563H         LINE#         124
  C:3566H         LINE#         126
  C:3568H         LINE#         127
  C:356BH         LINE#         128
  C:356DH         LINE#         129
  C:3574H         LINE#         130
  C:3574H         LINE#         131
  C:3576H         LINE#         132
  C:3579H         LINE#         133
  C:357DH         LINE#         134
  C:357DH         LINE#         135
  C:357FH         LINE#         136
  C:3582H         LINE#         138
  C:3585H         LINE#         140
  C:3589H         LINE#         141
  -------         ENDPROC       I2C_WAITACK
  -------         PROC          _I2C_SENDBYTE
  D:0007H         SYMBOL        byte
  -------         DO            
  D:0006H         SYMBOL        i
  -------         ENDDO         
  C:35DBH         LINE#         143
  C:35DBH         LINE#         144
  C:35DBH         LINE#         145
  C:35DDH         LINE#         146
  C:35E3H         LINE#         147
  C:35E3H         LINE#         148
  C:35E5H         LINE#         149
  C:35E8H         LINE#         150
  C:35ECH         LINE#         151
  C:35F0H         LINE#         153
  C:35F2H         LINE#         154
  C:35F5H         LINE#         155
  C:35F9H         LINE#         156
  C:35F9H         LINE#         157
BL51 BANKED LINKER/LOCATER V6.22                                                      12/20/2019  18:51:14  PAGE 43


  C:35F9H         LINE#         158
  C:35FCH         LINE#         159
  C:35FEH         LINE#         160
  C:3600H         LINE#         161
  -------         ENDPROC       _I2C_SENDBYTE
  -------         PROC          I2C_RECEIVEBYTE
  -------         DO            
  D:0005H         SYMBOL        i
  D:0004H         SYMBOL        byte
  -------         ENDDO         
  C:3504H         LINE#         164
  C:3504H         LINE#         165
  C:3504H         LINE#         166
  C:3506H         LINE#         167
  C:3508H         LINE#         169
  C:350BH         LINE#         171
  C:3511H         LINE#         172
  C:3511H         LINE#         173
  C:3515H         LINE#         174
  C:3517H         LINE#         175
  C:3517H         LINE#         176
  C:3517H         LINE#         177
  C:351AH         LINE#         178
  C:3521H         LINE#         179
  C:3521H         LINE#         180
  C:3525H         LINE#         181
  C:3525H         LINE#         182
  C:3527H         LINE#         183
  C:3529H         LINE#         185
  C:352CH         LINE#         187
  C:3533H         LINE#         188
  -------         ENDPROC       I2C_RECEIVEBYTE
  -------         PROC          _I2C_SOFTWARE_MASTER_WRITE
  D:0004H         SYMBOL        DeviceAddr
  X:0060H         SYMBOL        pBuffer
  X:0063H         SYMBOL        NumByteToWrite
  -------         DO            
  X:0065H         SYMBOL        i
  -------         ENDDO         
  C:3083H         LINE#         190
  C:308CH         LINE#         191
  C:308CH         LINE#         193
  C:3093H         LINE#         194
  C:3096H         LINE#         196
  C:3099H         LINE#         197
  C:309EH         LINE#         198
  C:30A5H         LINE#         199
  C:30A5H         LINE#         201
  C:30A7H         LINE#         202
  C:30A7H         LINE#         204
  C:30AAH         LINE#         206
  C:30C9H         LINE#         207
  C:30C9H         LINE#         208
  C:30D5H         LINE#         209
  C:30DCH         LINE#         210
  C:30DCH         LINE#         213
  C:30E1H         LINE#         214
BL51 BANKED LINKER/LOCATER V6.22                                                      12/20/2019  18:51:14  PAGE 44


  C:30E1H         LINE#         215
  C:30EEH         LINE#         217
  C:30F1H         LINE#         218
  -------         ENDPROC       _I2C_SOFTWARE_MASTER_WRITE
  -------         PROC          _I2C_SOFTWARE_MASTER_WRITE_ONE_BYTE
  D:0006H         SYMBOL        DeviceAddr
  D:0005H         SYMBOL        cmd
  D:0003H         SYMBOL        value
  -------         DO            
  X:005CH         SYMBOL        buf
  D:0007H         SYMBOL        temp
  -------         ENDDO         
  C:3646H         LINE#         220
  C:3646H         LINE#         221
  C:3646H         LINE#         224
  C:364AH         LINE#         225
  C:364DH         LINE#         226
  C:365EH         LINE#         227
  C:3661H         LINE#         228
  C:3666H         LINE#         229
  -------         ENDPROC       _I2C_SOFTWARE_MASTER_WRITE_ONE_BYTE
  -------         PROC          I2C_START_MASTER_READ
  C:3434H         LINE#         231
  C:3434H         LINE#         232
  C:3434H         LINE#         233
  C:3437H         LINE#         235
  C:3439H         LINE#         237
  C:343CH         LINE#         239
  C:3443H         LINE#         240
  C:3443H         LINE#         241
  C:3445H         LINE#         242
  C:3447H         LINE#         243
  C:3447H         LINE#         244
  C:344CH         LINE#         245
  C:344CH         LINE#         247
  C:344FH         LINE#         249
  C:3461H         LINE#         250
  C:3461H         LINE#         251
  C:3464H         LINE#         252
  C:3464H         LINE#         254
  C:3467H         LINE#         256
  C:346AH         LINE#         257
  -------         ENDPROC       I2C_START_MASTER_READ
  -------         PROC          _I2C_SOFTWARE_MASTER_READ
  X:0037H         SYMBOL        DeviceAddr
  D:0001H         SYMBOL        pBuffer
  X:003BH         SYMBOL        NumByteToRead
  C:3277H         LINE#         259
  C:327BH         LINE#         260
  C:327BH         LINE#         261
  C:327EH         LINE#         263
  C:3281H         LINE#         265
  C:3286H         LINE#         267
  C:328DH         LINE#         268
  C:328DH         LINE#         270
  C:3291H         LINE#         271
  C:3291H         LINE#         273
BL51 BANKED LINKER/LOCATER V6.22                                                      12/20/2019  18:51:14  PAGE 45


  C:329AH         LINE#         274
  C:329AH         LINE#         275
  C:32A1H         LINE#         276
  C:32ACH         LINE#         277
  C:32B1H         LINE#         279
  C:32B4H         LINE#         280
  C:32BBH         LINE#         281
  C:32C6H         LINE#         282
  C:32C8H         LINE#         285
  C:32CBH         LINE#         286
  -------         ENDPROC       _I2C_SOFTWARE_MASTER_READ
  -------         ENDMOD        I2C_SOFTWARE_MASTER

  -------         MODULE        ?C_STARTUP
  C:2C80H         SEGMENT       ?C_C51STARTUP
  I:0022H         SEGMENT       ?STACK
  C:0000H         PUBLIC        ?C_STARTUP
  D:00E0H         SYMBOL        ACC
  D:00F0H         SYMBOL        B
  D:0083H         SYMBOL        DPH
  D:0082H         SYMBOL        DPL
  N:0000H         SYMBOL        IBPSTACK
  N:0100H         SYMBOL        IBPSTACKTOP
  N:0080H         SYMBOL        IDATALEN
  C:2C95H         SYMBOL        IDATALOOP
  N:0000H         SYMBOL        PBPSTACK
  N:0000H         SYMBOL        PBPSTACKTOP
  N:0000H         SYMBOL        PDATALEN
  N:0000H         SYMBOL        PDATASTART
  N:0000H         SYMBOL        PPAGE
  N:0000H         SYMBOL        PPAGEENABLE
  D:00A0H         SYMBOL        PPAGE_SFR
  D:0081H         SYMBOL        SP
  C:2C80H         SYMBOL        STARTUP1
  N:0000H         SYMBOL        XBPSTACK
  N:0000H         SYMBOL        XBPSTACKTOP
  N:02FFH         SYMBOL        XDATALEN
  C:2CA0H         SYMBOL        XDATALOOP
  N:0000H         SYMBOL        XDATASTART
  C:0000H         LINE#         94
  C:2C80H         LINE#         100
  C:2C83H         LINE#         101
  C:2C86H         LINE#         102
  C:2C89H         LINE#         104
  C:2C8CH         LINE#         105
  C:2C8FH         LINE#         106
  C:2C92H         LINE#         109
  C:2C94H         LINE#         110
  C:2C95H         LINE#         111
  C:2C96H         LINE#         112
  C:2C98H         LINE#         116
  C:2C9BH         LINE#         117
  C:2C9DH         LINE#         119
  C:2C9FH         LINE#         123
  C:2CA0H         LINE#         124
  C:2CA1H         LINE#         125
  C:2CA2H         LINE#         126
BL51 BANKED LINKER/LOCATER V6.22                                                      12/20/2019  18:51:14  PAGE 46


  C:2CA4H         LINE#         127
  C:2CA6H         LINE#         161
  C:2CA9H         LINE#         165
  -------         ENDMOD        ?C_STARTUP

  -------         MODULE        ?C?FPADD
  C:0885H         PUBLIC        ?C?FPADD
  C:0881H         PUBLIC        ?C?FPSUB
  -------         ENDMOD        ?C?FPADD

  -------         MODULE        ?C?FPMUL
  C:0976H         PUBLIC        ?C?FPMUL
  -------         ENDMOD        ?C?FPMUL

  -------         MODULE        ?C?FPDIV
  C:0A7FH         PUBLIC        ?C?FPDIV
  -------         ENDMOD        ?C?FPDIV

  -------         MODULE        ?C?FPCMP
  C:0B1EH         PUBLIC        ?C?FPCMP
  C:0B1CH         PUBLIC        ?C?FPCMP3
  -------         ENDMOD        ?C?FPCMP

  -------         MODULE        ?C?FCAST
  C:0B9FH         PUBLIC        ?C?FCASTC
  C:0B9AH         PUBLIC        ?C?FCASTI
  C:0B95H         PUBLIC        ?C?FCASTL
  -------         ENDMOD        ?C?FCAST

  -------         MODULE        PRINTF
  X:0041H         PUBLIC        ?_PRINTF?BYTE
  X:0041H         PUBLIC        ?_SPRINTF?BYTE
  C:10BAH         PUBLIC        _PRINTF
  C:10B4H         PUBLIC        _SPRINTF
  -------         ENDMOD        PRINTF

  -------         MODULE        ?C?FPROUND
  C:0C1DH         PUBLIC        ?C?FPROUND
  -------         ENDMOD        ?C?FPROUND

  -------         MODULE        ?C?FPCONVERT
  C:0C4CH         PUBLIC        ?C?FPCONVERT
  -------         ENDMOD        ?C?FPCONVERT

  -------         MODULE        ?C?FTNPWR
  C:0D7FH         PUBLIC        ?C?FTNPWR
  -------         ENDMOD        ?C?FTNPWR

  -------         MODULE        ?C?CLDPTR
  C:0DBFH         PUBLIC        ?C?CLDPTR
  -------         ENDMOD        ?C?CLDPTR

  -------         MODULE        ?C?CLDOPTR
  C:0DD8H         PUBLIC        ?C?CLDOPTR
  -------         ENDMOD        ?C?CLDOPTR

  -------         MODULE        ?C?CSTPTR
BL51 BANKED LINKER/LOCATER V6.22                                                      12/20/2019  18:51:14  PAGE 47


  C:0E05H         PUBLIC        ?C?CSTPTR
  -------         ENDMOD        ?C?CSTPTR

  -------         MODULE        ?C?CSTOPTR
  C:0E17H         PUBLIC        ?C?CSTOPTR
  -------         ENDMOD        ?C?CSTOPTR

  -------         MODULE        ?C?SIDIV
  C:0E39H         PUBLIC        ?C?SIDIV
  -------         ENDMOD        ?C?SIDIV

  -------         MODULE        ?C?LSUB
  C:0E6FH         PUBLIC        ?C?LSUB
  -------         ENDMOD        ?C?LSUB

  -------         MODULE        ?C?ULDIV
  C:0EB9H         PUBLIC        ?C?ULDIV
  -------         ENDMOD        ?C?ULDIV

  -------         MODULE        ?C?LNEG
  C:0F4BH         PUBLIC        ?C?LNEG
  -------         ENDMOD        ?C?LNEG

  -------         MODULE        ?C?ULCMP
  C:0F59H         PUBLIC        ?C?ULCMP
  -------         ENDMOD        ?C?ULCMP

  -------         MODULE        ?C?ULSHR
  C:0F6AH         PUBLIC        ?C?ULSHR
  -------         ENDMOD        ?C?ULSHR

  -------         MODULE        ?C?LLDPDATA
  C:0F7DH         PUBLIC        ?C?LLDPDATA
  -------         ENDMOD        ?C?LLDPDATA

  -------         MODULE        ?C?LLDPDATA0
  C:0F89H         PUBLIC        ?C?LLDPDATA0
  -------         ENDMOD        ?C?LLDPDATA0

  -------         MODULE        ?C?LSTPDATA
  C:0F96H         PUBLIC        ?C?LSTPDATA
  -------         ENDMOD        ?C?LSTPDATA

  -------         MODULE        ?C?LSTKPDATA
  C:0FA2H         PUBLIC        ?C?LSTKPDATA
  -------         ENDMOD        ?C?LSTKPDATA

  -------         MODULE        ?C?PLDPDATA
  C:0FBBH         PUBLIC        ?C?PLDPDATA
  -------         ENDMOD        ?C?PLDPDATA

  -------         MODULE        ?C?PLDIPDATA
  C:0FC4H         PUBLIC        ?C?PLDIPDATA
  -------         ENDMOD        ?C?PLDIPDATA

  -------         MODULE        ?C?PSTPDATA
  C:0FD4H         PUBLIC        ?C?PSTPDATA
BL51 BANKED LINKER/LOCATER V6.22                                                      12/20/2019  18:51:14  PAGE 48


  -------         ENDMOD        ?C?PSTPDATA

  -------         MODULE        ?C?CCASE
  C:0FDDH         PUBLIC        ?C?CCASE
  -------         ENDMOD        ?C?CCASE

  -------         MODULE        ?C?UIDIV
  C:1003H         PUBLIC        ?C?UIDIV
  -------         ENDMOD        ?C?UIDIV

Program Size: data=15.4 xdata=113 code=14188
LINK/LOCATE RUN COMPLETE.  0 WARNING(S),  0 ERROR(S)
