C51 COMPILER V9.54   MAIN                                                                  12/20/2019 18:51:13 PAGE 1   


C51 COMPILER V9.54, COMPILATION OF MODULE MAIN
OBJECT MODULE PLACED IN .\Output\main.obj
COMPILER INVOKED BY: D:\keil\C51\BIN\C51.EXE Code\main.c COMPACT ROM(COMPACT) OPTIMIZE(8,SIZE) BROWSE INCDIR(..\..\Inclu
                    -de;..\Include) DEFINE(FOSC_160000) DEBUG OBJECTEXTEND PRINT(.\LST\main.lst) TABS(2) OBJECT(.\Output\main.obj)

line level    source

   1          
   2          #include "N76E003.h"
   3          #include "SFR_Macro.h"
   4          #include "Function_define.h"
   5          #include "Common.h"
   6          #include "Delay.h"
   7          #include "OLED.h"
   8          #include "count.h"
   9          #include "dataflash.h"


MODULE INFORMATION:   STATIC OVERLAYABLE
   CODE SIZE        =   ----    ----
   CONSTANT SIZE    =   ----    ----
   XDATA SIZE       =   ----    ----
   PDATA SIZE       =   ----    ----
   DATA SIZE        =   ----    ----
   IDATA SIZE       =   ----    ----
   BIT SIZE         =   ----    ----
END OF MODULE INFORMATION.


C51 COMPILATION COMPLETE.  0 WARNING(S),  0 ERROR(S)
