C51 COMPILER V9.54   MAIN                                                                  03/19/2019 20:16:31 PAGE 1   


C51 COMPILER V9.54, COMPILATION OF MODULE MAIN
OBJECT MODULE PLACED IN .\Output\main.obj
COMPILER INVOKED BY: D:\keil\C51\BIN\C51.EXE Code\main.c ROM(COMPACT) OPTIMIZE(8,SIZE) BROWSE INCDIR(..\..\Include;..\In
                    -clude) DEFINE(FOSC_160000) DEBUG OBJECTEXTEND PRINT(.\LST\main.lst) OBJECT(.\Output\main.obj)

line level    source

   1          
   2          #include "N76E003.h"
   3          #include "SFR_Macro.h"
   4          #include "Function_define.h"
   5          #include "Common.h"
   6          #include "Delay.h"
   7          #include "OLED.h"
   8          #include "count.h"
   9          #include "dataflash.h"
  10          
  11          #define TH0_INIT        (65536-6667)/256 //5.0ms@XTAL=12MHz, Period = (10.85/2) ms@XTAL=22.1184MHz
  12          #define TL0_INIT        (65536-6667)%256
  13          #define TH1_INIT        0xE0 //2.5ms@XTAL=12MHz, Period = (5.425/2) ms@XTAL=22.1184MHz
  14          #define TL1_INIT        0x00
  15          
  16          bit BIT_TMP;
  17          
  18          extern unsigned char is_5ms_Flag;
  19          extern unsigned char blinktime;
  20          extern unsigned int powercnt;
  21          extern SysStruct        sysinfo;
  22          extern unsigned char get_battery_time;
  23          /*********************************************************************************************************
             -***
  24          *    TIMER 0 interrupt subroutine
  25          **********************************************************************************************************
             -**/
  26          void Timer0_ISR (void) interrupt 1          //interrupt address is 0x000B
  27          {
  28   1          TH0 = TH0_INIT;
  29   1          TL0 = TL0_INIT;
  30   1              is_5ms_Flag = 1;
  31   1              blinktime++;
  32   1              if (blinktime > (BLINK_H+BLINK_L))
  33   1                      blinktime = 0;
  34   1              powercnt++;
  35   1              get_battery_time++;
  36   1      }
  37          
  38          void Timer0_Init(void)
  39          {
  40   1              TMOD = 0XFF;
  41   1              TIMER0_MODE1_ENABLE;                        //Timer 0  mode configuration
  42   1          
  43   1              clr_T0M;
  44   1          
  45   1              TH0 = TH0_INIT;
  46   1              TL0 = TL0_INIT;
  47   1          
  48   1              set_ET0;                                    //enable Timer0 interrupt
  49   1              set_EA;                                     //enable interrupts
  50   1              
  51   1              set_TR0;                                    //Timer0 run
  52   1      }
C51 COMPILER V9.54   MAIN                                                                  03/19/2019 20:16:31 PAGE 2   

  53          
  54          extern unsigned int adcvalue[16];
  55          extern unsigned char adc_cnt;
  56          
  57          void ADC_ISR (void) interrupt 11
  58          {
  59   1              char index;
  60   1              index = adc_cnt;//&0x07;
  61   1          clr_ADCF;                               // Clear ADC interrupt flag
  62   1              adcvalue[index] = ADCRH;
  63   1              adcvalue[index] = adcvalue[index]<<4;
  64   1              adcvalue[index] |= ADCRL&0x0F;
  65   1              adc_cnt++;
  66   1              if (adc_cnt >= 16)
  67   1              {
  68   2                      clr_EADC;
  69   2              }
  70   1      }
  71          
  72          void initADC(void)
  73          {
  74   1              unsigned char i;
  75   1              adc_cnt = 0;
  76   1              for(i=0;i<16;i++)
  77   1                      adcvalue[i] = 0;
  78   1              PWM2_P10_OUTPUT_ENABLE;                         
  79   1              Enable_ADC_AIN3;                                                                                                                
  80   1              PWM2_FALLINGEDGE_TRIG_ADC;      
  81   1              PWMPH = 0x07;                                                                                                                           //Setting PWM value          
  82   1              PWMPL = 0xFF;
  83   1              PWM2H = 0x03;
  84   1              PWM2L = 0xFF;
  85   1              set_LOAD;                                                                                                                                               // PWM run
  86   1              set_PWMRUN;
  87   1              // Setting ADC
  88   1              set_EADC;                                                                                                                                               // Enable ADC interrupt (if use interrupt)
  89   1              EA = 1; 
  90   1              while(adc_cnt < 16);
  91   1              set_EADC;       
  92   1      }
  93          
  94          void main(void)
  95          {
  96   1              Set_All_GPIO_Quasi_Mode;
  97   1              Timer0_Init();
  98   1              initADC();
  99   1      //      while(1)
 100   1              {
 101   2                      main_loop();
 102   2              }
 103   1      }


MODULE INFORMATION:   STATIC OVERLAYABLE
   CODE SIZE        =    282    ----
   CONSTANT SIZE    =   ----    ----
   XDATA SIZE       =   ----    ----
   PDATA SIZE       =   ----    ----
   DATA SIZE        =   ----    ----
   IDATA SIZE       =   ----    ----
   BIT SIZE         =      1    ----
END OF MODULE INFORMATION.

C51 COMPILER V9.54   MAIN                                                                  03/19/2019 20:16:31 PAGE 3   


C51 COMPILATION COMPLETE.  0 WARNING(S),  0 ERROR(S)
