BL51 BANKED LINKER/LOCATER V6.22                                                        02/22/2019  20:33:29  PAGE 1


BL51 BANKED LINKER/LOCATER V6.22, INVOKED BY:
D:\KEIL\C51\BIN\BL51.EXE .\Output\main.obj, .\Output\FontData.obj, .\Output\OLED.obj, .\Output\count.obj, .\Output\dataf
>> lash.obj, .\Output\i2c.obj, .\Output\ds1302.obj, .\Output\STARTUP.obj TO .\Output\I2C_EEPROM PRINT (.\LST\I2C_EEPROM.
>> m51) RAMSIZE (256) DISABLEWARNING (16) XDATA (0X0000-0X02FF)


MEMORY MODEL: LARGE


INPUT MODULES INCLUDED:
  .\Output\main.obj (MAIN)
  .\Output\FontData.obj (FONTDATA)
  .\Output\OLED.obj (OLED)
  .\Output\count.obj (COUNT)
  .\Output\dataflash.obj (DATAFLASH)
  .\Output\i2c.obj (I2C)
  .\Output\ds1302.obj (DS1302)
  .\Output\STARTUP.obj (?C_STARTUP)
  D:\KEIL\C51\LIB\C51L.LIB (?C_INIT)
  D:\KEIL\C51\LIB\C51L.LIB (?C?CLDPTR)
  D:\KEIL\C51\LIB\C51L.LIB (?C?CLDOPTR)
  D:\KEIL\C51\LIB\C51L.LIB (?C?CSTPTR)
  D:\KEIL\C51\LIB\C51L.LIB (?C?CSTOPTR)
  D:\KEIL\C51\LIB\C51L.LIB (?C?IILDX)
  D:\KEIL\C51\LIB\C51L.LIB (?C?ILDIX)
  D:\KEIL\C51\LIB\C51L.LIB (?C?ILDOPTR)
  D:\KEIL\C51\LIB\C51L.LIB (?C?ISTOPTR)
  D:\KEIL\C51\LIB\C51L.LIB (?C?LSUB)
  D:\KEIL\C51\LIB\C51L.LIB (?C?ULCMP)
  D:\KEIL\C51\LIB\C51L.LIB (?C?LLDXDATA)
  D:\KEIL\C51\LIB\C51L.LIB (?C?LLDXDATA0)
  D:\KEIL\C51\LIB\C51L.LIB (?C?LSTXDATA)
  D:\KEIL\C51\LIB\C51L.LIB (?C?LSTKXDATA)
  D:\KEIL\C51\LIB\C51L.LIB (?C?PLDXDATA)
  D:\KEIL\C51\LIB\C51L.LIB (?C?PSTXDATA)


LINK MAP OF MODULE:  .\Output\I2C_EEPROM (MAIN)


            TYPE    BASE      LENGTH    RELOCATION   SEGMENT NAME
            -----------------------------------------------------

            * * * * * * *   D A T A   M E M O R Y   * * * * * * *
            REG     0000H     0008H     ABSOLUTE     "REG BANK 0"
                    0008H     0018H                  *** GAP ***
            BIT     0020H.0   0000H.1   UNIT         ?BI?MAIN
                    0020H.1   0000H.7                *** GAP ***
            IDATA   0021H     0001H     UNIT         ?STACK

            * * * * * * *  X D A T A   M E M O R Y  * * * * * * *
            XDATA   0000H     0126H     UNIT         ?XD?COUNT
            XDATA   0126H     001EH     UNIT         _XDATA_GROUP_
            XDATA   0144H     0003H     UNIT         ?XD?_WRITETIMER?DS1302
            XDATA   0147H     0001H     UNIT         ?XD?I2C

            * * * * * * *   C O D E   M E M O R Y   * * * * * * *
            CODE    0000H     0003H     ABSOLUTE     
BL51 BANKED LINKER/LOCATER V6.22                                                      02/22/2019  20:33:29  PAGE 2


            CODE    0003H     0003H     ABSOLUTE     
            CODE    0006H     0004H     INBLOCK      ?PR?PININTERRUPT_ISR?COUNT
            CODE    000AH     0001H     INBLOCK      ?PR?EXT_INT0?COUNT
            CODE    000BH     0003H     ABSOLUTE     
            CODE    000EH     0001H     INBLOCK      ?PR?EXT_INT1?COUNT
            CODE    000FH     0001H     INBLOCK      ?PR?READ_TIME_SYSINFO?COUNT
                    0010H     0003H                  *** GAP ***
            CODE    0013H     0003H     ABSOLUTE     
            CODE    0016H     0023H     INBLOCK      ?PR?_DS1302_DPD?DS1302
                    0039H     0002H                  *** GAP ***
            CODE    003BH     0003H     ABSOLUTE     
            CODE    003EH     001DH     INBLOCK      ?PR?INIT_I2C?I2C
            CODE    005BH     0003H     ABSOLUTE     
            CODE    005EH     050DH     UNIT         ?CO?FONTDATA
            CODE    056BH     01BEH     INBLOCK      ?PR?_DISPLAY_BATICONLEVEL_CHARGING?COUNT
            CODE    0729H     00CBH     INBLOCK      ?PR?_DISPLAY_RST_CNT_STAGE_YES?COUNT
            CODE    07F4H     000CH     INBLOCK      ?PR?I2C_ACK?I2C
            CODE    0800H     0437H     INBLOCK      ?PR?_DISPLAY_CNT_STAGE_CNT?COUNT
            CODE    0C37H     0313H     INBLOCK      ?PR?_GETBATLEVER?COUNT
            CODE    0F4AH     00ACH     UNIT         ?C_C51STARTUP
            CODE    0FF6H     000AH     INBLOCK      ?PR?I2C_STOP?I2C
            CODE    1000H     01BCH     INBLOCK      ?PR?_DISPLAY_BATICONLEVEL?COUNT
            CODE    11BCH     01B7H     INBLOCK      ?PR?MAIN_LOOP?COUNT
            CODE    1373H     0191H     UNIT         ?C?LIB_CODE
            CODE    1504H     014CH     INBLOCK      ?PR?_DISPLAY_RST_CNT_STAGE_1?COUNT
            CODE    1650H     014CH     INBLOCK      ?PR?_DISPLAY_RST_SYS_STAGE_1?COUNT
            CODE    179CH     0056H     INBLOCK      ?PR?INITADC?MAIN
            CODE    17F2H     000BH     INBLOCK      ?PR?_DS1302READBYTE?DS1302
                    17FDH     0003H                  *** GAP ***
            CODE    1800H     0129H     INBLOCK      ?PR?CNT_STAGE?COUNT
            CODE    1929H     011AH     INBLOCK      ?PR?OLED_INIT?OLED
            CODE    1A43H     0118H     INBLOCK      ?PR?KEYSCAN?COUNT
            CODE    1B5BH     0115H     INBLOCK      ?PR?_DISPLAY_CNT_STAGE_TIBNUM?COUNT
            CODE    1C70H     00E5H     INBLOCK      ?PR?_DISPLAY_CNT_STAGE_ARABNUM?COUNT
            CODE    1D55H     00E3H     INBLOCK      ?PR?_SAVEDATA?DATAFLASH
            CODE    1E38H     00CBH     INBLOCK      ?PR?_DISPLAY_RST_CNT_STAGE_NO?COUNT
            CODE    1F03H     00C6H     INBLOCK      ?PR?RST_CNT_STAGE?COUNT
            CODE    1FC9H     0036H     INBLOCK      ?PR?KEYINIT?COUNT
                    1FFFH     0001H                  *** GAP ***
            CODE    2000H     00BEH     INBLOCK      ?PR?SELECT_NUMTYPE?COUNT
            CODE    20BEH     00BDH     INBLOCK      ?PR?ADC_ISR?MAIN
            CODE    217BH     00BCH     INBLOCK      ?PR?SELECT_LANGUAGE?COUNT
            CODE    2237H     00BCH     INBLOCK      ?PR?RST_SYS_STAGE?COUNT
            CODE    22F3H     00B7H     INBLOCK      ?PR?_READTIMER?DS1302
            CODE    23AAH     00A3H     INBLOCK      ?PR?_GETDATA?DATAFLASH
            CODE    244DH     009FH     INBLOCK      ?PR?_ERASE_LDROM?DATAFLASH
            CODE    24ECH     0096H     UNIT         ?C_INITSEG
            CODE    2582H     0095H     INBLOCK      ?PR?_WRITETIMER?DS1302
            CODE    2617H     0093H     INBLOCK      ?PR?_PROGRAM_LDROM?DATAFLASH
            CODE    26AAH     0091H     INBLOCK      ?PR?_DRAW_BMP?OLED
            CODE    273BH     008CH     INBLOCK      ?PR?_DISPLAY_LANGUAGE_ENGLISH?COUNT
            CODE    27C7H     0039H     INBLOCK      ?PR?READBYTE?DS1302
            CODE    2800H     007AH     INBLOCK      ?PR?_OLED_CLS_WINDOWS?OLED
            CODE    287AH     007AH     INBLOCK      ?PR?SYS_CHARGE_STAGE?COUNT
            CODE    28F4H     006DH     INBLOCK      ?PR?_PROGRAM_LDROM_VERIFY?DATAFLASH
            CODE    2961H     006CH     INBLOCK      ?PR?INIT1302?DS1302
            CODE    29CDH     0068H     INBLOCK      ?PR?TIMER0_ISR?MAIN
BL51 BANKED LINKER/LOCATER V6.22                                                      02/22/2019  20:33:29  PAGE 3


            CODE    2A35H     004FH     INBLOCK      ?PR?OLED_CLEAR?OLED
            CODE    2A84H     004FH     INBLOCK      ?PR?_GETDIV?COUNT
            CODE    2AD3H     0047H     INBLOCK      ?PR?_DISPLAY_LANGUAGE_CHINESE?COUNT
            CODE    2B1AH     0038H     INBLOCK      ?PR?_GETREMAINDER?COUNT
            CODE    2B52H     0036H     UNIT         ?CO?COUNT
            CODE    2B88H     0035H     INBLOCK      ?PR?P30_INIT?COUNT
            CODE    2BBDH     0033H     INBLOCK      ?PR?_OLED_SET_POS?OLED
            CODE    2BF0H     0033H     INBLOCK      ?PR?_WRITEBYTE?DS1302
            CODE    2C23H     002CH     INBLOCK      ?PR?TRIGGER_IAP?DATAFLASH
            CODE    2C4FH     002CH     INBLOCK      ?PR?I2C_READ_BYTE?I2C
            CODE    2C7BH     002BH     INBLOCK      ?PR?SYSLOOP?COUNT
            CODE    2CA6H     0029H     INBLOCK      ?PR?DISPLAY_BATICON?COUNT
            CODE    2CCFH     0028H     INBLOCK      ?PR?EXTI1_INIT?COUNT
            CODE    2CF7H     0022H     INBLOCK      ?PR?_I2C_SEND_BYTE?I2C
            CODE    2D19H     0020H     INBLOCK      ?PR?I2C_WAIT_ACK?I2C
            CODE    2D39H     001CH     INBLOCK      ?PR?_DVICE_WRITEDATA?I2C
            CODE    2D55H     001CH     INBLOCK      ?PR?_HEX_BCD?DS1302
            CODE    2D71H     001BH     INBLOCK      ?PR?OLED_DISPLAY_ON?OLED
            CODE    2D8CH     001BH     INBLOCK      ?PR?OLED_DISPLAY_OFF?OLED
            CODE    2DA7H     0019H     INBLOCK      ?PR?TIMER0_INIT?MAIN
            CODE    2DC0H     0018H     INBLOCK      ?PR?MAIN?MAIN
            CODE    2DD8H     0016H     INBLOCK      ?PR?_DS1303_UPDATE_HR?DS1302
            CODE    2DEEH     0016H     INBLOCK      ?PR?_DS1303_UPDATE_MIN?DS1302
            CODE    2E04H     0016H     INBLOCK      ?PR?_DS1303_UPDATE_SEC?DS1302
            CODE    2E1AH     0015H     INBLOCK      ?PR?_DS1302WRITEBYTE?DS1302
            CODE    2E2FH     0015H     INBLOCK      ?PR?_BCD_HEX?DS1302
            CODE    2E44H     0014H     INBLOCK      ?PR?ENTER_DPD?COUNT
            CODE    2E58H     0011H     INBLOCK      ?PR?I2C_START?I2C
            CODE    2E69H     0010H     INBLOCK      ?PR?I2C_DELAY?I2C
            CODE    2E79H     0007H     INBLOCK      ?PR?_DELAY1US?DS1302



OVERLAY MAP OF MODULE:   .\Output\I2C_EEPROM (MAIN)


SEGMENT                                            XDATA_GROUP
  +--> CALLED SEGMENT                            START    LENGTH
----------------------------------------------------------------
?PR?ADC_ISR?MAIN                                 0126H    0001H

*** NEW ROOT ***************************************************

?C_C51STARTUP                                    -----    -----
  +--> ?PR?MAIN?MAIN
  +--> ?C_INITSEG

?PR?MAIN?MAIN                                    -----    -----
  +--> ?PR?TIMER0_INIT?MAIN
  +--> ?PR?INITADC?MAIN
  +--> ?PR?MAIN_LOOP?COUNT

?PR?MAIN_LOOP?COUNT                              -----    -----
  +--> ?PR?OLED_INIT?OLED
  +--> ?PR?OLED_CLEAR?OLED
  +--> ?PR?KEYINIT?COUNT
  +--> ?PR?_GETDATA?DATAFLASH
BL51 BANKED LINKER/LOCATER V6.22                                                      02/22/2019  20:33:29  PAGE 4


  +--> ?PR?INITADC?MAIN
  +--> ?PR?KEYSCAN?COUNT
  +--> ?PR?_OLED_SET_POS?OLED
  +--> ?CO?FONTDATA
  +--> ?PR?_DRAW_BMP?OLED
  +--> ?PR?_ERASE_LDROM?DATAFLASH
  +--> ?PR?_OLED_CLS_WINDOWS?OLED
  +--> ?PR?SYSLOOP?COUNT
  +--> ?PR?OLED_DISPLAY_OFF?OLED
  +--> ?PR?_SAVEDATA?DATAFLASH
  +--> ?PR?ENTER_DPD?COUNT

?PR?OLED_INIT?OLED                               -----    -----
  +--> ?PR?INIT_I2C?I2C
  +--> ?PR?_DVICE_WRITEDATA?I2C

?PR?_DVICE_WRITEDATA?I2C                         -----    -----
  +--> ?PR?I2C_START?I2C
  +--> ?PR?I2C_WAIT_ACK?I2C
  +--> ?PR?_I2C_SEND_BYTE?I2C
  +--> ?PR?I2C_STOP?I2C

?PR?I2C_START?I2C                                -----    -----
  +--> ?PR?I2C_DELAY?I2C

?PR?I2C_WAIT_ACK?I2C                             -----    -----
  +--> ?PR?_I2C_SEND_BYTE?I2C
  +--> ?PR?I2C_DELAY?I2C
  +--> ?PR?I2C_STOP?I2C

?PR?_I2C_SEND_BYTE?I2C                           -----    -----
  +--> ?PR?I2C_DELAY?I2C

?PR?I2C_STOP?I2C                                 -----    -----
  +--> ?PR?I2C_DELAY?I2C

?PR?OLED_CLEAR?OLED                              0127H    0002H
  +--> ?PR?_DVICE_WRITEDATA?I2C

?PR?_GETDATA?DATAFLASH                           0127H    0007H
  +--> ?PR?_PROGRAM_LDROM_VERIFY?DATAFLASH

?PR?_PROGRAM_LDROM_VERIFY?DATAFLASH              013FH    0005H
  +--> ?PR?TRIGGER_IAP?DATAFLASH

?PR?KEYSCAN?COUNT                                -----    -----
  +--> ?PR?_OLED_CLS_WINDOWS?OLED

?PR?_OLED_CLS_WINDOWS?OLED                       0133H    0008H
  +--> ?PR?_OLED_SET_POS?OLED
  +--> ?PR?_DVICE_WRITEDATA?I2C

?PR?_OLED_SET_POS?OLED                           013EH    0001H
  +--> ?PR?_DVICE_WRITEDATA?I2C

?PR?_DRAW_BMP?OLED                               0133H    000BH
  +--> ?PR?_OLED_SET_POS?OLED
BL51 BANKED LINKER/LOCATER V6.22                                                      02/22/2019  20:33:29  PAGE 5


  +--> ?PR?_DVICE_WRITEDATA?I2C

?PR?_ERASE_LDROM?DATAFLASH                       013FH    0004H
  +--> ?PR?TRIGGER_IAP?DATAFLASH

?PR?SYSLOOP?COUNT                                -----    -----
  +--> ?PR?SELECT_LANGUAGE?COUNT
  +--> ?PR?SELECT_NUMTYPE?COUNT
  +--> ?PR?CNT_STAGE?COUNT
  +--> ?PR?RST_CNT_STAGE?COUNT
  +--> ?PR?RST_SYS_STAGE?COUNT
  +--> ?PR?SYS_CHARGE_STAGE?COUNT

?PR?SELECT_LANGUAGE?COUNT                        -----    -----
  +--> ?PR?_OLED_CLS_WINDOWS?OLED
  +--> ?PR?_DISPLAY_LANGUAGE_CHINESE?COUNT
  +--> ?PR?_DISPLAY_LANGUAGE_ENGLISH?COUNT

?PR?_DISPLAY_LANGUAGE_CHINESE?COUNT              -----    -----
  +--> ?CO?FONTDATA
  +--> ?PR?_DRAW_BMP?OLED
  +--> ?PR?_OLED_CLS_WINDOWS?OLED

?PR?_DISPLAY_LANGUAGE_ENGLISH?COUNT              0127H    0004H
  +--> ?CO?COUNT
  +--> ?CO?FONTDATA
  +--> ?PR?_DRAW_BMP?OLED
  +--> ?PR?_OLED_CLS_WINDOWS?OLED

?PR?SELECT_NUMTYPE?COUNT                         -----    -----
  +--> ?PR?_DISPLAY_CNT_STAGE_ARABNUM?COUNT
  +--> ?PR?_DISPLAY_CNT_STAGE_TIBNUM?COUNT

?PR?_DISPLAY_CNT_STAGE_ARABNUM?COUNT             0127H    0005H
  +--> ?CO?COUNT
  +--> ?CO?FONTDATA
  +--> ?PR?_DRAW_BMP?OLED
  +--> ?PR?_OLED_CLS_WINDOWS?OLED

?PR?_DISPLAY_CNT_STAGE_TIBNUM?COUNT              0127H    0005H
  +--> ?CO?COUNT
  +--> ?CO?FONTDATA
  +--> ?PR?_DRAW_BMP?OLED
  +--> ?PR?_OLED_CLS_WINDOWS?OLED

?PR?CNT_STAGE?COUNT                              -----    -----
  +--> ?PR?INITADC?MAIN
  +--> ?PR?_DISPLAY_CNT_STAGE_CNT?COUNT
  +--> ?PR?_GETBATLEVER?COUNT
  +--> ?PR?_DISPLAY_BATICONLEVEL?COUNT
  +--> ?PR?DISPLAY_BATICON?COUNT
  +--> ?PR?_OLED_CLS_WINDOWS?OLED

?PR?_DISPLAY_CNT_STAGE_CNT?COUNT                 0127H    000CH
  +--> ?PR?_OLED_CLS_WINDOWS?OLED
  +--> ?PR?_GETDIV?COUNT
  +--> ?PR?_GETREMAINDER?COUNT
BL51 BANKED LINKER/LOCATER V6.22                                                      02/22/2019  20:33:29  PAGE 6


  +--> ?CO?FONTDATA
  +--> ?PR?_DRAW_BMP?OLED

?PR?_GETDIV?COUNT                                0133H    000AH

?PR?_GETREMAINDER?COUNT                          0133H    0008H

?PR?_GETBATLEVER?COUNT                           0128H    0003H

?PR?_DISPLAY_BATICONLEVEL?COUNT                  0128H    0001H
  +--> ?PR?_DRAW_BMP?OLED

?PR?DISPLAY_BATICON?COUNT                        0127H    0001H
  +--> ?PR?_GETBATLEVER?COUNT
  +--> ?PR?_DISPLAY_BATICONLEVEL?COUNT

?PR?RST_CNT_STAGE?COUNT                          -----    -----
  +--> ?PR?_DISPLAY_RST_CNT_STAGE_1?COUNT
  +--> ?PR?_DISPLAY_RST_CNT_STAGE_YES?COUNT
  +--> ?PR?_DISPLAY_RST_CNT_STAGE_NO?COUNT

?PR?_DISPLAY_RST_CNT_STAGE_1?COUNT               0127H    0008H
  +--> ?CO?COUNT
  +--> ?CO?FONTDATA
  +--> ?PR?_DRAW_BMP?OLED
  +--> ?PR?_OLED_CLS_WINDOWS?OLED

?PR?_DISPLAY_RST_CNT_STAGE_YES?COUNT             0127H    0005H
  +--> ?CO?COUNT
  +--> ?CO?FONTDATA
  +--> ?PR?_DRAW_BMP?OLED
  +--> ?PR?_OLED_CLS_WINDOWS?OLED

?PR?_DISPLAY_RST_CNT_STAGE_NO?COUNT              0127H    0005H
  +--> ?CO?COUNT
  +--> ?CO?FONTDATA
  +--> ?PR?_DRAW_BMP?OLED
  +--> ?PR?_OLED_CLS_WINDOWS?OLED

?PR?RST_SYS_STAGE?COUNT                          -----    -----
  +--> ?PR?_DISPLAY_RST_SYS_STAGE_1?COUNT
  +--> ?PR?_DISPLAY_RST_CNT_STAGE_YES?COUNT
  +--> ?PR?_DISPLAY_RST_CNT_STAGE_NO?COUNT

?PR?_DISPLAY_RST_SYS_STAGE_1?COUNT               0127H    0008H
  +--> ?CO?COUNT
  +--> ?CO?FONTDATA
  +--> ?PR?_DRAW_BMP?OLED
  +--> ?PR?_OLED_CLS_WINDOWS?OLED

?PR?SYS_CHARGE_STAGE?COUNT                       0127H    0001H
  +--> ?PR?_OLED_CLS_WINDOWS?OLED
  +--> ?PR?INITADC?MAIN
  +--> ?PR?_GETBATLEVER?COUNT
  +--> ?PR?_DISPLAY_BATICONLEVEL_CHARGING?COUNT

?PR?_DISPLAY_BATICONLEVEL_CHARGING?COUNT         0128H    0001H
BL51 BANKED LINKER/LOCATER V6.22                                                      02/22/2019  20:33:29  PAGE 7


  +--> ?PR?_DRAW_BMP?OLED

?PR?OLED_DISPLAY_OFF?OLED                        -----    -----
  +--> ?PR?_DVICE_WRITEDATA?I2C

?PR?_SAVEDATA?DATAFLASH                          0127H    0018H
  +--> ?PR?_PROGRAM_LDROM_VERIFY?DATAFLASH
  +--> ?PR?_ERASE_LDROM?DATAFLASH
  +--> ?PR?_PROGRAM_LDROM?DATAFLASH

?PR?_PROGRAM_LDROM?DATAFLASH                     013FH    0005H
  +--> ?PR?TRIGGER_IAP?DATAFLASH

?PR?ENTER_DPD?COUNT                              -----    -----
  +--> ?PR?P30_INIT?COUNT
  +--> ?PR?EXTI1_INIT?COUNT



SYMBOL TABLE OF MODULE:  .\Output\I2C_EEPROM (MAIN)

  VALUE           TYPE          NAME
  ----------------------------------

  -------         MODULE        MAIN
  C:0000H         SYMBOL        _ICE_DUMMY_
  D:00F6H         PUBLIC        AINDIDS
  D:00B1H         PUBLIC        P0M1
  C:179CH         PUBLIC        initADC
  D:00B3H         PUBLIC        P1M1
  D:00B2H         PUBLIC        P0M2
  D:0080H         PUBLIC        P0
  D:00B4H         PUBLIC        P1M2
  D:0090H         PUBLIC        P1
  D:00ACH         PUBLIC        P3M1
  D:00A0H         PUBLIC        P2
  D:00B0H         PUBLIC        P3
  D:00ADH         PUBLIC        P3M2
  C:29CDH         PUBLIC        Timer0_ISR
  B:00A8H.7       PUBLIC        EA
  D:00D8H         PUBLIC        PWMCON0
  B:00A8H.6       PUBLIC        EADC
  D:00D1H         PUBLIC        PWMPH
  D:00A8H         PUBLIC        IE
  B:00E8H.7       PUBLIC        ADCF
  D:00D9H         PUBLIC        PWMPL
  C:20BEH         PUBLIC        ADC_ISR
  D:00B8H         PUBLIC        IP
  B:00D8H.6       PUBLIC        LOAD
  C:2DC0H         PUBLIC        main
  C:2DA7H         PUBLIC        Timer0_Init
  B:0020H.0       PUBLIC        BIT_TMP
  D:0098H         PUBLIC        SCON
  D:0089H         PUBLIC        TMOD
  D:0088H         PUBLIC        TCON
  D:00F8H         PUBLIC        SCON_1
  B:00A8H.1       PUBLIC        ET0
BL51 BANKED LINKER/LOCATER V6.22                                                      02/22/2019  20:33:29  PAGE 8


  D:008CH         PUBLIC        TH0
  D:008AH         PUBLIC        TL0
  B:0088H.4       PUBLIC        TR0
  D:00E8H         PUBLIC        ADCCON0
  D:00E1H         PUBLIC        ADCCON1
  D:00C0H         PUBLIC        I2CON
  D:00C3H         PUBLIC        ADCRH
  D:00C8H         PUBLIC        T2CON
  D:00C2H         PUBLIC        ADCRL
  B:00D8H.7       PUBLIC        PWMRUN
  D:00D4H         PUBLIC        PWM2H
  D:008EH         PUBLIC        CKCON
  D:00DCH         PUBLIC        PWM2L
  D:00DEH         PUBLIC        PIOCON0
  D:00D0H         PUBLIC        PSW
  -------         PROC          TIMER0_ISR
  C:29CDH         LINE#         28
  C:29DCH         LINE#         30
  C:29DFH         LINE#         31
  C:29E2H         LINE#         32
  C:29E8H         LINE#         33
  C:29EEH         LINE#         34
  C:29F4H         LINE#         35
  C:29F6H         LINE#         36
  C:2A00H         LINE#         37
  C:2A0AH         LINE#         38
  C:2A14H         LINE#         39
  C:2A1EH         LINE#         40
  C:2A28H         LINE#         41
  -------         ENDPROC       TIMER0_ISR
  -------         PROC          TIMER0_INIT
  C:2DA7H         LINE#         43
  C:2DA7H         LINE#         44
  C:2DA7H         LINE#         45
  C:2DAAH         LINE#         46
  C:2DB0H         LINE#         48
  C:2DB3H         LINE#         50
  C:2DB6H         LINE#         51
  C:2DB9H         LINE#         53
  C:2DBBH         LINE#         54
  C:2DBDH         LINE#         56
  C:2DBFH         LINE#         57
  -------         ENDPROC       TIMER0_INIT
  -------         PROC          ADC_ISR
  -------         DO            
  X:0126H         SYMBOL        index
  -------         ENDDO         
  C:20BEH         LINE#         62
  C:20D1H         LINE#         65
  C:20DAH         LINE#         66
  C:20DCH         LINE#         67
  C:20FBH         LINE#         68
  C:2128H         LINE#         69
  C:215CH         LINE#         70
  C:2162H         LINE#         71
  C:2168H         LINE#         72
  C:2168H         LINE#         73
BL51 BANKED LINKER/LOCATER V6.22                                                      02/22/2019  20:33:29  PAGE 9


  C:216AH         LINE#         74
  C:216AH         LINE#         75
  -------         ENDPROC       ADC_ISR
  -------         PROC          INITADC
  -------         DO            
  D:0007H         SYMBOL        i
  -------         ENDDO         
  C:179CH         LINE#         77
  C:179CH         LINE#         78
  C:179CH         LINE#         80
  C:17A1H         LINE#         81
  C:17A1H         LINE#         82
  C:17ABH         LINE#         83
  C:17AEH         LINE#         84
  C:17C3H         LINE#         85
  C:17D2H         LINE#         86
  C:17D5H         LINE#         87
  C:17D8H         LINE#         88
  C:17DBH         LINE#         89
  C:17DEH         LINE#         90
  C:17E0H         LINE#         91
  C:17E2H         LINE#         93
  C:17E4H         LINE#         94
  C:17E6H         LINE#         95
  C:17EFH         LINE#         96
  C:17F1H         LINE#         97
  -------         ENDPROC       INITADC
  -------         PROC          MAIN
  C:2DC0H         LINE#         99
  C:2DC0H         LINE#         100
  C:2DC0H         LINE#         101
  C:2DCDH         LINE#         102
  C:2DD0H         LINE#         103
  C:2DD3H         LINE#         104
  C:2DD3H         LINE#         105
  C:2DD3H         LINE#         106
  C:2DD6H         LINE#         107
  -------         ENDPROC       MAIN
  -------         ENDMOD        MAIN

  -------         MODULE        FONTDATA
  C:0000H         SYMBOL        _ICE_DUMMY_
  C:01DEH         PUBLIC        font1_0_9
  C:02D0H         PUBLIC        font_A_Z
  C:0220H         PUBLIC        font2_0_9
  C:0560H         PUBLIC        colon
  C:0470H         PUBLIC        t0
  C:0568H         PUBLIC        colon1
  C:005EH         PUBLIC        font_CHN
  -------         ENDMOD        FONTDATA

  -------         MODULE        OLED
  C:0000H         SYMBOL        _ICE_DUMMY_
  C:2D71H         PUBLIC        OLED_Display_On
  D:00B3H         PUBLIC        P1M1
  D:0080H         PUBLIC        P0
  D:00B4H         PUBLIC        P1M2
BL51 BANKED LINKER/LOCATER V6.22                                                      02/22/2019  20:33:29  PAGE 10


  D:0090H         PUBLIC        P1
  D:00A0H         PUBLIC        P2
  D:00B0H         PUBLIC        P3
  D:00D8H         PUBLIC        PWMCON0
  D:00A8H         PUBLIC        IE
  D:00B8H         PUBLIC        IP
  C:1929H         PUBLIC        OLED_Init
  D:0098H         PUBLIC        SCON
  B:0090H.4       PUBLIC        P14
  D:0088H         PUBLIC        TCON
  C:2800H         PUBLIC        _OLED_CLS_Windows
  D:00F8H         PUBLIC        SCON_1
  C:2BBDH         PUBLIC        _OLED_Set_Pos
  C:26AAH         PUBLIC        _Draw_BMP
  D:00E8H         PUBLIC        ADCCON0
  D:00C0H         PUBLIC        I2CON
  C:2D8CH         PUBLIC        OLED_Display_Off
  D:00C8H         PUBLIC        T2CON
  C:2A35H         PUBLIC        OLED_Clear
  D:00D0H         PUBLIC        PSW
  -------         PROC          OLED_INIT
  C:1929H         LINE#         13
  C:1929H         LINE#         14
  C:1929H         LINE#         15
  C:192FH         LINE#         16
  C:1931H         LINE#         17
  C:1938H         LINE#         18
  C:1947H         LINE#         19
  C:1949H         LINE#         22
  C:194CH         LINE#         23
  C:1953H         LINE#         24
  C:1962H         LINE#         26
  C:196BH         LINE#         27
  C:1973H         LINE#         28
  C:197CH         LINE#         29
  C:1984H         LINE#         30
  C:198DH         LINE#         31
  C:1996H         LINE#         32
  C:199FH         LINE#         33
  C:19A8H         LINE#         34
  C:19B1H         LINE#         35
  C:19BAH         LINE#         36
  C:19C3H         LINE#         37
  C:19CCH         LINE#         38
  C:19D5H         LINE#         39
  C:19DDH         LINE#         40
  C:19E6H         LINE#         41
  C:19EFH         LINE#         42
  C:19F8H         LINE#         43
  C:1A01H         LINE#         44
  C:1A0AH         LINE#         45
  C:1A13H         LINE#         46
  C:1A1CH         LINE#         47
  C:1A25H         LINE#         48
  C:1A2EH         LINE#         49
  C:1A37H         LINE#         50
  C:1A40H         LINE#         51
BL51 BANKED LINKER/LOCATER V6.22                                                      02/22/2019  20:33:29  PAGE 11


  C:1A42H         LINE#         52
  -------         ENDPROC       OLED_INIT
  -------         PROC          _OLED_SET_POS
  D:0007H         SYMBOL        x
  D:0005H         SYMBOL        y
  -------         DO            
  X:013EH         SYMBOL        x0
  -------         ENDDO         
  C:2BBDH         LINE#         55
  C:2BBDH         LINE#         56
  C:2BBDH         LINE#         58
  C:2BC4H         LINE#         59
  C:2BCFH         LINE#         60
  C:2BE2H         LINE#         61
  -------         ENDPROC       _OLED_SET_POS
  -------         PROC          OLED_DISPLAY_ON
  C:2D71H         LINE#         64
  C:2D71H         LINE#         65
  C:2D71H         LINE#         66
  C:2D7AH         LINE#         67
  C:2D83H         LINE#         68
  -------         ENDPROC       OLED_DISPLAY_ON
  -------         PROC          OLED_DISPLAY_OFF
  C:2D8CH         LINE#         71
  C:2D8CH         LINE#         72
  C:2D8CH         LINE#         73
  C:2D95H         LINE#         74
  C:2D9EH         LINE#         75
  -------         ENDPROC       OLED_DISPLAY_OFF
  -------         PROC          OLED_CLEAR
  -------         DO            
  X:0127H         SYMBOL        i
  X:0128H         SYMBOL        n
  -------         ENDDO         
  C:2A35H         LINE#         77
  C:2A35H         LINE#         78
  C:2A35H         LINE#         80
  C:2A44H         LINE#         81
  C:2A44H         LINE#         82
  C:2A4FH         LINE#         83
  C:2A57H         LINE#         84
  C:2A60H         LINE#         85
  C:2A66H         LINE#         86
  C:2A7BH         LINE#         87
  C:2A83H         LINE#         88
  -------         ENDPROC       OLED_CLEAR
  -------         PROC          _OLED_CLS_WINDOWS
  X:0133H         SYMBOL        x0
  D:0005H         SYMBOL        y0
  X:0135H         SYMBOL        x1
  X:0136H         SYMBOL        y1
  -------         DO            
  X:0137H         SYMBOL        j
  X:0139H         SYMBOL        x
  X:013AH         SYMBOL        y
  -------         ENDDO         
  C:2800H         LINE#         91
BL51 BANKED LINKER/LOCATER V6.22                                                      02/22/2019  20:33:29  PAGE 12


  C:280AH         LINE#         92
  C:280AH         LINE#         93
  C:2811H         LINE#         96
  C:281AH         LINE#         97
  C:2822H         LINE#         99
  C:2830H         LINE#         100
  C:2843H         LINE#         101
  C:2843H         LINE#         102
  C:284BH         LINE#         103
  C:2860H         LINE#         104
  C:2860H         LINE#         105
  C:2869H         LINE#         106
  C:2871H         LINE#         107
  C:2879H         LINE#         108
  -------         ENDPROC       _OLED_CLS_WINDOWS
  -------         PROC          _DRAW_BMP
  X:0133H         SYMBOL        x0
  D:0005H         SYMBOL        y0
  X:0135H         SYMBOL        x1
  X:0136H         SYMBOL        y1
  X:0137H         SYMBOL        BMP
  -------         DO            
  X:013AH         SYMBOL        j
  X:013CH         SYMBOL        x
  X:013DH         SYMBOL        y
  -------         ENDDO         
  C:26AAH         LINE#         111
  C:26B4H         LINE#         112
  C:26B4H         LINE#         113
  C:26BBH         LINE#         116
  C:26C4H         LINE#         117
  C:26CCH         LINE#         119
  C:26DAH         LINE#         120
  C:26EDH         LINE#         121
  C:26EDH         LINE#         122
  C:26F5H         LINE#         123
  C:270AH         LINE#         124
  C:270AH         LINE#         125
  C:272AH         LINE#         126
  C:2732H         LINE#         127
  C:273AH         LINE#         128
  -------         ENDPROC       _DRAW_BMP
  -------         ENDMOD        OLED

  -------         MODULE        COUNT
  C:0000H         SYMBOL        _ICE_DUMMY_
  D:00B1H         PUBLIC        P0M1
  C:2B20H         PUBLIC        _getremainder
  D:00B3H         PUBLIC        P1M1
  D:00B2H         PUBLIC        P0M2
  D:0080H         PUBLIC        P0
  C:1650H         PUBLIC        _display_rst_sys_stage_1
  D:00B4H         PUBLIC        P1M2
  D:0090H         PUBLIC        P1
  D:00ACH         PUBLIC        P3M1
  D:00A0H         PUBLIC        P2
  D:00B0H         PUBLIC        P3
BL51 BANKED LINKER/LOCATER V6.22                                                      02/22/2019  20:33:29  PAGE 13


  D:00ADH         PUBLIC        P3M2
  C:2CCFH         PUBLIC        exti1_init
  C:056BH         PUBLIC        _display_baticonlevel_charging
  B:00A8H.7       PUBLIC        EA
  C:2A8AH         PUBLIC        _getdiv
  D:00D8H         PUBLIC        PWMCON0
  X:0000H         PUBLIC        is_enter_charging
  C:0729H         PUBLIC        _display_rst_cnt_stage_yes
  C:1B5BH         PUBLIC        _display_cnt_stage_tibnum
  B:00A8H.6       PUBLIC        EADC
  D:00A8H         PUBLIC        IE
  X:0001H         PUBLIC        keytype
  X:0002H         PUBLIC        sysinfo
  C:1E38H         PUBLIC        _display_rst_cnt_stage_no
  X:000CH         PUBLIC        batlevelbuf
  D:00C7H         PUBLIC        TA
  C:1F03H         PUBLIC        Rst_Cnt_Stage
  D:00B8H         PUBLIC        IP
  X:0014H         PUBLIC        chargeicon
  C:2000H         PUBLIC        Select_NumType
  C:0C37H         PUBLIC        _getbatlever
  C:000FH         PUBLIC        read_time_sysinfo
  X:0054H         PUBLIC        systime_info
  X:005CH         PUBLIC        date_time_croll_index
  X:005DH         PUBLIC        date_time_flag
  X:005EH         PUBLIC        is_5ms_Flag
  D:0087H         PUBLIC        PCON
  C:1A43H         PUBLIC        KeyScan
  X:005FH         PUBLIC        date_time
  C:2237H         PUBLIC        Rst_Sys_Stage
  B:00B0H.0       PUBLIC        P30
  X:00CBH         PUBLIC        get_battery_time
  D:0098H         PUBLIC        SCON
  B:0090H.4       PUBLIC        P14
  D:0088H         PUBLIC        TCON
  B:0090H.7       PUBLIC        P17
  X:00CDH         PUBLIC        las_stage
  C:2E44H         PUBLIC        Enter_DPD
  X:00CEH         PUBLIC        systime_cnt
  X:00D0H         PUBLIC        isdisplaybaticon
  D:0091H         PUBLIC        SFRS
  C:2CA6H         PUBLIC        display_baticon
  C:0800H         PUBLIC        _display_cnt_stage_cnt
  C:1FC9H         PUBLIC        KeyInit
  X:00D1H         PUBLIC        islongpress
  X:00D3H         PUBLIC        ischangebatlevel_cnt
  X:00D4H         PUBLIC        val
  C:11BCH         PUBLIC        main_loop
  X:00D6H         PUBLIC        blinktime
  D:00F8H         PUBLIC        SCON_1
  C:287AH         PUBLIC        Sys_Charge_Stage
  C:2B7CH         PUBLIC        MONTH_DAY
  C:2AD3H         PUBLIC        _display_Language_chinese
  C:2B88H         PUBLIC        P30_init
  X:00D7H         PUBLIC        adcvalue
  X:00F7H         PUBLIC        debounce
  C:0006H         PUBLIC        PinInterrupt_ISR
BL51 BANKED LINKER/LOCATER V6.22                                                      02/22/2019  20:33:29  PAGE 14


  X:00F8H         PUBLIC        date_time_scroll_cnt
  B:00A8H.0       PUBLIC        EX0
  B:00A8H.2       PUBLIC        EX1
  X:00FAH         PUBLIC        adc_cnt
  D:009BH         PUBLIC        EIE
  C:273BH         PUBLIC        _display_Language_english
  X:00FBH         PUBLIC        batlevel
  D:00B3H         PUBLIC        P1S
  D:00ACH         PUBLIC        P3S
  X:00FCH         PUBLIC        date_time_cnt
  D:00E8H         PUBLIC        ADCCON0
  X:00FEH         PUBLIC        power_debounce
  D:00E1H         PUBLIC        ADCCON1
  C:1000H         PUBLIC        _display_baticonlevel
  D:00C0H         PUBLIC        I2CON
  C:2C7BH         PUBLIC        SysLoop
  D:00ECH         PUBLIC        PIF
  X:0100H         PUBLIC        isneedUpdate_ds1302
  X:0101H         PUBLIC        baticon
  C:1C70H         PUBLIC        _display_cnt_stage_arabnum
  C:1504H         PUBLIC        _display_rst_cnt_stage_1
  D:00C8H         PUBLIC        T2CON
  C:217BH         PUBLIC        Select_Language
  C:000AH         PUBLIC        EXT_INT0
  C:000EH         PUBLIC        EXT_INT1
  X:0121H         PUBLIC        preKey
  X:0122H         PUBLIC        curKey
  X:0123H         PUBLIC        powercnt
  D:00E9H         PUBLIC        PICON
  D:00D0H         PUBLIC        PSW
  X:0125H         PUBLIC        stage_loopcnt
  D:00EAH         PUBLIC        PINEN
  C:1800H         PUBLIC        Cnt_Stage
  D:00EBH         PUBLIC        PIPEN
  -------         PROC          KEYINIT
  C:1FC9H         LINE#         77
  C:1FC9H         LINE#         78
  C:1FC9H         LINE#         79
  C:1FCEH         LINE#         80
  C:1FD3H         LINE#         81
  C:1FD8H         LINE#         82
  C:1FDEH         LINE#         83
  C:1FE2H         LINE#         84
  C:1FF4H         LINE#         88
  C:1FFAH         LINE#         89
  C:1FFEH         LINE#         91
  -------         ENDPROC       KEYINIT
  -------         PROC          KEYSCAN
  C:1A43H         LINE#         93
  C:1A43H         LINE#         94
  C:1A43H         LINE#         95
  C:1A4BH         LINE#         96
  C:1A4BH         LINE#         97
  C:1A4DH         LINE#         98
  C:1A54H         LINE#         99
  C:1A5FH         LINE#         100
  C:1A5FH         LINE#         101
BL51 BANKED LINKER/LOCATER V6.22                                                      02/22/2019  20:33:29  PAGE 15


  C:1A64H         LINE#         102
  C:1A78H         LINE#         103
  C:1A78H         LINE#         104
  C:1A7EH         LINE#         105
  C:1A80H         LINE#         106
  C:1A89H         LINE#         107
  C:1A89H         LINE#         108
  C:1A8FH         LINE#         109
  C:1A91H         LINE#         110
  C:1AA1H         LINE#         111
  C:1AA1H         LINE#         112
  C:1AA7H         LINE#         113
  C:1AA9H         LINE#         114
  C:1AB2H         LINE#         115
  C:1AB2H         LINE#         116
  C:1AB8H         LINE#         117
  C:1AB8H         LINE#         118
  C:1ABDH         LINE#         119
  C:1AC3H         LINE#         121
  C:1AC3H         LINE#         122
  C:1AC5H         LINE#         123
  C:1ACBH         LINE#         124
  C:1ACBH         LINE#         125
  C:1AD1H         LINE#         126
  C:1AD7H         LINE#         127
  C:1AD7H         LINE#         128
  C:1AD9H         LINE#         129
  C:1AE2H         LINE#         130
  C:1AE2H         LINE#         131
  C:1AE9H         LINE#         132
  C:1AE9H         LINE#         135
  C:1AECH         LINE#         136
  C:1AECH         LINE#         137
  C:1AF3H         LINE#         138
  C:1AFBH         LINE#         139
  C:1AFBH         LINE#         140
  C:1AFCH         LINE#         141
  C:1B04H         LINE#         142
  C:1B0AH         LINE#         143
  C:1B19H         LINE#         144
  C:1B19H         LINE#         145
  C:1B19H         LINE#         147
  C:1B19H         LINE#         148
  C:1B20H         LINE#         149
  C:1B29H         LINE#         150
  C:1B38H         LINE#         151
  C:1B38H         LINE#         153
  C:1B3EH         LINE#         154
  C:1B44H         LINE#         155
  C:1B44H         LINE#         156
  C:1B46H         LINE#         157
  C:1B4EH         LINE#         158
  C:1B54H         LINE#         159
  C:1B5AH         LINE#         160
  C:1B5AH         LINE#         161
  C:1B5AH         LINE#         162
  C:1B5AH         LINE#         164
BL51 BANKED LINKER/LOCATER V6.22                                                      02/22/2019  20:33:29  PAGE 16


  C:1B5AH         LINE#         165
  -------         ENDPROC       KEYSCAN
  -------         PROC          _DISPLAY_LANGUAGE_CHINESE
  D:0007H         SYMBOL        isdisplay
  C:2AD3H         LINE#         167
  C:2AD3H         LINE#         168
  C:2AD3H         LINE#         169
  C:2AD8H         LINE#         170
  C:2AD8H         LINE#         171
  C:2AF1H         LINE#         172
  C:2B0AH         LINE#         173
  C:2B0AH         LINE#         175
  C:2B0AH         LINE#         176
  C:2B19H         LINE#         177
  C:2B19H         LINE#         178
  -------         ENDPROC       _DISPLAY_LANGUAGE_CHINESE
  -------         PROC          _DISPLAY_LANGUAGE_ENGLISH
  D:0007H         SYMBOL        isdisplay
  -------         DO            
  X:0127H         SYMBOL        en
  X:012AH         SYMBOL        i
  -------         ENDDO         
  C:273BH         LINE#         179
  C:273BH         LINE#         180
  C:273BH         LINE#         181
  C:2747H         LINE#         183
  C:274CH         LINE#         184
  C:274CH         LINE#         185
  C:2750H         LINE#         186
  C:27B8H         LINE#         187
  C:27B8H         LINE#         189
  C:27B8H         LINE#         190
  C:27C6H         LINE#         191
  C:27C6H         LINE#         192
  -------         ENDPROC       _DISPLAY_LANGUAGE_ENGLISH
  -------         PROC          SELECT_LANGUAGE
  C:217BH         LINE#         193
  C:217BH         LINE#         194
  C:217BH         LINE#         195
  C:2182H         LINE#         196
  C:2182H         LINE#         197
  C:2184H         LINE#         199
  C:2193H         LINE#         200
  C:2198H         LINE#         201
  C:219DH         LINE#         202
  C:21A5H         LINE#         203
  C:21ABH         LINE#         204
  C:21ABH         LINE#         205
  C:21B1H         LINE#         206
  C:21B1H         LINE#         207
  C:21B4H         LINE#         208
  C:21B4H         LINE#         209
  C:21BCH         LINE#         210
  C:21BCH         LINE#         211
  C:21BFH         LINE#         212
  C:21C5H         LINE#         213
  C:21C7H         LINE#         215
BL51 BANKED LINKER/LOCATER V6.22                                                      02/22/2019  20:33:29  PAGE 17


  C:21C7H         LINE#         216
  C:21CAH         LINE#         217
  C:21CFH         LINE#         218
  C:21CFH         LINE#         219
  C:21D7H         LINE#         220
  C:21D9H         LINE#         221
  C:21E2H         LINE#         222
  C:21E2H         LINE#         223
  C:21EAH         LINE#         228
  C:21F0H         LINE#         230
  C:21F5H         LINE#         231
  C:21F9H         LINE#         232
  C:21FEH         LINE#         233
  C:2203H         LINE#         234
  C:2208H         LINE#         235
  C:2208H         LINE#         236
  C:220DH         LINE#         237
  C:220DH         LINE#         239
  C:2214H         LINE#         240
  C:2214H         LINE#         241
  C:221AH         LINE#         242
  C:221DH         LINE#         244
  C:221FH         LINE#         245
  C:2221H         LINE#         246
  C:2228H         LINE#         247
  C:2228H         LINE#         248
  C:2230H         LINE#         249
  C:2233H         LINE#         251
  C:2236H         LINE#         252
  C:2236H         LINE#         253
  -------         ENDPROC       SELECT_LANGUAGE
  C:2A84H         SYMBOL        L?0379
  -------         PROC          L?0378
  -------         ENDPROC       L?0378
  C:2A84H         SYMBOL        L?0379
  -------         PROC          _GETDIV
  X:0133H         SYMBOL        x
  X:0137H         SYMBOL        y
  -------         DO            
  X:013BH         SYMBOL        div
  -------         ENDDO         
  C:2A8AH         LINE#         256
  C:2A90H         LINE#         257
  C:2A90H         LINE#         258
  C:2A97H         LINE#         259
  C:2AA9H         LINE#         260
  C:2AA9H         LINE#         261
  C:2AB3H         LINE#         262
  C:2AC8H         LINE#         263
  C:2ACAH         LINE#         264
  C:2AD2H         LINE#         265
  -------         ENDPROC       _GETDIV
  C:2B1AH         SYMBOL        L?0381
  -------         PROC          L?0380
  -------         ENDPROC       L?0380
  C:2B1AH         SYMBOL        L?0381
  -------         PROC          _GETREMAINDER
BL51 BANKED LINKER/LOCATER V6.22                                                      02/22/2019  20:33:29  PAGE 18


  X:0133H         SYMBOL        x
  X:0137H         SYMBOL        y
  C:2B20H         LINE#         266
  C:2B20H         LINE#         267
  C:2B22H         LINE#         268
  C:2B34H         LINE#         269
  C:2B34H         LINE#         270
  C:2B49H         LINE#         271
  C:2B4BH         LINE#         272
  C:2B51H         LINE#         273
  -------         ENDPROC       _GETREMAINDER
  -------         PROC          _DISPLAY_CNT_STAGE_ARABNUM
  X:0127H         SYMBOL        isdisplay
  -------         DO            
  X:0128H         SYMBOL        nor
  X:012BH         SYMBOL        i
  -------         ENDDO         
  C:1C70H         LINE#         590
  C:1C75H         LINE#         591
  C:1C75H         LINE#         592
  C:1C7FH         LINE#         594
  C:1C89H         LINE#         595
  C:1C89H         LINE#         596
  C:1C91H         LINE#         597
  C:1C91H         LINE#         598
  C:1C95H         LINE#         599
  C:1C95H         LINE#         600
  C:1CEEH         LINE#         601
  C:1CFDH         LINE#         602
  C:1CFDH         LINE#         604
  C:1CFDH         LINE#         605
  C:1D09H         LINE#         606
  C:1D09H         LINE#         607
  C:1D0BH         LINE#         609
  C:1D0BH         LINE#         610
  C:1D13H         LINE#         611
  C:1D13H         LINE#         612
  C:1D2CH         LINE#         613
  C:1D45H         LINE#         614
  C:1D45H         LINE#         616
  C:1D45H         LINE#         617
  C:1D54H         LINE#         618
  C:1D54H         LINE#         619
  C:1D54H         LINE#         620
  -------         ENDPROC       _DISPLAY_CNT_STAGE_ARABNUM
  -------         PROC          _DISPLAY_CNT_STAGE_TIBNUM
  X:0127H         SYMBOL        isdisplay
  -------         DO            
  X:0128H         SYMBOL        nor
  X:012BH         SYMBOL        i
  -------         ENDDO         
  C:1B5BH         LINE#         621
  C:1B60H         LINE#         622
  C:1B60H         LINE#         623
  C:1B6AH         LINE#         625
  C:1B74H         LINE#         626
  C:1B74H         LINE#         627
BL51 BANKED LINKER/LOCATER V6.22                                                      02/22/2019  20:33:29  PAGE 19


  C:1B7CH         LINE#         628
  C:1B7CH         LINE#         629
  C:1B80H         LINE#         630
  C:1B80H         LINE#         631
  C:1BD9H         LINE#         632
  C:1BE8H         LINE#         633
  C:1BE8H         LINE#         635
  C:1BE8H         LINE#         636
  C:1BF2H         LINE#         637
  C:1BF2H         LINE#         638
  C:1BF4H         LINE#         640
  C:1BF4H         LINE#         641
  C:1BFCH         LINE#         642
  C:1BFCH         LINE#         643
  C:1C15H         LINE#         644
  C:1C2EH         LINE#         645
  C:1C47H         LINE#         646
  C:1C60H         LINE#         647
  C:1C60H         LINE#         649
  C:1C60H         LINE#         650
  C:1C6FH         LINE#         651
  C:1C6FH         LINE#         652
  C:1C6FH         LINE#         653
  -------         ENDPROC       _DISPLAY_CNT_STAGE_TIBNUM
  -------         PROC          SELECT_NUMTYPE
  C:2000H         LINE#         654
  C:2000H         LINE#         655
  C:2000H         LINE#         656
  C:2007H         LINE#         657
  C:2007H         LINE#         658
  C:2009H         LINE#         659
  C:200EH         LINE#         660
  C:2013H         LINE#         661
  C:201BH         LINE#         662
  C:2021H         LINE#         663
  C:2021H         LINE#         664
  C:2027H         LINE#         665
  C:2027H         LINE#         666
  C:202AH         LINE#         667
  C:202AH         LINE#         668
  C:2033H         LINE#         669
  C:2033H         LINE#         670
  C:2036H         LINE#         671
  C:203BH         LINE#         672
  C:203DH         LINE#         674
  C:203DH         LINE#         675
  C:2040H         LINE#         676
  C:2046H         LINE#         677
  C:2046H         LINE#         678
  C:204EH         LINE#         679
  C:2050H         LINE#         680
  C:2059H         LINE#         681
  C:2059H         LINE#         682
  C:205FH         LINE#         683
  C:2067H         LINE#         684
  C:206CH         LINE#         685
  C:2070H         LINE#         686
BL51 BANKED LINKER/LOCATER V6.22                                                      02/22/2019  20:33:29  PAGE 20


  C:2075H         LINE#         687
  C:207AH         LINE#         688
  C:207FH         LINE#         689
  C:207FH         LINE#         690
  C:2084H         LINE#         691
  C:2084H         LINE#         693
  C:208BH         LINE#         694
  C:208BH         LINE#         695
  C:2092H         LINE#         696
  C:2096H         LINE#         697
  C:209CH         LINE#         698
  C:209DH         LINE#         699
  C:209FH         LINE#         700
  C:20A6H         LINE#         701
  C:20A6H         LINE#         702
  C:20ADH         LINE#         703
  C:20B2H         LINE#         704
  C:20B8H         LINE#         705
  C:20BDH         LINE#         706
  C:20BDH         LINE#         707
  -------         ENDPROC       SELECT_NUMTYPE
  -------         PROC          _DISPLAY_CNT_STAGE_CNT
  X:0127H         SYMBOL        cnt
  X:012BH         SYMBOL        isdisplay
  -------         DO            
  X:012CH         SYMBOL        i
  X:012DH         SYMBOL        temp
  X:0131H         SYMBOL        nextdisplay
  X:0132H         SYMBOL        start_index
  -------         ENDDO         
  C:0800H         LINE#         795
  C:0806H         LINE#         796
  C:0806H         LINE#         800
  C:080BH         LINE#         801
  C:080DH         LINE#         802
  C:0813H         LINE#         803
  C:0813H         LINE#         804
  C:0822H         LINE#         806
  C:0822H         LINE#         807
  C:082EH         LINE#         808
  C:0836H         LINE#         809
  C:0836H         LINE#         813
  C:083CH         LINE#         814
  C:084EH         LINE#         815
  C:0864H         LINE#         816
  C:086BH         LINE#         817
  C:086BH         LINE#         818
  C:0892H         LINE#         819
  C:0898H         LINE#         820
  C:089DH         LINE#         821
  C:089FH         LINE#         823
  C:089FH         LINE#         824
  C:08A6H         LINE#         825
  C:08A6H         LINE#         827
  C:08B8H         LINE#         828
  C:08CEH         LINE#         829
  C:08DCH         LINE#         830
BL51 BANKED LINKER/LOCATER V6.22                                                      02/22/2019  20:33:29  PAGE 21


  C:08DCH         LINE#         831
  C:08E2H         LINE#         832
  C:090DH         LINE#         833
  C:0914H         LINE#         834
  C:0916H         LINE#         836
  C:0916H         LINE#         837
  C:091DH         LINE#         838
  C:091DH         LINE#         840
  C:092FH         LINE#         841
  C:0945H         LINE#         842
  C:0953H         LINE#         843
  C:0953H         LINE#         844
  C:0959H         LINE#         845
  C:0984H         LINE#         846
  C:098BH         LINE#         847
  C:098DH         LINE#         849
  C:098DH         LINE#         850
  C:0994H         LINE#         851
  C:0994H         LINE#         853
  C:09A6H         LINE#         854
  C:09BCH         LINE#         855
  C:09CAH         LINE#         856
  C:09CAH         LINE#         857
  C:09D0H         LINE#         858
  C:09FBH         LINE#         859
  C:0A02H         LINE#         860
  C:0A04H         LINE#         862
  C:0A04H         LINE#         863
  C:0A0BH         LINE#         864
  C:0A0BH         LINE#         866
  C:0A16H         LINE#         867
  C:0A32H         LINE#         868
  C:0A34H         LINE#         870
  C:0A34H         LINE#         873
  C:0A3AH         LINE#         874
  C:0A4CH         LINE#         875
  C:0A62H         LINE#         876
  C:0A69H         LINE#         877
  C:0A69H         LINE#         878
  C:0A90H         LINE#         879
  C:0A96H         LINE#         880
  C:0A9BH         LINE#         881
  C:0A9DH         LINE#         883
  C:0AA4H         LINE#         885
  C:0AB6H         LINE#         886
  C:0ACCH         LINE#         887
  C:0ADAH         LINE#         888
  C:0ADAH         LINE#         889
  C:0B05H         LINE#         890
  C:0B0BH         LINE#         891
  C:0B10H         LINE#         892
  C:0B12H         LINE#         894
  C:0B19H         LINE#         896
  C:0B2BH         LINE#         897
  C:0B41H         LINE#         898
  C:0B4FH         LINE#         899
  C:0B4FH         LINE#         900
BL51 BANKED LINKER/LOCATER V6.22                                                      02/22/2019  20:33:29  PAGE 22


  C:0B7AH         LINE#         901
  C:0B80H         LINE#         902
  C:0B85H         LINE#         903
  C:0B87H         LINE#         905
  C:0B8EH         LINE#         907
  C:0BA0H         LINE#         908
  C:0BB6H         LINE#         909
  C:0BC4H         LINE#         910
  C:0BC4H         LINE#         911
  C:0BEFH         LINE#         912
  C:0BF5H         LINE#         913
  C:0BFAH         LINE#         914
  C:0BFCH         LINE#         916
  C:0C03H         LINE#         918
  C:0C0EH         LINE#         919
  C:0C36H         LINE#         920
  C:0C36H         LINE#         921
  -------         ENDPROC       _DISPLAY_CNT_STAGE_CNT
  -------         PROC          _GETBATLEVER
  X:0128H         SYMBOL        ischarging
  -------         DO            
  D:0003H         SYMBOL        i
  D:0001H         SYMBOL        j
  X:0129H         SYMBOL        curval
  D:0002H         SYMBOL        temp
  -------         ENDDO         
  C:0C37H         LINE#         925
  C:0C3CH         LINE#         926
  C:0C3CH         LINE#         928
  C:0C41H         LINE#         929
  C:0C43H         LINE#         930
  C:0C4EH         LINE#         931
  C:0C4EH         LINE#         932
  C:0C50H         LINE#         933
  C:0C52H         LINE#         934
  C:0C53H         LINE#         935
  C:0C53H         LINE#         936
  C:0C5CH         LINE#         937
  C:0C5CH         LINE#         938
  C:0C75H         LINE#         939
  C:0C8CH         LINE#         940
  C:0C8CH         LINE#         941
  C:0C9DH         LINE#         942
  C:0CB6H         LINE#         943
  C:0CB6H         LINE#         944
  C:0CB9H         LINE#         945
  C:0CBEH         LINE#         946
  C:0CC5H         LINE#         947
  C:0CC7H         LINE#         948
  C:0CE6H         LINE#         949
  C:0CFFH         LINE#         950
  C:0D07H         LINE#         951
  C:0D10H         LINE#         954
  C:0D1BH         LINE#         955
  C:0D28H         LINE#         957
  C:0D28H         LINE#         958
  C:0D3DH         LINE#         959
BL51 BANKED LINKER/LOCATER V6.22                                                      02/22/2019  20:33:29  PAGE 23


  C:0D3DH         LINE#         960
  C:0D44H         LINE#         961
  C:0D46H         LINE#         963
  C:0D46H         LINE#         964
  C:0D5AH         LINE#         965
  C:0D5AH         LINE#         966
  C:0D64H         LINE#         967
  C:0D67H         LINE#         969
  C:0D67H         LINE#         972
  C:0D88H         LINE#         973
  C:0D8CH         LINE#         974
  C:0D8CH         LINE#         975
  C:0DA2H         LINE#         976
  C:0DA2H         LINE#         977
  C:0DAAH         LINE#         979
  C:0DAAH         LINE#         980
  C:0DACH         LINE#         982
  C:0DACH         LINE#         983
  C:0DC1H         LINE#         984
  C:0DC1H         LINE#         985
  C:0DC9H         LINE#         987
  C:0DC9H         LINE#         988
  C:0DC9H         LINE#         990
  C:0DC9H         LINE#         993
  C:0DCFH         LINE#         994
  C:0DCFH         LINE#         995
  C:0DE5H         LINE#         996
  C:0DE9H         LINE#         997
  C:0DF8H         LINE#         998
  C:0DFCH         LINE#         999
  C:0E12H         LINE#         1000
  C:0E16H         LINE#         1001
  C:0E25H         LINE#         1002
  C:0E29H         LINE#         1004
  C:0E2BH         LINE#         1005
  C:0E2BH         LINE#         1007
  C:0E2DH         LINE#         1009
  C:0E2DH         LINE#         1010
  C:0E49H         LINE#         1011
  C:0E4DH         LINE#         1012
  C:0E7AH         LINE#         1013
  C:0E7AH         LINE#         1014
  C:0E7CH         LINE#         1015
  C:0E7EH         LINE#         1016
  C:0EAEH         LINE#         1017
  C:0EAEH         LINE#         1018
  C:0EB0H         LINE#         1019
  C:0EB2H         LINE#         1020
  C:0EE2H         LINE#         1021
  C:0EE2H         LINE#         1022
  C:0EE4H         LINE#         1023
  C:0EE6H         LINE#         1024
  C:0F00H         LINE#         1025
  C:0F00H         LINE#         1026
  C:0F02H         LINE#         1027
  C:0F02H         LINE#         1029
  C:0F0AH         LINE#         1030
BL51 BANKED LINKER/LOCATER V6.22                                                      02/22/2019  20:33:29  PAGE 24


  C:0F0AH         LINE#         1031
  C:0F10H         LINE#         1032
  C:0F16H         LINE#         1033
  C:0F16H         LINE#         1034
  C:0F18H         LINE#         1035
  C:0F1AH         LINE#         1037
  C:0F1AH         LINE#         1038
  C:0F1FH         LINE#         1039
  C:0F26H         LINE#         1040
  C:0F26H         LINE#         1041
  C:0F30H         LINE#         1042
  C:0F32H         LINE#         1043
  C:0F34H         LINE#         1045
  C:0F34H         LINE#         1046
  C:0F3EH         LINE#         1047
  C:0F40H         LINE#         1048
  C:0F40H         LINE#         1049
  C:0F40H         LINE#         1050
  C:0F42H         LINE#         1052
  C:0F47H         LINE#         1053
  C:0F47H         LINE#         1055
  C:0F47H         LINE#         1056
  C:0F49H         LINE#         1057
  -------         ENDPROC       _GETBATLEVER
  -------         PROC          _DISPLAY_BATICONLEVEL
  D:0007H         SYMBOL        level
  -------         DO            
  X:0128H         SYMBOL        i
  -------         ENDDO         
  C:1000H         LINE#         1059
  C:1000H         LINE#         1060
  C:1000H         LINE#         1062
  C:1003H         LINE#         1063
  C:1003H         LINE#         1064
  C:1013H         LINE#         1065
  C:1013H         LINE#         1066
  C:1020H         LINE#         1067
  C:102DH         LINE#         1068
  C:1035H         LINE#         1069
  C:1035H         LINE#         1070
  C:103AH         LINE#         1071
  C:103AH         LINE#         1072
  C:1048H         LINE#         1073
  C:1048H         LINE#         1074
  C:1055H         LINE#         1075
  C:1062H         LINE#         1076
  C:106AH         LINE#         1077
  C:107CH         LINE#         1078
  C:107CH         LINE#         1079
  C:1089H         LINE#         1080
  C:1096H         LINE#         1081
  C:109EH         LINE#         1082
  C:109EH         LINE#         1083
  C:10A3H         LINE#         1084
  C:10A3H         LINE#         1085
  C:10B1H         LINE#         1086
  C:10B1H         LINE#         1087
BL51 BANKED LINKER/LOCATER V6.22                                                      02/22/2019  20:33:29  PAGE 25


  C:10BEH         LINE#         1088
  C:10CBH         LINE#         1089
  C:10D3H         LINE#         1090
  C:10E5H         LINE#         1091
  C:10E5H         LINE#         1092
  C:10F2H         LINE#         1093
  C:10FFH         LINE#         1094
  C:1107H         LINE#         1095
  C:1107H         LINE#         1096
  C:110CH         LINE#         1097
  C:110CH         LINE#         1098
  C:111AH         LINE#         1099
  C:111AH         LINE#         1100
  C:1127H         LINE#         1101
  C:1134H         LINE#         1102
  C:113CH         LINE#         1103
  C:114CH         LINE#         1104
  C:114CH         LINE#         1105
  C:1159H         LINE#         1106
  C:1166H         LINE#         1107
  C:116EH         LINE#         1108
  C:116EH         LINE#         1110
  C:116EH         LINE#         1111
  C:117DH         LINE#         1112
  C:117DH         LINE#         1113
  C:118AH         LINE#         1114
  C:1197H         LINE#         1115
  C:119FH         LINE#         1116
  C:119FH         LINE#         1117
  C:11A5H         LINE#         1118
  -------         ENDPROC       _DISPLAY_BATICONLEVEL
  -------         PROC          DISPLAY_BATICON
  -------         DO            
  X:0127H         SYMBOL        level
  -------         ENDDO         
  C:2CA6H         LINE#         1121
  C:2CA6H         LINE#         1122
  C:2CA6H         LINE#         1124
  C:2CB0H         LINE#         1125
  C:2CB3H         LINE#         1126
  C:2CB3H         LINE#         1127
  C:2CBCH         LINE#         1128
  C:2CBCH         LINE#         1129
  C:2CBEH         LINE#         1130
  C:2CC1H         LINE#         1131
  C:2CC1H         LINE#         1132
  C:2CC9H         LINE#         1133
  C:2CCEH         LINE#         1135
  C:2CCEH         LINE#         1136
  -------         ENDPROC       DISPLAY_BATICON
  -------         PROC          CNT_STAGE
  C:1800H         LINE#         1244
  C:1800H         LINE#         1245
  C:1800H         LINE#         1246
  C:1808H         LINE#         1247
  C:1808H         LINE#         1248
  C:1809H         LINE#         1249
BL51 BANKED LINKER/LOCATER V6.22                                                      02/22/2019  20:33:29  PAGE 26


  C:180FH         LINE#         1250
  C:1813H         LINE#         1251
  C:1817H         LINE#         1252
  C:181BH         LINE#         1254
  C:181EH         LINE#         1255
  C:1823H         LINE#         1262
  C:1832H         LINE#         1263
  C:1839H         LINE#         1264
  C:1839H         LINE#         1265
  C:183EH         LINE#         1266
  C:1847H         LINE#         1267
  C:1847H         LINE#         1268
  C:1850H         LINE#         1269
  C:1853H         LINE#         1271
  C:1853H         LINE#         1288
  C:1856H         LINE#         1305
  C:185FH         LINE#         1306
  C:185FH         LINE#         1309
  C:1863H         LINE#         1310
  C:1863H         LINE#         1311
  C:187CH         LINE#         1312
  C:1890H         LINE#         1313
  C:1890H         LINE#         1314
  C:189AH         LINE#         1315
  C:18A6H         LINE#         1316
  C:18A6H         LINE#         1317
  C:18B2H         LINE#         1318
  C:18B4H         LINE#         1319
  C:18BBH         LINE#         1320
  C:18BBH         LINE#         1321
  C:18C1H         LINE#         1322
  C:18C7H         LINE#         1323
  C:18CCH         LINE#         1324
  C:18D2H         LINE#         1325
  C:18E0H         LINE#         1327
  C:18E9H         LINE#         1328
  C:18EBH         LINE#         1329
  C:18F2H         LINE#         1330
  C:18F2H         LINE#         1331
  C:18F8H         LINE#         1332
  C:18FEH         LINE#         1333
  C:1903H         LINE#         1334
  C:1909H         LINE#         1335
  C:1917H         LINE#         1337
  C:1923H         LINE#         1338
  C:1923H         LINE#         1339
  C:1928H         LINE#         1340
  C:1928H         LINE#         1341
  -------         ENDPROC       CNT_STAGE
  -------         PROC          _DISPLAY_RST_CNT_STAGE_1
  X:0127H         SYMBOL        isdisplay
  -------         DO            
  X:0128H         SYMBOL        i
  X:0129H         SYMBOL        en
  X:012CH         SYMBOL        en1
  -------         ENDDO         
  C:1504H         LINE#         1344
BL51 BANKED LINKER/LOCATER V6.22                                                      02/22/2019  20:33:29  PAGE 27


  C:1509H         LINE#         1345
  C:1509H         LINE#         1347
  C:1515H         LINE#         1348
  C:151FH         LINE#         1349
  C:1529H         LINE#         1350
  C:1529H         LINE#         1351
  C:1533H         LINE#         1352
  C:1533H         LINE#         1353
  C:1535H         LINE#         1354
  C:1535H         LINE#         1355
  C:158EH         LINE#         1356
  C:15E7H         LINE#         1357
  C:15F8H         LINE#         1358
  C:15F8H         LINE#         1360
  C:15F8H         LINE#         1361
  C:1604H         LINE#         1362
  C:1604H         LINE#         1363
  C:1606H         LINE#         1365
  C:1606H         LINE#         1366
  C:160EH         LINE#         1367
  C:160EH         LINE#         1368
  C:1627H         LINE#         1369
  C:1640H         LINE#         1370
  C:1640H         LINE#         1372
  C:1640H         LINE#         1373
  C:164FH         LINE#         1374
  C:164FH         LINE#         1375
  C:164FH         LINE#         1376
  -------         ENDPROC       _DISPLAY_RST_CNT_STAGE_1
  -------         PROC          _DISPLAY_RST_CNT_STAGE_YES
  X:0127H         SYMBOL        isdisplay
  -------         DO            
  X:0128H         SYMBOL        i
  X:0129H         SYMBOL        en
  -------         ENDDO         
  C:0729H         LINE#         1377
  C:072EH         LINE#         1378
  C:072EH         LINE#         1380
  C:073AH         LINE#         1381
  C:0744H         LINE#         1382
  C:0744H         LINE#         1383
  C:074CH         LINE#         1384
  C:074CH         LINE#         1385
  C:074EH         LINE#         1386
  C:074EH         LINE#         1387
  C:07A7H         LINE#         1388
  C:07B6H         LINE#         1389
  C:07B6H         LINE#         1391
  C:07B6H         LINE#         1392
  C:07C2H         LINE#         1393
  C:07C2H         LINE#         1394
  C:07C4H         LINE#         1396
  C:07C4H         LINE#         1397
  C:07CBH         LINE#         1398
  C:07CBH         LINE#         1399
  C:07E4H         LINE#         1400
  C:07E4H         LINE#         1402
BL51 BANKED LINKER/LOCATER V6.22                                                      02/22/2019  20:33:29  PAGE 28


  C:07E4H         LINE#         1403
  C:07F3H         LINE#         1404
  C:07F3H         LINE#         1405
  C:07F3H         LINE#         1406
  -------         ENDPROC       _DISPLAY_RST_CNT_STAGE_YES
  -------         PROC          _DISPLAY_RST_CNT_STAGE_NO
  X:0127H         SYMBOL        isdisplay
  -------         DO            
  X:0128H         SYMBOL        i
  X:0129H         SYMBOL        en
  -------         ENDDO         
  C:1E38H         LINE#         1407
  C:1E3DH         LINE#         1408
  C:1E3DH         LINE#         1410
  C:1E49H         LINE#         1411
  C:1E53H         LINE#         1412
  C:1E53H         LINE#         1413
  C:1E5BH         LINE#         1414
  C:1E5BH         LINE#         1415
  C:1E5DH         LINE#         1416
  C:1E5DH         LINE#         1417
  C:1EB6H         LINE#         1418
  C:1EC5H         LINE#         1419
  C:1EC5H         LINE#         1421
  C:1EC5H         LINE#         1422
  C:1ED1H         LINE#         1423
  C:1ED1H         LINE#         1424
  C:1ED3H         LINE#         1426
  C:1ED3H         LINE#         1427
  C:1EDAH         LINE#         1428
  C:1EDAH         LINE#         1429
  C:1EF3H         LINE#         1430
  C:1EF3H         LINE#         1432
  C:1EF3H         LINE#         1433
  C:1F02H         LINE#         1434
  C:1F02H         LINE#         1435
  C:1F02H         LINE#         1436
  -------         ENDPROC       _DISPLAY_RST_CNT_STAGE_NO
  -------         PROC          RST_CNT_STAGE
  C:1F03H         LINE#         1437
  C:1F03H         LINE#         1438
  C:1F03H         LINE#         1439
  C:1F0AH         LINE#         1440
  C:1F0AH         LINE#         1441
  C:1F0CH         LINE#         1442
  C:1F11H         LINE#         1443
  C:1F16H         LINE#         1444
  C:1F1BH         LINE#         1445
  C:1F21H         LINE#         1446
  C:1F21H         LINE#         1447
  C:1F28H         LINE#         1448
  C:1F28H         LINE#         1449
  C:1F2BH         LINE#         1450
  C:1F2BH         LINE#         1451
  C:1F31H         LINE#         1452
  C:1F31H         LINE#         1453
  C:1F36H         LINE#         1454
BL51 BANKED LINKER/LOCATER V6.22                                                      02/22/2019  20:33:29  PAGE 29


  C:1F3CH         LINE#         1455
  C:1F3EH         LINE#         1457
  C:1F3EH         LINE#         1458
  C:1F43H         LINE#         1459
  C:1F45H         LINE#         1460
  C:1F45H         LINE#         1461
  C:1F47H         LINE#         1462
  C:1F50H         LINE#         1463
  C:1F50H         LINE#         1464
  C:1F56H         LINE#         1465
  C:1F60H         LINE#         1466
  C:1F66H         LINE#         1467
  C:1F6BH         LINE#         1468
  C:1F6FH         LINE#         1469
  C:1F75H         LINE#         1470
  C:1F7BH         LINE#         1471
  C:1F80H         LINE#         1472
  C:1F85H         LINE#         1473
  C:1F8AH         LINE#         1474
  C:1F8AH         LINE#         1475
  C:1F8FH         LINE#         1476
  C:1F8FH         LINE#         1478
  C:1F96H         LINE#         1479
  C:1F96H         LINE#         1480
  C:1F9CH         LINE#         1481
  C:1F9FH         LINE#         1482
  C:1FA7H         LINE#         1483
  C:1FA8H         LINE#         1484
  C:1FAAH         LINE#         1485
  C:1FB1H         LINE#         1486
  C:1FB1H         LINE#         1487
  C:1FB7H         LINE#         1488
  C:1FBCH         LINE#         1489
  C:1FC3H         LINE#         1490
  C:1FC8H         LINE#         1491
  C:1FC8H         LINE#         1492
  -------         ENDPROC       RST_CNT_STAGE
  -------         PROC          _DISPLAY_RST_SYS_STAGE_1
  X:0127H         SYMBOL        isdisplay
  -------         DO            
  X:0128H         SYMBOL        i
  X:0129H         SYMBOL        en
  X:012CH         SYMBOL        en1
  -------         ENDDO         
  C:1650H         LINE#         1494
  C:1655H         LINE#         1495
  C:1655H         LINE#         1497
  C:1661H         LINE#         1498
  C:166BH         LINE#         1499
  C:1675H         LINE#         1500
  C:1675H         LINE#         1501
  C:167FH         LINE#         1502
  C:167FH         LINE#         1503
  C:1681H         LINE#         1504
  C:1681H         LINE#         1505
  C:16DAH         LINE#         1506
  C:1733H         LINE#         1507
BL51 BANKED LINKER/LOCATER V6.22                                                      02/22/2019  20:33:29  PAGE 30


  C:1744H         LINE#         1508
  C:1744H         LINE#         1510
  C:1744H         LINE#         1511
  C:1750H         LINE#         1512
  C:1750H         LINE#         1513
  C:1752H         LINE#         1515
  C:1752H         LINE#         1516
  C:175AH         LINE#         1517
  C:175AH         LINE#         1518
  C:1773H         LINE#         1519
  C:178CH         LINE#         1520
  C:178CH         LINE#         1522
  C:178CH         LINE#         1523
  C:179BH         LINE#         1524
  C:179BH         LINE#         1525
  C:179BH         LINE#         1526
  -------         ENDPROC       _DISPLAY_RST_SYS_STAGE_1
  -------         PROC          RST_SYS_STAGE
  C:2237H         LINE#         1528
  C:2237H         LINE#         1529
  C:2237H         LINE#         1530
  C:223EH         LINE#         1531
  C:223EH         LINE#         1532
  C:2240H         LINE#         1533
  C:2245H         LINE#         1534
  C:224AH         LINE#         1535
  C:224FH         LINE#         1536
  C:2255H         LINE#         1537
  C:2255H         LINE#         1538
  C:225BH         LINE#         1539
  C:225BH         LINE#         1540
  C:225EH         LINE#         1541
  C:225EH         LINE#         1542
  C:2264H         LINE#         1543
  C:2264H         LINE#         1544
  C:2269H         LINE#         1545
  C:226FH         LINE#         1546
  C:2271H         LINE#         1548
  C:2271H         LINE#         1549
  C:2276H         LINE#         1550
  C:227BH         LINE#         1551
  C:227BH         LINE#         1552
  C:227DH         LINE#         1553
  C:2286H         LINE#         1554
  C:2286H         LINE#         1555
  C:228BH         LINE#         1556
  C:2290H         LINE#         1557
  C:2295H         LINE#         1558
  C:229EH         LINE#         1559
  C:229EH         LINE#         1560
  C:229FH         LINE#         1561
  C:22A1H         LINE#         1563
  C:22A4H         LINE#         1564
  C:22A9H         LINE#         1565
  C:22AEH         LINE#         1566
  C:22B4H         LINE#         1567
  C:22B4H         LINE#         1568
BL51 BANKED LINKER/LOCATER V6.22                                                      02/22/2019  20:33:29  PAGE 31


  C:22B9H         LINE#         1569
  C:22B9H         LINE#         1571
  C:22C0H         LINE#         1572
  C:22C0H         LINE#         1573
  C:22C6H         LINE#         1574
  C:22C9H         LINE#         1575
  C:22D1H         LINE#         1576
  C:22D2H         LINE#         1577
  C:22D4H         LINE#         1578
  C:22DBH         LINE#         1579
  C:22DBH         LINE#         1580
  C:22E1H         LINE#         1581
  C:22E6H         LINE#         1582
  C:22EDH         LINE#         1583
  C:22F2H         LINE#         1584
  C:22F2H         LINE#         1585
  -------         ENDPROC       RST_SYS_STAGE
  -------         PROC          _DISPLAY_BATICONLEVEL_CHARGING
  D:0007H         SYMBOL        level
  -------         DO            
  X:0128H         SYMBOL        i
  -------         ENDDO         
  C:056BH         LINE#         1588
  C:056BH         LINE#         1589
  C:056BH         LINE#         1591
  C:056EH         LINE#         1592
  C:056EH         LINE#         1593
  C:057EH         LINE#         1594
  C:057EH         LINE#         1595
  C:058BH         LINE#         1596
  C:0598H         LINE#         1597
  C:05A0H         LINE#         1598
  C:05A0H         LINE#         1599
  C:05A5H         LINE#         1600
  C:05A5H         LINE#         1601
  C:05B3H         LINE#         1602
  C:05B3H         LINE#         1603
  C:05C0H         LINE#         1604
  C:05CDH         LINE#         1605
  C:05D5H         LINE#         1606
  C:05E7H         LINE#         1607
  C:05E7H         LINE#         1608
  C:05F4H         LINE#         1609
  C:0601H         LINE#         1610
  C:0609H         LINE#         1611
  C:0609H         LINE#         1612
  C:060EH         LINE#         1613
  C:060EH         LINE#         1614
  C:061CH         LINE#         1615
  C:061CH         LINE#         1616
  C:0629H         LINE#         1617
  C:0636H         LINE#         1618
  C:063EH         LINE#         1619
  C:0650H         LINE#         1620
  C:0650H         LINE#         1621
  C:065DH         LINE#         1622
  C:066AH         LINE#         1623
BL51 BANKED LINKER/LOCATER V6.22                                                      02/22/2019  20:33:29  PAGE 32


  C:0672H         LINE#         1624
  C:0672H         LINE#         1625
  C:0677H         LINE#         1626
  C:0677H         LINE#         1627
  C:0685H         LINE#         1628
  C:0685H         LINE#         1629
  C:0692H         LINE#         1630
  C:069FH         LINE#         1631
  C:06A7H         LINE#         1632
  C:06B7H         LINE#         1633
  C:06B7H         LINE#         1634
  C:06C4H         LINE#         1635
  C:06D1H         LINE#         1636
  C:06D9H         LINE#         1637
  C:06D9H         LINE#         1639
  C:06D9H         LINE#         1640
  C:06E8H         LINE#         1641
  C:06E8H         LINE#         1642
  C:06F5H         LINE#         1643
  C:0702H         LINE#         1644
  C:070AH         LINE#         1645
  C:070AH         LINE#         1646
  C:0710H         LINE#         1647
  -------         ENDPROC       _DISPLAY_BATICONLEVEL_CHARGING
  -------         PROC          SYS_CHARGE_STAGE
  -------         DO            
  X:0127H         SYMBOL        level
  -------         ENDDO         
  C:287AH         LINE#         1651
  C:287AH         LINE#         1652
  C:287AH         LINE#         1654
  C:2882H         LINE#         1655
  C:2882H         LINE#         1656
  C:2883H         LINE#         1657
  C:2891H         LINE#         1658
  C:2894H         LINE#         1659
  C:289BH         LINE#         1660
  C:289BH         LINE#         1661
  C:28A0H         LINE#         1662
  C:28AAH         LINE#         1663
  C:28AAH         LINE#         1664
  C:28B3H         LINE#         1665
  C:28B6H         LINE#         1666
  C:28BBH         LINE#         1667
  C:28BBH         LINE#         1668
  C:28C1H         LINE#         1669
  C:28C1H         LINE#         1670
  C:28C3H         LINE#         1671
  C:28C3H         LINE#         1673
  C:28CBH         LINE#         1674
  C:28CBH         LINE#         1678
  C:28D5H         LINE#         1679
  C:28D8H         LINE#         1680
  C:28D8H         LINE#         1681
  C:28E1H         LINE#         1682
  C:28E1H         LINE#         1683
  C:28E3H         LINE#         1685
BL51 BANKED LINKER/LOCATER V6.22                                                      02/22/2019  20:33:29  PAGE 33


  C:28E6H         LINE#         1686
  C:28E6H         LINE#         1687
  C:28EEH         LINE#         1688
  C:28F3H         LINE#         1689
  C:28F3H         LINE#         1690
  C:28F3H         LINE#         1691
  -------         ENDPROC       SYS_CHARGE_STAGE
  -------         PROC          SYSLOOP
  C:2C7BH         LINE#         1693
  C:2C7BH         LINE#         1694
  C:2C7BH         LINE#         1695
  C:2C93H         LINE#         1696
  C:2C93H         LINE#         1697
  C:2C93H         LINE#         1698
  C:2C96H         LINE#         1699
  C:2C96H         LINE#         1710
  C:2C96H         LINE#         1711
  C:2C99H         LINE#         1712
  C:2C99H         LINE#         1713
  C:2C99H         LINE#         1714
  C:2C9CH         LINE#         1725
  C:2C9CH         LINE#         1726
  C:2C9CH         LINE#         1727
  C:2C9FH         LINE#         1728
  C:2C9FH         LINE#         1729
  C:2C9FH         LINE#         1730
  C:2CA2H         LINE#         1731
  C:2CA2H         LINE#         1733
  C:2CA2H         LINE#         1734
  C:2CA5H         LINE#         1735
  C:2CA5H         LINE#         1737
  C:2CA5H         LINE#         1738
  C:2CA5H         LINE#         1739
  -------         ENDPROC       SYSLOOP
  -------         PROC          PININTERRUPT_ISR
  C:0006H         LINE#         1740
  C:0006H         LINE#         1742
  C:0009H         LINE#         1743
  -------         ENDPROC       PININTERRUPT_ISR
  -------         PROC          EXT_INT0
  C:000AH         LINE#         1744
  C:000AH         LINE#         1747
  -------         ENDPROC       EXT_INT0
  -------         PROC          EXT_INT1
  C:000EH         LINE#         1749
  C:000EH         LINE#         1752
  -------         ENDPROC       EXT_INT1
  -------         PROC          P30_INIT
  C:2B88H         LINE#         1753
  C:2B88H         LINE#         1754
  C:2B8EH         LINE#         1755
  C:2BABH         LINE#         1760
  C:2BB4H         LINE#         1761
  C:2BB7H         LINE#         1762
  C:2BBAH         LINE#         1764
  C:2BBCH         LINE#         1765
  -------         ENDPROC       P30_INIT
BL51 BANKED LINKER/LOCATER V6.22                                                      02/22/2019  20:33:29  PAGE 34


  -------         PROC          EXTI1_INIT
  C:2CCFH         LINE#         1766
  C:2CCFH         LINE#         1767
  C:2CD5H         LINE#         1768
  C:2CF2H         LINE#         1769
  C:2CF4H         LINE#         1770
  C:2CF6H         LINE#         1771
  -------         ENDPROC       EXTI1_INIT
  -------         PROC          ENTER_DPD
  C:2E44H         LINE#         1772
  C:2E44H         LINE#         1773
  C:2E44H         LINE#         1775
  C:2E47H         LINE#         1776
  C:2E4AH         LINE#         1778
  C:2E4DH         LINE#         1780
  C:2E50H         LINE#         1782
  C:2E52H         LINE#         1783
  C:2E54H         LINE#         1784
  C:2E57H         LINE#         1785
  -------         ENDPROC       ENTER_DPD
  -------         PROC          MAIN_LOOP
  C:11BCH         LINE#         1787
  C:11BCH         LINE#         1788
  C:11BCH         LINE#         1789
  C:11BFH         LINE#         1790
  C:11C2H         LINE#         1791
  C:11C5H         LINE#         1795
  C:11C8H         LINE#         1797
  C:11D6H         LINE#         1798
  C:11DBH         LINE#         1799
  C:11E0H         LINE#         1800
  C:11E7H         LINE#         1801
  C:11EDH         LINE#         1802
  C:11F1H         LINE#         1803
  C:11F5H         LINE#         1804
  C:11FBH         LINE#         1805
  C:1202H         LINE#         1806
  C:1205H         LINE#         1808
  C:1208H         LINE#         1809
  C:1208H         LINE#         1810
  C:1208H         LINE#         1811
  C:120BH         LINE#         1813
  C:121AH         LINE#         1814
  C:121AH         LINE#         1816
  C:121FH         LINE#         1817
  C:1221H         LINE#         1828
  C:122BH         LINE#         1829
  C:1231H         LINE#         1830
  C:1237H         LINE#         1831
  C:123DH         LINE#         1832
  C:1241H         LINE#         1834
  C:1248H         LINE#         1835
  C:1261H         LINE#         1836
  C:127AH         LINE#         1837
  C:1293H         LINE#         1838
  C:12ACH         LINE#         1840
  C:12B3H         LINE#         1847
BL51 BANKED LINKER/LOCATER V6.22                                                      02/22/2019  20:33:29  PAGE 35


  C:12BAH         LINE#         1848
  C:12BEH         LINE#         1849
  C:12C2H         LINE#         1857
  C:12CBH         LINE#         1858
  C:12D6H         LINE#         1861
  C:12E5H         LINE#         1862
  C:12ECH         LINE#         1863
  C:12F1H         LINE#         1865
  C:1300H         LINE#         1866
  C:1300H         LINE#         1867
  C:1303H         LINE#         1877
  C:1312H         LINE#         1878
  C:1312H         LINE#         1879
  C:1314H         LINE#         1880
  C:1318H         LINE#         1881
  C:1318H         LINE#         1883
  C:1329H         LINE#         1884
  C:1329H         LINE#         1887
  C:132CH         LINE#         1894
  C:1339H         LINE#         1895
  C:133FH         LINE#         1896
  C:134DH         LINE#         1898
  C:135AH         LINE#         1901
  C:135DH         LINE#         1904
  C:1363H         LINE#         1905
  C:1365H         LINE#         1906
  C:1368H         LINE#         1907
  C:136FH         LINE#         1908
  C:1372H         LINE#         1910
  C:1372H         LINE#         1911
  C:1372H         LINE#         1912
  -------         ENDPROC       MAIN_LOOP
  -------         PROC          READ_TIME_SYSINFO
  C:000FH         LINE#         1915
  C:000FH         LINE#         1916
  C:000FH         LINE#         1931
  -------         ENDPROC       READ_TIME_SYSINFO
  -------         ENDMOD        COUNT

  -------         MODULE        DATAFLASH
[...]
  C:2E58H         LINE#         26
  C:2E58H         LINE#         28
  C:2E5AH         LINE#         29
  C:2E5CH         LINE#         30
  C:2E5FH         LINE#         31
  C:2E61H         LINE#         32
  C:2E64H         LINE#         33
BL51 BANKED LINKER/LOCATER V6.22                                                      02/22/2019  20:33:29  PAGE 40


  C:2E66H         LINE#         34
  -------         ENDPROC       I2C_START
  -------         PROC          I2C_STOP
  C:0FF6H         LINE#         38
  C:0FF6H         LINE#         39
  C:0FF6H         LINE#         40
  C:0FF8H         LINE#         42
  C:0FFAH         LINE#         43
  C:0FFDH         LINE#         45
  C:0FFFH         LINE#         47
  -------         ENDPROC       I2C_STOP
  -------         PROC          _I2C_SEND_BYTE
  D:0005H         SYMBOL        tx_data
  -------         DO            
  D:0004H         SYMBOL        i
  -------         ENDDO         
  C:2CF7H         LINE#         50
  C:2CF9H         LINE#         51
  C:2CF9H         LINE#         53
  C:2CFBH         LINE#         54
  C:2CFBH         LINE#         55
  C:2CFFH         LINE#         56
  C:2D03H         LINE#         58
  C:2D05H         LINE#         59
  C:2D09H         LINE#         61
  C:2D0BH         LINE#         62
  C:2D0EH         LINE#         63
  C:2D10H         LINE#         64
  C:2D13H         LINE#         65
  C:2D18H         LINE#         66
  -------         ENDPROC       _I2C_SEND_BYTE
  -------         PROC          L?0023
  -------         ENDPROC       L?0023
  -------         PROC          I2C_WAIT_ACK
  C:2D1CH         LINE#         68
  C:2D1CH         LINE#         69
  C:2D1CH         LINE#         71
  C:2D22H         LINE#         72
  C:2D24H         LINE#         73
  C:2D27H         LINE#         74
  C:2D2AH         LINE#         75
  C:2D2AH         LINE#         76
  C:2D2DH         LINE#         77
  C:2D2DH         LINE#         78
  C:2D2DH         LINE#         79
  C:2D30H         LINE#         80
  C:2D33H         LINE#         81
  C:2D33H         LINE#         82
  C:2D33H         LINE#         83
  C:2D33H         LINE#         84
  C:2D36H         LINE#         85
  C:2D38H         LINE#         86
  -------         ENDPROC       I2C_WAIT_ACK
  -------         PROC          _DVICE_WRITEDATA
  D:0004H         SYMBOL        DeciveAddr
  D:0002H         SYMBOL        DataAddr
  D:0003H         SYMBOL        Data
BL51 BANKED LINKER/LOCATER V6.22                                                      02/22/2019  20:33:29  PAGE 41


  C:2D39H         LINE#         89
  C:2D3DH         LINE#         90
  C:2D3DH         LINE#         91
  C:2D40H         LINE#         92
  C:2D42H         LINE#         93
  C:2D45H         LINE#         94
  C:2D47H         LINE#         95
  C:2D4AH         LINE#         96
  C:2D4FH         LINE#         97
  C:2D52H         LINE#         98
  -------         ENDPROC       _DVICE_WRITEDATA
  -------         PROC          I2C_ACK
  C:07F4H         LINE#         102
  C:07F4H         LINE#         103
  C:07F4H         LINE#         105
  C:07F6H         LINE#         106
  C:07F8H         LINE#         107
  C:07FBH         LINE#         108
  C:07FDH         LINE#         109
  -------         ENDPROC       I2C_ACK
  -------         PROC          I2C_READ_BYTE
  -------         DO            
  D:0005H         SYMBOL        i
  D:0004H         SYMBOL        receive
  -------         ENDDO         
  C:2C4FH         LINE#         112
  C:2C4FH         LINE#         113
  C:2C4FH         LINE#         114
  C:2C51H         LINE#         115
  C:2C52H         LINE#         117
  C:2C58H         LINE#         118
  C:2C58H         LINE#         119
  C:2C58H         LINE#         120
  C:2C5AH         LINE#         121
  C:2C5DH         LINE#         122
  C:2C5FH         LINE#         123
  C:2C62H         LINE#         124
  C:2C66H         LINE#         126
  C:2C69H         LINE#         127
  C:2C69H         LINE#         128
  C:2C6AH         LINE#         129
  C:2C6AH         LINE#         130
  C:2C6FH         LINE#         131
  C:2C75H         LINE#         132
  C:2C78H         LINE#         133
  C:2C7AH         LINE#         134
  -------         ENDPROC       I2C_READ_BYTE
  -------         ENDMOD        I2C

  -------         MODULE        DS1302
  C:0000H         SYMBOL        _ICE_DUMMY_
  D:00B1H         PUBLIC        P0M1
  D:00B2H         PUBLIC        P0M2
  D:0080H         PUBLIC        P0
  D:0090H         PUBLIC        P1
  D:00A0H         PUBLIC        P2
  D:00B0H         PUBLIC        P3
BL51 BANKED LINKER/LOCATER V6.22                                                      02/22/2019  20:33:29  PAGE 42


  C:2E20H         PUBLIC        _ds1302writebyte
  D:00D8H         PUBLIC        PWMCON0
  C:2E79H         PUBLIC        _Delay1us
  D:00A8H         PUBLIC        IE
  D:00B8H         PUBLIC        IP
  C:2E04H         PUBLIC        _ds1303_update_sec
  C:2DEEH         PUBLIC        _ds1303_update_min
  B:0080H.0       PUBLIC        P00
  B:0080H.1       PUBLIC        P01
  B:0080H.3       PUBLIC        P03
  D:0098H         PUBLIC        SCON
  D:0088H         PUBLIC        TCON
  C:0016H         PUBLIC        _ds1302_dpd
  C:2DD8H         PUBLIC        _ds1303_update_hr
  C:22F3H         PUBLIC        _readtimer
  D:00F8H         PUBLIC        SCON_1
  C:2D59H         PUBLIC        _hex_bcd
  C:2E33H         PUBLIC        _bcd_hex
  C:2582H         PUBLIC        _writetimer
  C:27C7H         PUBLIC        readbyte
  D:00E8H         PUBLIC        ADCCON0
  D:00C0H         PUBLIC        I2CON
  C:2961H         PUBLIC        Init1302
  C:2BF6H         PUBLIC        _writebyte
  D:00C8H         PUBLIC        T2CON
  C:17F2H         PUBLIC        _ds1302readbyte
  D:00D0H         PUBLIC        PSW
  -------         PROC          _DELAY1US
  D:0007H         SYMBOL        x
  C:2E79H         LINE#         9
  C:2E79H         LINE#         10
  C:2E79H         LINE#         11
  C:2E7FH         LINE#         12
  -------         ENDPROC       _DELAY1US
  -------         PROC          L?0040
  -------         ENDPROC       L?0040
  -------         PROC          _WRITEBYTE
  D:0005H         SYMBOL        x
  -------         DO            
  D:0004H         SYMBOL        i
  -------         ENDDO         
  C:2BF6H         LINE#         27
  C:2BF8H         LINE#         28
  C:2BF8H         LINE#         30
  C:2BFAH         LINE#         31
  C:2BFFH         LINE#         33
  C:2C01H         LINE#         34
  C:2C01H         LINE#         35
  C:2C05H         LINE#         36
  C:2C09H         LINE#         38
  C:2C0BH         LINE#         39
  C:2C10H         LINE#         40
  C:2C12H         LINE#         41
  C:2C17H         LINE#         42
  C:2C19H         LINE#         43
  C:2C1DH         LINE#         44
  C:2C22H         LINE#         45
BL51 BANKED LINKER/LOCATER V6.22                                                      02/22/2019  20:33:29  PAGE 43


  -------         ENDPROC       _WRITEBYTE
  -------         PROC          READBYTE
  -------         DO            
  D:0004H         SYMBOL        i
  D:0005H         SYMBOL        dt
  -------         ENDDO         
  C:27C7H         LINE#         47
  C:27C7H         LINE#         48
  C:27C7H         LINE#         51
  C:27D3H         LINE#         52
  C:27D8H         LINE#         53
  C:27DAH         LINE#         54
  C:27DAH         LINE#         55
  C:27DEH         LINE#         56
  C:27E1H         LINE#         57
  C:27E1H         LINE#         58
  C:27E4H         LINE#         59
  C:27E4H         LINE#         60
  C:27E6H         LINE#         61
  C:27EBH         LINE#         62
  C:27EDH         LINE#         63
  C:27F2H         LINE#         64
  C:27F7H         LINE#         65
  C:27FDH         LINE#         66
  C:27FFH         LINE#         67
  -------         ENDPROC       READBYTE
  C:2E1AH         SYMBOL        L?0034
  C:2E1CH         SYMBOL        L?0035
  -------         PROC          L?0033
  -------         ENDPROC       L?0033
  C:2E1AH         SYMBOL        L?0034
  C:2E1CH         SYMBOL        L?0035
  -------         PROC          _DS1302WRITEBYTE
  D:0007H         SYMBOL        cmd
  D:0003H         SYMBOL        dt
  C:2E20H         LINE#         69
  C:2E22H         LINE#         70
  C:2E22H         LINE#         71
  C:2E22H         LINE#         72
  C:2E22H         LINE#         73
  C:2E22H         LINE#         74
  C:2E25H         LINE#         75
  C:2E2AH         LINE#         76
  C:2E2CH         LINE#         77
  C:2E2EH         LINE#         78
  -------         ENDPROC       _DS1302WRITEBYTE
  -------         PROC          _DS1302READBYTE
  D:0007H         SYMBOL        cmd
  -------         DO            
  D:0007H         SYMBOL        dt
  -------         ENDDO         
  C:17F2H         LINE#         80
  C:17F2H         LINE#         81
  C:17F2H         LINE#         83
  C:17F2H         LINE#         84
  C:17F2H         LINE#         85
  C:17F2H         LINE#         86
BL51 BANKED LINKER/LOCATER V6.22                                                      02/22/2019  20:33:29  PAGE 44


  C:17F5H         LINE#         87
  C:17F8H         LINE#         88
  C:17FAH         LINE#         89
  C:17FCH         LINE#         90
  C:17FCH         LINE#         91
  -------         ENDPROC       _DS1302READBYTE
  -------         PROC          _DS1302_DPD
  D:0002H         SYMBOL        dpd
  -------         DO            
  D:0007H         SYMBOL        t
  -------         ENDDO         
  C:0016H         LINE#         94
  C:0016H         LINE#         95
  C:0016H         LINE#         97
  C:0019H         LINE#         98
  C:001EH         LINE#         99
  C:0021H         LINE#         100
  C:0027H         LINE#         102
  C:002BH         LINE#         103
  C:0032H         LINE#         104
  -------         ENDPROC       _DS1302_DPD
  -------         PROC          INIT1302
  C:2961H         LINE#         107
  C:2961H         LINE#         108
  C:2961H         LINE#         109
  C:2967H         LINE#         110
  C:296DH         LINE#         111
  C:2973H         LINE#         113
  C:2975H         LINE#         114
  C:2977H         LINE#         115
  C:2979H         LINE#         118
  C:2983H         LINE#         120
  C:2986H         LINE#         122
  C:298DH         LINE#         123
  C:2994H         LINE#         124
  C:299BH         LINE#         125
  C:29A2H         LINE#         126
  C:29A9H         LINE#         127
  C:29B0H         LINE#         128
  C:29B7H         LINE#         130
  C:29BEH         LINE#         133
  C:29C5H         LINE#         135
  C:29CCH         LINE#         137
  -------         ENDPROC       INIT1302
  C:2E2FH         SYMBOL        L?0037
  -------         PROC          L?0036
  -------         ENDPROC       L?0036
  C:2E2FH         SYMBOL        L?0037
  -------         PROC          _BCD_HEX
  D:0007H         SYMBOL        x
  -------         DO            
  D:0006H         SYMBOL        temp
  -------         ENDDO         
  C:2E33H         LINE#         139
  C:2E33H         LINE#         140
  C:2E33H         LINE#         142
  C:2E36H         LINE#         143
BL51 BANKED LINKER/LOCATER V6.22                                                      02/22/2019  20:33:29  PAGE 45


  C:2E39H         LINE#         144
  C:2E3EH         LINE#         145
  C:2E42H         LINE#         146
  C:2E43H         LINE#         147
  -------         ENDPROC       _BCD_HEX
  C:2D55H         SYMBOL        L?0039
  -------         PROC          L?0038
  -------         ENDPROC       L?0038
  C:2D55H         SYMBOL        L?0039
  -------         PROC          _HEX_BCD
  D:0007H         SYMBOL        x
  -------         DO            
  D:0006H         SYMBOL        temp
  -------         ENDDO         
  C:2D59H         LINE#         149
  C:2D59H         LINE#         150
  C:2D59H         LINE#         152
  C:2D5BH         LINE#         153
  C:2D5BH         LINE#         154
  C:2D5BH         LINE#         155
  C:2D61H         LINE#         156
  C:2D61H         LINE#         157
  C:2D65H         LINE#         158
  C:2D69H         LINE#         159
  C:2D6BH         LINE#         161
  C:2D6BH         LINE#         162
  C:2D6EH         LINE#         163
  C:2D6EH         LINE#         164
  C:2D6EH         LINE#         165
  C:2D6EH         LINE#         166
  C:2D70H         LINE#         167
  -------         ENDPROC       _HEX_BCD
  -------         PROC          _READTIMER
  D:0001H         SYMBOL        time
  C:22F3H         LINE#         169
  C:22F3H         LINE#         170
  C:22F3H         LINE#         172
  C:22FCH         LINE#         173
  C:2308H         LINE#         174
  C:2314H         LINE#         175
  C:2320H         LINE#         176
  C:232CH         LINE#         177
  C:2338H         LINE#         178
  C:234BH         LINE#         180
  C:2356H         LINE#         181
  C:2363H         LINE#         182
  C:2370H         LINE#         183
  C:237DH         LINE#         184
  C:238AH         LINE#         185
  C:2397H         LINE#         186
  -------         ENDPROC       _READTIMER
  -------         PROC          _WRITETIMER
  X:0144H         SYMBOL        time
  -------         DO            
  D:0007H         SYMBOL        temp
  -------         ENDDO         
  C:2582H         LINE#         189
BL51 BANKED LINKER/LOCATER V6.22                                                      02/22/2019  20:33:29  PAGE 46


  C:2588H         LINE#         190
  C:2588H         LINE#         192
  C:258BH         LINE#         193
  C:2592H         LINE#         195
  C:259FH         LINE#         196
  C:25A6H         LINE#         197
  C:25B2H         LINE#         198
  C:25B9H         LINE#         199
  C:25C5H         LINE#         200
  C:25CCH         LINE#         201
  C:25D8H         LINE#         202
  C:25DFH         LINE#         203
  C:25EBH         LINE#         204
  C:25F2H         LINE#         208
  C:2602H         LINE#         209
  C:2609H         LINE#         211
  C:2610H         LINE#         213
  -------         ENDPROC       _WRITETIMER
  -------         PROC          _DS1303_UPDATE_HR
  D:0002H         SYMBOL        hr
  -------         DO            
  D:0007H         SYMBOL        temp
  -------         ENDDO         
  C:2DD8H         LINE#         217
  C:2DD8H         LINE#         218
  C:2DD8H         LINE#         220
  C:2DDBH         LINE#         222
  C:2DE0H         LINE#         223
  C:2DE7H         LINE#         225
  -------         ENDPROC       _DS1303_UPDATE_HR
  -------         PROC          _DS1303_UPDATE_MIN
  D:0002H         SYMBOL        min
  -------         DO            
  D:0007H         SYMBOL        temp
  -------         ENDDO         
  C:2DEEH         LINE#         227
  C:2DEEH         LINE#         228
  C:2DEEH         LINE#         230
  C:2DF1H         LINE#         232
  C:2DF6H         LINE#         233
  C:2DFDH         LINE#         235
  -------         ENDPROC       _DS1303_UPDATE_MIN
  -------         PROC          _DS1303_UPDATE_SEC
  D:0002H         SYMBOL        sec
  -------         DO            
  D:0007H         SYMBOL        temp
  -------         ENDDO         
  C:2E04H         LINE#         237
  C:2E04H         LINE#         238
  C:2E04H         LINE#         240
  C:2E07H         LINE#         242
  C:2E0CH         LINE#         243
  C:2E13H         LINE#         245
  -------         ENDPROC       _DS1303_UPDATE_SEC
  -------         ENDMOD        DS1302

  -------         MODULE        ?C_STARTUP
BL51 BANKED LINKER/LOCATER V6.22                                                      02/22/2019  20:33:29  PAGE 47


  C:0F4AH         SEGMENT       ?C_C51STARTUP
  I:0021H         SEGMENT       ?STACK
  C:0000H         PUBLIC        ?C_STARTUP
  D:00E0H         SYMBOL        ACC
  D:00F0H         SYMBOL        B
  D:0083H         SYMBOL        DPH
  D:0082H         SYMBOL        DPL
  N:0000H         SYMBOL        IBPSTACK
  N:0100H         SYMBOL        IBPSTACKTOP
  N:0080H         SYMBOL        IDATALEN
  C:0F5FH         SYMBOL        IDATALOOP
  N:0000H         SYMBOL        PBPSTACK
  N:0000H         SYMBOL        PBPSTACKTOP
  N:0000H         SYMBOL        PDATALEN
  N:0000H         SYMBOL        PDATASTART
  N:0000H         SYMBOL        PPAGE
  N:0000H         SYMBOL        PPAGEENABLE
  D:00A0H         SYMBOL        PPAGE_SFR
  D:0081H         SYMBOL        SP
  C:0F4AH         SYMBOL        STARTUP1
  N:0000H         SYMBOL        XBPSTACK
  N:0000H         SYMBOL        XBPSTACKTOP
  N:02FFH         SYMBOL        XDATALEN
  C:0F6AH         SYMBOL        XDATALOOP
  N:0000H         SYMBOL        XDATASTART
  C:0000H         LINE#         94
  C:0F4AH         LINE#         100
  C:0F4DH         LINE#         101
  C:0F50H         LINE#         102
  C:0F53H         LINE#         104
  C:0F56H         LINE#         105
  C:0F59H         LINE#         106
  C:0F5CH         LINE#         109
  C:0F5EH         LINE#         110
  C:0F5FH         LINE#         111
  C:0F60H         LINE#         112
  C:0F62H         LINE#         116
  C:0F65H         LINE#         117
  C:0F67H         LINE#         119
  C:0F69H         LINE#         123
  C:0F6AH         LINE#         124
  C:0F6BH         LINE#         125
  C:0F6CH         LINE#         126
  C:0F6EH         LINE#         127
  C:0F70H         LINE#         161
  C:0F73H         LINE#         165
  -------         ENDMOD        ?C_STARTUP

  -------         MODULE        ?C?CLDPTR
  C:1373H         PUBLIC        ?C?CLDPTR
  -------         ENDMOD        ?C?CLDPTR

  -------         MODULE        ?C?CLDOPTR
  C:138CH         PUBLIC        ?C?CLDOPTR
  -------         ENDMOD        ?C?CLDOPTR

  -------         MODULE        ?C?CSTPTR
BL51 BANKED LINKER/LOCATER V6.22                                                      02/22/2019  20:33:29  PAGE 48


  C:13B9H         PUBLIC        ?C?CSTPTR
  -------         ENDMOD        ?C?CSTPTR

  -------         MODULE        ?C?CSTOPTR
  C:13CBH         PUBLIC        ?C?CSTOPTR
  -------         ENDMOD        ?C?CSTOPTR

  -------         MODULE        ?C?IILDX
  C:13EDH         PUBLIC        ?C?IILDX
  -------         ENDMOD        ?C?IILDX

  -------         MODULE        ?C?ILDIX
  C:1403H         PUBLIC        ?C?ILDIX
  -------         ENDMOD        ?C?ILDIX

  -------         MODULE        ?C?ILDOPTR
  C:1419H         PUBLIC        ?C?ILDOPTR
  -------         ENDMOD        ?C?ILDOPTR

  -------         MODULE        ?C?ISTOPTR
  C:1451H         PUBLIC        ?C?ISTOPTR
  -------         ENDMOD        ?C?ISTOPTR

  -------         MODULE        ?C?LSUB
  C:147EH         PUBLIC        ?C?LSUB
  -------         ENDMOD        ?C?LSUB

  -------         MODULE        ?C?ULCMP
  C:148CH         PUBLIC        ?C?ULCMP
  -------         ENDMOD        ?C?ULCMP

  -------         MODULE        ?C?LLDXDATA
  C:149DH         PUBLIC        ?C?LLDXDATA
  -------         ENDMOD        ?C?LLDXDATA

  -------         MODULE        ?C?LLDXDATA0
  C:14A9H         PUBLIC        ?C?LLDXDATA0
  -------         ENDMOD        ?C?LLDXDATA0

  -------         MODULE        ?C?LSTXDATA
  C:14B5H         PUBLIC        ?C?LSTXDATA
  -------         ENDMOD        ?C?LSTXDATA

  -------         MODULE        ?C?LSTKXDATA
  C:14C1H         PUBLIC        ?C?LSTKXDATA
  -------         ENDMOD        ?C?LSTKXDATA

  -------         MODULE        ?C?PLDXDATA
  C:14F2H         PUBLIC        ?C?PLDXDATA
  -------         ENDMOD        ?C?PLDXDATA

  -------         MODULE        ?C?PSTXDATA
  C:14FBH         PUBLIC        ?C?PSTXDATA
  -------         ENDMOD        ?C?PSTXDATA

Program Size: data=9.1 xdata=328 code=11895
LINK/LOCATE RUN COMPLETE.  0 WARNING(S),  0 ERROR(S)
